Component: ARM Compiler 5.06 update 6 (build 750) Tool: armlink [4d35ed]

==============================================================================

Section Cross References

    main.o(i.ins_task) refers to ins_task.o(i.bmi_get) for bmi_get
    main.o(i.ins_task) refers to tasks.o(i.vTaskDelay) for vTaskDelay
    main.o(i.main) refers to misc.o(i.NVIC_PriorityGroupConfig) for NVIC_PriorityGroupConfig
    main.o(i.main) refers to delay.o(i.delay_init) for delay_init
    main.o(i.main) refers to delay.o(i.delay_ms) for delay_ms
    main.o(i.main) refers to vision.o(i.vision_init) for vision_init
    main.o(i.main) refers to bmi088_int.o(i.bim088_spi_init) for bim088_spi_init
    main.o(i.main) refers to bmi088driver.o(i.BMI088_init) for BMI088_init
    main.o(i.main) refers to led.o(i.LED_Init) for LED_Init
    main.o(i.main) refers to tasks.o(i.xTaskCreate) for xTaskCreate
    main.o(i.main) refers to tasks.o(i.vTaskStartScheduler) for vTaskStartScheduler
    main.o(i.main) refers to main.o(.data) for a
    main.o(i.main) refers to main.o(i.start_task) for start_task
    main.o(i.start_task) refers to port.o(i.vPortEnterCritical) for vPortEnterCritical
    main.o(i.start_task) refers to tasks.o(i.xTaskCreate) for xTaskCreate
    main.o(i.start_task) refers to tasks.o(i.vTaskDelete) for vTaskDelete
    main.o(i.start_task) refers to port.o(i.vPortExitCritical) for vPortExitCritical
    main.o(i.start_task) refers to main.o(.data) for INSTask_Handler
    main.o(i.start_task) refers to main.o(i.ins_task) for ins_task
    system_stm32f4xx.o(i.SystemCoreClockUpdate) refers to system_stm32f4xx.o(.data) for SystemCoreClock
    system_stm32f4xx.o(i.SystemInit) refers to system_stm32f4xx.o(i.SetSysClock) for SetSysClock
    startup_stm32f40_41xxx.o(STACK) refers (Special) to heapauxi.o(.text) for __use_two_region_memory
    startup_stm32f40_41xxx.o(HEAP) refers (Special) to heapauxi.o(.text) for __use_two_region_memory
    startup_stm32f40_41xxx.o(RESET) refers (Special) to heapauxi.o(.text) for __use_two_region_memory
    startup_stm32f40_41xxx.o(RESET) refers to startup_stm32f40_41xxx.o(STACK) for __initial_sp
    startup_stm32f40_41xxx.o(RESET) refers to startup_stm32f40_41xxx.o(.text) for Reset_Handler
    startup_stm32f40_41xxx.o(RESET) refers to stm32f4xx_it.o(i.NMI_Handler) for NMI_Handler
    startup_stm32f40_41xxx.o(RESET) refers to stm32f4xx_it.o(i.HardFault_Handler) for HardFault_Handler
    startup_stm32f40_41xxx.o(RESET) refers to stm32f4xx_it.o(i.MemManage_Handler) for MemManage_Handler
    startup_stm32f40_41xxx.o(RESET) refers to stm32f4xx_it.o(i.BusFault_Handler) for BusFault_Handler
    startup_stm32f40_41xxx.o(RESET) refers to stm32f4xx_it.o(i.UsageFault_Handler) for UsageFault_Handler
    startup_stm32f40_41xxx.o(RESET) refers to port.o(.emb_text) for SVC_Handler
    startup_stm32f40_41xxx.o(RESET) refers to stm32f4xx_it.o(i.DebugMon_Handler) for DebugMon_Handler
    startup_stm32f40_41xxx.o(RESET) refers to delay.o(i.SysTick_Handler) for SysTick_Handler
    startup_stm32f40_41xxx.o(RESET) refers to usart.o(i.USART1_IRQHandler) for USART1_IRQHandler
    startup_stm32f40_41xxx.o(.text) refers (Special) to heapauxi.o(.text) for __use_two_region_memory
    startup_stm32f40_41xxx.o(.text) refers to system_stm32f4xx.o(i.SystemInit) for SystemInit
    startup_stm32f40_41xxx.o(.text) refers to __main.o(!!!main) for __main
    startup_stm32f40_41xxx.o(.text) refers to startup_stm32f40_41xxx.o(HEAP) for Heap_Mem
    startup_stm32f40_41xxx.o(.text) refers to startup_stm32f40_41xxx.o(STACK) for Stack_Mem
    delay.o(i.SysTick_Handler) refers to tasks.o(i.xTaskGetSchedulerState) for xTaskGetSchedulerState
    delay.o(i.SysTick_Handler) refers to port.o(i.xPortSysTickHandler) for xPortSysTickHandler
    delay.o(i.delay_init) refers to misc.o(i.SysTick_CLKSourceConfig) for SysTick_CLKSourceConfig
    delay.o(i.delay_init) refers to delay.o(.data) for fac_us
    delay.o(i.delay_ms) refers to tasks.o(i.xTaskGetSchedulerState) for xTaskGetSchedulerState
    delay.o(i.delay_ms) refers to tasks.o(i.vTaskDelay) for vTaskDelay
    delay.o(i.delay_ms) refers to delay.o(i.delay_us) for delay_us
    delay.o(i.delay_ms) refers to delay.o(.data) for fac_ms
    delay.o(i.delay_us) refers to delay.o(.data) for fac_us
    delay.o(i.delay_xms) refers to delay.o(i.delay_us) for delay_us
    usart.o(.rev16_text) refers (Special) to use_no_semi_2.o(.text) for __use_no_semihosting
    usart.o(.revsh_text) refers (Special) to use_no_semi_2.o(.text) for __use_no_semihosting
    usart.o(i.USART1_IRQHandler) refers (Special) to use_no_semi_2.o(.text) for __use_no_semihosting
    usart.o(i.USART1_IRQHandler) refers to stm32f4xx_usart.o(i.USART_GetITStatus) for USART_GetITStatus
    usart.o(i.USART1_IRQHandler) refers to stm32f4xx_usart.o(i.USART_ReceiveData) for USART_ReceiveData
    usart.o(i.USART1_IRQHandler) refers to usart.o(.data) for USART_RX_STA
    usart.o(i.USART1_IRQHandler) refers to usart.o(.bss) for USART_RX_BUF
[...]
    i.vTaskMissedYield                       0x08003cb4   Section        0  tasks.o(i.vTaskMissedYield)
    i.vTaskPlaceOnEventList                  0x08003cc0   Section        0  tasks.o(i.vTaskPlaceOnEventList)
    i.vTaskPlaceOnEventListRestricted        0x08003d14   Section        0  tasks.o(i.vTaskPlaceOnEventListRestricted)
    i.vTaskPriorityInherit                   0x08003d70   Section        0  tasks.o(i.vTaskPriorityInherit)
    i.vTaskSetTimeOutState                   0x08003e20   Section        0  tasks.o(i.vTaskSetTimeOutState)
    i.vTaskStartScheduler                    0x08003e6c   Section        0  tasks.o(i.vTaskStartScheduler)
    i.vTaskSuspendAll                        0x08003f18   Section        0  tasks.o(i.vTaskSuspendAll)
    i.vTaskSwitchContext                     0x08003f28   Section        0  tasks.o(i.vTaskSwitchContext)
    i.vision_init                            0x08003fd0   Section        0  vision.o(i.vision_init)
    i.xPortStartScheduler                    0x08004090   Section        0  port.o(i.xPortStartScheduler)
    i.xPortSysTickHandler                    0x080041ec   Section        0  port.o(i.xPortSysTickHandler)
    i.xQueueGenericCreate                    0x08004220   Section        0  queue.o(i.xQueueGenericCreate)
    i.xQueueGenericReceive                   0x08004294   Section        0  queue.o(i.xQueueGenericReceive)
    i.xQueueGenericReset                     0x0800445c   Section        0  queue.o(i.xQueueGenericReset)
    i.xQueueGenericSend                      0x0800450c   Section        0  queue.o(i.xQueueGenericSend)
    i.xQueueGenericSendFromISR               0x080046d0   Section        0  queue.o(i.xQueueGenericSendFromISR)
    i.xTaskCheckForTimeOut                   0x080047e0   Section        0  tasks.o(i.xTaskCheckForTimeOut)
    i.xTaskCreate                            0x08004880   Section        0  tasks.o(i.xTaskCreate)
    i.xTaskGetSchedulerState                 0x080048e0   Section        0  tasks.o(i.xTaskGetSchedulerState)
    i.xTaskGetTickCount                      0x08004900   Section        0  tasks.o(i.xTaskGetTickCount)
    i.xTaskIncrementTick                     0x0800490c   Section        0  tasks.o(i.xTaskIncrementTick)
    i.xTaskPriorityDisinherit                0x08004a6c   Section        0  tasks.o(i.xTaskPriorityDisinherit)
    i.xTaskRemoveFromEventList               0x08004b44   Section        0  tasks.o(i.xTaskRemoveFromEventList)
    i.xTaskResumeAll                         0x08004bf8   Section        0  tasks.o(i.xTaskResumeAll)
    i.xTimerCreateTimerTask                  0x08004d18   Section        0  timers.o(i.xTimerCreateTimerTask)
    i.xTimerGenericCommand                   0x08004d8c   Section        0  timers.o(i.xTimerGenericCommand)
    x$fpl$basic                              0x08004e30   Section       24  basic.o(x$fpl$basic)
    $v0                                      0x08004e30   Number         0  basic.o(x$fpl$basic)
    x$fpl$d2f                                0x08004e48   Section       98  d2f.o(x$fpl$d2f)
    $v0                                      0x08004e48   Number         0  d2f.o(x$fpl$d2f)
    x$fpl$dadd                               0x08004eac   Section      336  daddsub_clz.o(x$fpl$dadd)
    $v0                                      0x08004eac   Number         0  daddsub_clz.o(x$fpl$dadd)
    _dadd1                                   0x08004ebd   Thumb Code     0  daddsub_clz.o(x$fpl$dadd)
    x$fpl$ddiv                               0x08004ffc   Section      688  ddiv.o(x$fpl$ddiv)
    $v0                                      0x08004ffc   Number         0  ddiv.o(x$fpl$ddiv)
    ddiv_entry                               0x08005003   Thumb Code     0  ddiv.o(x$fpl$ddiv)
    x$fpl$dmul                               0x080052ac   Section      340  dmul.o(x$fpl$dmul)
    $v0                                      0x080052ac   Number         0  dmul.o(x$fpl$dmul)
    x$fpl$dnaninf                            0x08005400   Section      156  dnaninf.o(x$fpl$dnaninf)
    $v0                                      0x08005400   Number         0  dnaninf.o(x$fpl$dnaninf)
    x$fpl$dretinf                            0x0800549c   Section       12  dretinf.o(x$fpl$dretinf)
    $v0                                      0x0800549c   Number         0  dretinf.o(x$fpl$dretinf)
    x$fpl$drsb                               0x080054a8   Section       22  daddsub_clz.o(x$fpl$drsb)
    $v0                                      0x080054a8   Number         0  daddsub_clz.o(x$fpl$drsb)
    x$fpl$dsqrt                              0x080054c0   Section      408  dsqrt_umaal.o(x$fpl$dsqrt)
    $v0                                      0x080054c0   Number         0  dsqrt_umaal.o(x$fpl$dsqrt)
    x$fpl$dsub                               0x08005658   Section      468  daddsub_clz.o(x$fpl$dsub)
    $v0                                      0x08005658   Number         0  daddsub_clz.o(x$fpl$dsub)
    _dsub1                                   0x08005669   Thumb Code     0  daddsub_clz.o(x$fpl$dsub)
    x$fpl$f2d                                0x0800582c   Section       86  f2d.o(x$fpl$f2d)
    $v0                                      0x0800582c   Number         0  f2d.o(x$fpl$f2d)
    x$fpl$fnaninf                            0x08005882   Section      140  fnaninf.o(x$fpl$fnaninf)
    $v0                                      0x08005882   Number         0  fnaninf.o(x$fpl$fnaninf)
    x$fpl$fpinit                             0x0800590e   Section       10  fpinit.o(x$fpl$fpinit)
    $v0                                      0x0800590e   Number         0  fpinit.o(x$fpl$fpinit)
    x$fpl$fretinf                            0x08005918   Section       10  fretinf.o(x$fpl$fretinf)
    $v0                                      0x08005918   Number         0  fretinf.o(x$fpl$fretinf)
    x$fpl$usenofp                            0x08005922   Section        0  usenofp.o(x$fpl$usenofp)
    .constdata                               0x08005928   Section       80  asin.o(.constdata)
    pS                                       0x08005928   Data          48  asin.o(.constdata)
    qS                                       0x08005958   Data          32  asin.o(.constdata)
    .constdata                               0x08005978   Section      152  atan.o(.constdata)
    atanhi                                   0x08005978   Data          32  atan.o(.constdata)
    atanlo                                   0x08005998   Data          32  atan.o(.constdata)
    aTodd                                    0x080059b8   Data          40  atan.o(.constdata)
    aTeven                                   0x080059e0   Data          48  atan.o(.constdata)
    .constdata                               0x08005a10   Section        8  qnan.o(.constdata)
    .data                                    0x20000000   Section       12  main.o(.data)
    .data                                    0x2000000c   Section       20  system_stm32f4xx.o(.data)
    .data                                    0x20000020   Section        4  delay.o(.data)
    fac_us                                   0x20000020   Data           1  delay.o(.data)
    fac_ms                                   0x20000022   Data           2  delay.o(.data)
    .data                                    0x20000024   Section        6  usart.o(.data)
    .data                                    0x2000002a   Section       16  stm32f4xx_rcc.o(.data)
    APBAHBPrescTable                         0x2000002a   Data          16  stm32f4xx_rcc.o(.data)
    .data                                    0x2000003c   Section       60  tasks.o(.data)
    pxDelayedTaskList                        0x20000040   Data           4  tasks.o(.data)
    pxOverflowDelayedTaskList                0x20000044   Data           4  tasks.o(.data)
    uxDeletedTasksWaitingCleanUp             0x20000048   Data           4  tasks.o(.data)
    uxCurrentNumberOfTasks                   0x2000004c   Data           4  tasks.o(.data)
    xTickCount                               0x20000050   Data           4  tasks.o(.data)
    uxTopReadyPriority                       0x20000054   Data           4  tasks.o(.data)
    xSchedulerRunning                        0x20000058   Data           4  tasks.o(.data)
    uxPendedTicks                            0x2000005c   Data           4  tasks.o(.data)
    xYieldPending                            0x20000060   Data           4  tasks.o(.data)
    xNumOfOverflows                          0x20000064   Data           4  tasks.o(.data)
    uxTaskNumber                             0x20000068   Data           4  tasks.o(.data)
    xNextTaskUnblockTime                     0x2000006c   Data           4  tasks.o(.data)
    xIdleTaskHandle                          0x20000070   Data           4  tasks.o(.data)
    uxSchedulerSuspended                     0x20000074   Data           4  tasks.o(.data)
    .data                                    0x20000078   Section       20  timers.o(.data)
    pxCurrentTimerList                       0x20000078   Data           4  timers.o(.data)
    pxOverflowTimerList                      0x2000007c   Data           4  timers.o(.data)
    xTimerQueue                              0x20000080   Data           4  timers.o(.data)
    xTimerTaskHandle                         0x20000084   Data           4  timers.o(.data)
    xLastTime                                0x20000088   Data           4  timers.o(.data)
    .data                                    0x2000008c   Section       12  port.o(.data)
    uxCriticalNesting                        0x2000008c   Data           4  port.o(.data)
    ucMaxSysCallPriority                     0x20000090   Data           1  port.o(.data)
    ulMaxPRIGROUPValue                       0x20000094   Data           4  port.o(.data)
    .data                                    0x20000098   Section       24  heap_4.o(.data)
    xStart                                   0x20000098   Data           8  heap_4.o(.data)
    pxEnd                                    0x200000a0   Data           4  heap_4.o(.data)
    xFreeBytesRemaining                      0x200000a4   Data           4  heap_4.o(.data)
    xMinimumEverFreeBytesRemaining           0x200000a8   Data           4  heap_4.o(.data)
    xBlockAllocatedBit                       0x200000ac   Data           4  heap_4.o(.data)
    .data                                    0x200000b0   Section       44  bmi088driver.o(.data)
    write_BMI088_accel_reg_data_error        0x200000b8   Data          18  bmi088driver.o(.data)
    write_BMI088_gyro_reg_data_error         0x200000ca   Data          18  bmi088driver.o(.data)
    .data                                    0x200000dc   Section      132  ins_task.o(.data)
    .bss                                     0x20000160   Section      200  usart.o(.bss)
    .bss                                     0x20000228   Section       64  queue.o(.bss)
    .bss                                     0x20000268   Section      740  tasks.o(.bss)
    pxReadyTasksLists                        0x20000268   Data         640  tasks.o(.bss)
    xDelayedTaskList1                        0x200004e8   Data          20  tasks.o(.bss)
    xDelayedTaskList2                        0x200004fc   Data          20  tasks.o(.bss)
    xPendingReadyList                        0x20000510   Data          20  tasks.o(.bss)
    xTasksWaitingTermination                 0x20000524   Data          20  tasks.o(.bss)
    xSuspendedTaskList                       0x20000538   Data          20  tasks.o(.bss)
    .bss                                     0x2000054c   Section       40  timers.o(.bss)
    xActiveTimerList1                        0x2000054c   Data          20  timers.o(.bss)
    xActiveTimerList2                        0x20000560   Data          20  timers.o(.bss)
    .bss                                     0x20000574   Section    20480  heap_4.o(.bss)
    ucHeap                                   0x20000574   Data       20480  heap_4.o(.bss)
    .bss                                     0x20005574   Section       72  ins_task.o(.bss)
    .bss                                     0x200055bc   Section       96  libspace.o(.bss)
    HEAP                                     0x20005620   Section      512  startup_stm32f40_41xxx.o(HEAP)
    Heap_Mem                                 0x20005620   Data         512  startup_stm32f40_41xxx.o(HEAP)
    STACK                                    0x20005820   Section     1024  startup_stm32f40_41xxx.o(STACK)
    Stack_Mem                                0x20005820   Data        1024  startup_stm32f40_41xxx.o(STACK)
    __initial_sp                             0x20005c20   Data           0  startup_stm32f40_41xxx.o(STACK)

    Global Symbols

    Symbol Name                              Value     Ov Type        Size  Object(Section)

    BuildAttributes$$THM_ISAv4$E$P$D$K$B$S$7EM$VFPi3$EXTD16$VFPS$VFMA$PE$A:L22UL41UL21$X:L11$S22US41US21$IEEE1$IW$USESV6$~STKCKD$USESV7$~SHL$OTIME$ROPI$IEEEX$EBA8$UX$STANDARDLIB$REQ8$PRES8$EABIv2 0x00000000   Number         0  anon$$obj.o ABSOLUTE
    __ARM_use_no_argv                        0x00000000   Number         0  main.o ABSOLUTE
    __ARM_exceptions_init                     - Undefined Weak Reference
    __alloca_initialize                       - Undefined Weak Reference
    __arm_preinit_                            - Undefined Weak Reference
    __cpp_initialize__aeabi_                  - Undefined Weak Reference
    __cxa_finalize                            - Undefined Weak Reference
    __rt_locale                               - Undefined Weak Reference
    __sigvec_lookup                           - Undefined Weak Reference
    _atexit_init                              - Undefined Weak Reference
    _call_atexit_fns                          - Undefined Weak Reference
    _clock_init                               - Undefined Weak Reference
    _fp_trap_init                             - Undefined Weak Reference
    _fp_trap_shutdown                         - Undefined Weak Reference
    _get_lc_collate                           - Undefined Weak Reference
    _get_lc_ctype                             - Undefined Weak Reference
    _get_lc_monetary                          - Undefined Weak Reference
    _get_lc_numeric                           - Undefined Weak Reference
    _get_lc_time                              - Undefined Weak Reference
    _getenv_init                              - Undefined Weak Reference
    _handle_redirection                       - Undefined Weak Reference
    _init_alloc                               - Undefined Weak Reference
    _init_user_alloc                          - Undefined Weak Reference
    _initio                                   - Undefined Weak Reference
    _mutex_acquire                            - Undefined Weak Reference
    _mutex_release                            - Undefined Weak Reference
    _printf_mbtowc                            - Undefined Weak Reference
    _printf_post_padding                      - Undefined Weak Reference
    _printf_pre_padding                       - Undefined Weak Reference
    _printf_truncate_signed                   - Undefined Weak Reference
    _printf_truncate_unsigned                 - Undefined Weak Reference
    _rand_init                                - Undefined Weak Reference
    _signal_finish                            - Undefined Weak Reference
    _signal_init                              - Undefined Weak Reference
    _terminate_alloc                          - Undefined Weak Reference
    _terminate_user_alloc                     - Undefined Weak Reference
    _terminateio                              - Undefined Weak Reference
    __Vectors_Size                           0x00000188   Number         0  startup_stm32f40_41xxx.o ABSOLUTE
    __Vectors                                0x08000000   Data           4  startup_stm32f40_41xxx.o(RESET)
    __Vectors_End                            0x08000188   Data           0  startup_stm32f40_41xxx.o(RESET)
    __main                                   0x08000189   Thumb Code     8  __main.o(!!!main)
    __scatterload                            0x08000191   Thumb Code     0  __scatter.o(!!!scatter)
    __scatterload_rt2                        0x08000191   Thumb Code    44  __scatter.o(!!!scatter)
    __scatterload_rt2_thumb_only             0x08000191   Thumb Code     0  __scatter.o(!!!scatter)
    __scatterload_null                       0x0800019f   Thumb Code     0  __scatter.o(!!!scatter)
    __decompress                             0x080001c5   Thumb Code    90  __dczerorl2.o(!!dczerorl2)
    __decompress1                            0x080001c5   Thumb Code     0  __dczerorl2.o(!!dczerorl2)
    __scatterload_zeroinit                   0x08000221   Thumb Code    28  __scatter_zi.o(!!handler_zi)
    _printf_d                                0x0800023d   Thumb Code     0  _printf_d.o(.ARM.Collect$$_printf_percent$$00000009)
    _printf_percent                          0x0800023d   Thumb Code     0  _printf_percent.o(.ARM.Collect$$_printf_percent$$00000000)
    _printf_s                                0x08000243   Thumb Code     0  _printf_s.o(.ARM.Collect$$_printf_percent$$00000014)
    _printf_percent_end                      0x08000249   Thumb Code     0  _printf_percent_end.o(.ARM.Collect$$_printf_percent$$00000017)
    __rt_lib_init                            0x0800024d   Thumb Code     0  libinit.o(.ARM.Collect$$libinit$$00000000)
    __rt_lib_init_fp_1                       0x0800024f   Thumb Code     0  libinit2.o(.ARM.Collect$$libinit$$00000001)
    __rt_lib_init_alloca_1                   0x08000253   Thumb Code     0  libinit2.o(.ARM.Collect$$libinit$$0000002E)
    __rt_lib_init_argv_1                     0x08000253   Thumb Code     0  libinit2.o(.ARM.Collect$$libinit$$0000002C)
    __rt_lib_init_atexit_1                   0x08000253   Thumb Code     0  libinit2.o(.ARM.Collect$$libinit$$0000001B)
    __rt_lib_init_clock_1                    0x08000253   Thumb Code     0  libinit2.o(.ARM.Collect$$libinit$$00000021)
    __rt_lib_init_cpp_1                      0x08000253   Thumb Code     0  libinit2.o(.ARM.Collect$$libinit$$00000032)
    __rt_lib_init_exceptions_1               0x08000253   Thumb Code     0  libinit2.o(.ARM.Collect$$libinit$$00000030)
    __rt_lib_init_fp_trap_1                  0x08000253   Thumb Code     0  libinit2.o(.ARM.Collect$$libinit$$0000001F)
    __rt_lib_init_getenv_1                   0x08000253   Thumb Code     0  libinit2.o(.ARM.Collect$$libinit$$00000023)
    __rt_lib_init_heap_1                     0x08000253   Thumb Code     0  libinit2.o(.ARM.Collect$$libinit$$0000000A)
    __rt_lib_init_lc_collate_1               0x08000253   Thumb Code     0  libinit2.o(.ARM.Collect$$libinit$$00000011)
    __rt_lib_init_lc_ctype_1                 0x08000253   Thumb Code     0  libinit2.o(.ARM.Collect$$libinit$$00000013)
    __rt_lib_init_lc_monetary_1              0x08000253   Thumb Code     0  libinit2.o(.ARM.Collect$$libinit$$00000015)
    __rt_lib_init_lc_numeric_1               0x08000253   Thumb Code     0  libinit2.o(.ARM.Collect$$libinit$$00000017)
    __rt_lib_init_lc_time_1                  0x08000253   Thumb Code     0  libinit2.o(.ARM.Collect$$libinit$$00000019)
    __rt_lib_init_preinit_1                  0x08000253   Thumb Code     0  libinit2.o(.ARM.Collect$$libinit$$00000004)
    __rt_lib_init_rand_1                     0x08000253   Thumb Code     0  libinit2.o(.ARM.Collect$$libinit$$0000000E)
    __rt_lib_init_return                     0x08000253   Thumb Code     0  libinit2.o(.ARM.Collect$$libinit$$00000033)
    __rt_lib_init_signal_1                   0x08000253   Thumb Code     0  libinit2.o(.ARM.Collect$$libinit$$0000001D)
    __rt_lib_init_stdio_1                    0x08000253   Thumb Code     0  libinit2.o(.ARM.Collect$$libinit$$00000025)
    __rt_lib_init_user_alloc_1               0x08000253   Thumb Code     0  libinit2.o(.ARM.Collect$$libinit$$0000000C)
    __rt_lib_shutdown                        0x08000255   Thumb Code     0  libshutdown.o(.ARM.Collect$$libshutdown$$00000000)
    __rt_lib_shutdown_cpp_1                  0x08000257   Thumb Code     0  libshutdown2.o(.ARM.Collect$$libshutdown$$00000002)
    __rt_lib_shutdown_fp_trap_1              0x08000257   Thumb Code     0  libshutdown2.o(.ARM.Collect$$libshutdown$$00000007)
    __rt_lib_shutdown_heap_1                 0x08000257   Thumb Code     0  libshutdown2.o(.ARM.Collect$$libshutdown$$0000000F)
    __rt_lib_shutdown_return                 0x08000257   Thumb Code     0  libshutdown2.o(.ARM.Collect$$libshutdown$$00000010)
    __rt_lib_shutdown_signal_1               0x08000257   Thumb Code     0  libshutdown2.o(.ARM.Collect$$libshutdown$$0000000A)
    __rt_lib_shutdown_stdio_1                0x08000257   Thumb Code     0  libshutdown2.o(.ARM.Collect$$libshutdown$$00000004)
    __rt_lib_shutdown_user_alloc_1           0x08000257   Thumb Code     0  libshutdown2.o(.ARM.Collect$$libshutdown$$0000000C)
    __rt_entry                               0x08000259   Thumb Code     0  __rtentry.o(.ARM.Collect$$rtentry$$00000000)
    __rt_entry_presh_1                       0x08000259   Thumb Code     0  __rtentry2.o(.ARM.Collect$$rtentry$$00000002)
    __rt_entry_sh                            0x08000259   Thumb Code     0  __rtentry4.o(.ARM.Collect$$rtentry$$00000004)
    __rt_entry_li                            0x0800025f   Thumb Code     0  __rtentry2.o(.ARM.Collect$$rtentry$$0000000A)
    __rt_entry_postsh_1                      0x0800025f   Thumb Code     0  __rtentry2.o(.ARM.Collect$$rtentry$$00000009)
    __rt_entry_main                          0x08000263   Thumb Code     0  __rtentry2.o(.ARM.Collect$$rtentry$$0000000D)
    __rt_entry_postli_1                      0x08000263   Thumb Code     0  __rtentry2.o(.ARM.Collect$$rtentry$$0000000C)
    __rt_exit                                0x0800026b   Thumb Code     0  rtexit.o(.ARM.Collect$$rtexit$$00000000)
    __rt_exit_ls                             0x0800026d   Thumb Code     0  rtexit2.o(.ARM.Collect$$rtexit$$00000003)
    __rt_exit_prels_1                        0x0800026d   Thumb Code     0  rtexit2.o(.ARM.Collect$$rtexit$$00000002)
    __rt_exit_exit                           0x08000271   Thumb Code     0  rtexit2.o(.ARM.Collect$$rtexit$$00000004)
    SVC_Handler                              0x08000279   Thumb Code    28  port.o(.emb_text)
    __asm___6_port_c_39a90d8d__prvStartFirstTask 0x08000299   Thumb Code    28  port.o(.emb_text)
    __asm___6_port_c_39a90d8d__prvEnableVFP  0x080002b9   Thumb Code    16  port.o(.emb_text)
    PendSV_Handler                           0x080002cd   Thumb Code    88  port.o(.emb_text)
    vPortGetIPSR                             0x08000329   Thumb Code     6  port.o(.emb_text)
    Reset_Handler                            0x08000331   Thumb Code     8  startup_stm32f40_41xxx.o(.text)
    ADC_IRQHandler                           0x0800034b   Thumb Code     0  startup_stm32f40_41xxx.o(.text)
    CAN1_RX0_IRQHandler                      0x0800034b   Thumb Code     0  startup_stm32f40_41xxx.o(.text)
    CAN1_RX1_IRQHandler                      0x0800034b   Thumb Code     0  startup_stm32f40_41xxx.o(.text)
    CAN1_SCE_IRQHandler                      0x0800034b   Thumb Code     0  startup_stm32f40_41xxx.o(.text)
    CAN1_TX_IRQHandler                       0x0800034b   Thumb Code     0  startup_stm32f40_41xxx.o(.text)
    CAN2_RX0_IRQHandler                      0x0800034b   Thumb Code     0  startup_stm32f40_41xxx.o(.text)
    CAN2_RX1_IRQHandler                      0x0800034b   Thumb Code     0  startup_stm32f40_41xxx.o(.text)
    CAN2_SCE_IRQHandler                      0x0800034b   Thumb Code     0  startup_stm32f40_41xxx.o(.text)
    CAN2_TX_IRQHandler                       0x0800034b   Thumb Code     0  startup_stm32f40_41xxx.o(.text)
    CRYP_IRQHandler                          0x0800034b   Thumb Code     0  startup_stm32f40_41xxx.o(.text)
    DCMI_IRQHandler                          0x0800034b   Thumb Code     0  startup_stm32f40_41xxx.o(.text)
    DMA1_Stream0_IRQHandler                  0x0800034b   Thumb Code     0  startup_stm32f40_41xxx.o(.text)
    DMA1_Stream1_IRQHandler                  0x0800034b   Thumb Code     0  startup_stm32f40_41xxx.o(.text)
    DMA1_Stream2_IRQHandler                  0x0800034b   Thumb Code     0  startup_stm32f40_41xxx.o(.text)
    DMA1_Stream3_IRQHandler                  0x0800034b   Thumb Code     0  startup_stm32f40_41xxx.o(.text)
    DMA1_Stream4_IRQHandler                  0x0800034b   Thumb Code     0  startup_stm32f40_41xxx.o(.text)
    DMA1_Stream5_IRQHandler                  0x0800034b   Thumb Code     0  startup_stm32f40_41xxx.o(.text)
    DMA1_Stream6_IRQHandler                  0x0800034b   Thumb Code     0  startup_stm32f40_41xxx.o(.text)
    DMA1_Stream7_IRQHandler                  0x0800034b   Thumb Code     0  startup_stm32f40_41xxx.o(.text)
    DMA2_Stream0_IRQHandler                  0x0800034b   Thumb Code     0  startup_stm32f40_41xxx.o(.text)
    DMA2_Stream1_IRQHandler                  0x0800034b   Thumb Code     0  startup_stm32f40_41xxx.o(.text)
    DMA2_Stream2_IRQHandler                  0x0800034b   Thumb Code     0  startup_stm32f40_41xxx.o(.text)
    DMA2_Stream3_IRQHandler                  0x0800034b   Thumb Code     0  startup_stm32f40_41xxx.o(.text)
    DMA2_Stream4_IRQHandler                  0x0800034b   Thumb Code     0  startup_stm32f40_41xxx.o(.text)
    DMA2_Stream5_IRQHandler                  0x0800034b   Thumb Code     0  startup_stm32f40_41xxx.o(.text)
    DMA2_Stream6_IRQHandler                  0x0800034b   Thumb Code     0  startup_stm32f40_41xxx.o(.text)
    DMA2_Stream7_IRQHandler                  0x0800034b   Thumb Code     0  startup_stm32f40_41xxx.o(.text)
    ETH_IRQHandler                           0x0800034b   Thumb Code     0  startup_stm32f40_41xxx.o(.text)
    ETH_WKUP_IRQHandler                      0x0800034b   Thumb Code     0  startup_stm32f40_41xxx.o(.text)
    EXTI0_IRQHandler                         0x0800034b   Thumb Code     0  startup_stm32f40_41xxx.o(.text)
    EXTI15_10_IRQHandler                     0x0800034b   Thumb Code     0  startup_stm32f40_41xxx.o(.text)
    EXTI1_IRQHandler                         0x0800034b   Thumb Code     0  startup_stm32f40_41xxx.o(.text)
    EXTI2_IRQHandler                         0x0800034b   Thumb Code     0  startup_stm32f40_41xxx.o(.text)
    EXTI3_IRQHandler                         0x0800034b   Thumb Code     0  startup_stm32f40_41xxx.o(.text)
    EXTI4_IRQHandler                         0x0800034b   Thumb Code     0  startup_stm32f40_41xxx.o(.text)
    EXTI9_5_IRQHandler                       0x0800034b   Thumb Code     0  startup_stm32f40_41xxx.o(.text)
    FLASH_IRQHandler                         0x0800034b   Thumb Code     0  startup_stm32f40_41xxx.o(.text)
    FPU_IRQHandler                           0x0800034b   Thumb Code     0  startup_stm32f40_41xxx.o(.text)
    FSMC_IRQHandler                          0x0800034b   Thumb Code     0  startup_stm32f40_41xxx.o(.text)
    HASH_RNG_IRQHandler                      0x0800034b   Thumb Code     0  startup_stm32f40_41xxx.o(.text)
    I2C1_ER_IRQHandler                       0x0800034b   Thumb Code     0  startup_stm32f40_41xxx.o(.text)
    I2C1_EV_IRQHandler                       0x0800034b   Thumb Code     0  startup_stm32f40_41xxx.o(.text)
    I2C2_ER_IRQHandler                       0x0800034b   Thumb Code     0  startup_stm32f40_41xxx.o(.text)
    I2C2_EV_IRQHandler                       0x0800034b   Thumb Code     0  startup_stm32f40_41xxx.o(.text)
    I2C3_ER_IRQHandler                       0x0800034b   Thumb Code     0  startup_stm32f40_41xxx.o(.text)
    I2C3_EV_IRQHandler                       0x0800034b   Thumb Code     0  startup_stm32f40_41xxx.o(.text)
    OTG_FS_IRQHandler                        0x0800034b   Thumb Code     0  startup_stm32f40_41xxx.o(.text)
    OTG_FS_WKUP_IRQHandler                   0x0800034b   Thumb Code     0  startup_stm32f40_41xxx.o(.text)
    OTG_HS_EP1_IN_IRQHandler                 0x0800034b   Thumb Code     0  startup_stm32f40_41xxx.o(.text)
    OTG_HS_EP1_OUT_IRQHandler                0x0800034b   Thumb Code     0  startup_stm32f40_41xxx.o(.text)
    OTG_HS_IRQHandler                        0x0800034b   Thumb Code     0  startup_stm32f40_41xxx.o(.text)
    OTG_HS_WKUP_IRQHandler                   0x0800034b   Thumb Code     0  startup_stm32f40_41xxx.o(.text)
    PVD_IRQHandler                           0x0800034b   Thumb Code     0  startup_stm32f40_41xxx.o(.text)
    RCC_IRQHandler                           0x0800034b   Thumb Code     0  startup_stm32f40_41xxx.o(.text)
    RTC_Alarm_IRQHandler                     0x0800034b   Thumb Code     0  startup_stm32f40_41xxx.o(.text)
    RTC_WKUP_IRQHandler                      0x0800034b   Thumb Code     0  startup_stm32f40_41xxx.o(.text)
    SDIO_IRQHandler                          0x0800034b   Thumb Code     0  startup_stm32f40_41xxx.o(.text)
    SPI1_IRQHandler                          0x0800034b   Thumb Code     0  startup_stm32f40_41xxx.o(.text)
    SPI2_IRQHandler                          0x0800034b   Thumb Code     0  startup_stm32f40_41xxx.o(.text)
    SPI3_IRQHandler                          0x0800034b   Thumb Code     0  startup_stm32f40_41xxx.o(.text)
    TAMP_STAMP_IRQHandler                    0x0800034b   Thumb Code     0  startup_stm32f40_41xxx.o(.text)
    TIM1_BRK_TIM9_IRQHandler                 0x0800034b   Thumb Code     0  startup_stm32f40_41xxx.o(.text)
    TIM1_CC_IRQHandler                       0x0800034b   Thumb Code     0  startup_stm32f40_41xxx.o(.text)
    TIM1_TRG_COM_TIM11_IRQHandler            0x0800034b   Thumb Code     0  startup_stm32f40_41xxx.o(.text)
    TIM1_UP_TIM10_IRQHandler                 0x0800034b   Thumb Code     0  startup_stm32f40_41xxx.o(.text)
    TIM2_IRQHandler                          0x0800034b   Thumb Code     0  startup_stm32f40_41xxx.o(.text)
    TIM3_IRQHandler                          0x0800034b   Thumb Code     0  startup_stm32f40_41xxx.o(.text)
    TIM4_IRQHandler                          0x0800034b   Thumb Code     0  startup_stm32f40_41xxx.o(.text)
    TIM5_IRQHandler                          0x0800034b   Thumb Code     0  startup_stm32f40_41xxx.o(.text)
    TIM6_DAC_IRQHandler                      0x0800034b   Thumb Code     0  startup_stm32f40_41xxx.o(.text)
    TIM7_IRQHandler                          0x0800034b   Thumb Code     0  startup_stm32f40_41xxx.o(.text)
    TIM8_BRK_TIM12_IRQHandler                0x0800034b   Thumb Code     0  startup_stm32f40_41xxx.o(.text)
    TIM8_CC_IRQHandler                       0x0800034b   Thumb Code     0  startup_stm32f40_41xxx.o(.text)
    TIM8_TRG_COM_TIM14_IRQHandler            0x0800034b   Thumb Code     0  startup_stm32f40_41xxx.o(.text)
    TIM8_UP_TIM13_IRQHandler                 0x0800034b   Thumb Code     0  startup_stm32f40_41xxx.o(.text)
    UART4_IRQHandler                         0x0800034b   Thumb Code     0  startup_stm32f40_41xxx.o(.text)
    UART5_IRQHandler                         0x0800034b   Thumb Code     0  startup_stm32f40_41xxx.o(.text)
    USART2_IRQHandler                        0x0800034b   Thumb Code     0  startup_stm32f40_41xxx.o(.text)
    USART3_IRQHandler                        0x0800034b   Thumb Code     0  startup_stm32f40_41xxx.o(.text)
    USART6_IRQHandler                        0x0800034b   Thumb Code     0  startup_stm32f40_41xxx.o(.text)
    WWDG_IRQHandler                          0x0800034b   Thumb Code     0  startup_stm32f40_41xxx.o(.text)
    __user_initial_stackheap                 0x0800034d   Thumb Code     0  startup_stm32f40_41xxx.o(.text)
    __use_no_semihosting                     0x08000371   Thumb Code     2  use_no_semi_2.o(.text)
    __2printf                                0x08000375   Thumb Code    20  noretval__2printf.o(.text)
    __printf                                 0x0800038d   Thumb Code   104  __printf.o(.text)
    _printf_str                              0x080003f5   Thumb Code    82  _printf_str.o(.text)
    _printf_int_dec                          0x08000449   Thumb Code   104  _printf_dec.o(.text)
    __aeabi_memcpy                           0x080004c1   Thumb Code     0  rt_memcpy_v6.o(.text)
    __rt_memcpy                              0x080004c1   Thumb Code   138  rt_memcpy_v6.o(.text)
    _memcpy_lastbytes                        0x08000527   Thumb Code     0  rt_memcpy_v6.o(.text)
    __aeabi_memset                           0x0800054b   Thumb Code    16  aeabi_memset.o(.text)
    __use_two_region_memory                  0x0800055b   Thumb Code     2  heapauxi.o(.text)
    __rt_heap_escrow$2region                 0x0800055d   Thumb Code     2  heapauxi.o(.text)
    __rt_heap_expand$2region                 0x0800055f   Thumb Code     2  heapauxi.o(.text)
    __I$use$semihosting                      0x08000561   Thumb Code     0  use_no_semi.o(.text)
    __use_no_semihosting_swi                 0x08000561   Thumb Code     2  use_no_semi.o(.text)
    __read_errno                             0x08000563   Thumb Code    10  _rserrno.o(.text)
    __set_errno                              0x0800056d   Thumb Code    12  _rserrno.o(.text)
    _printf_int_common                       0x08000579   Thumb Code   178  _printf_intcommon.o(.text)
    _printf_char_common                      0x08000637   Thumb Code    32  _printf_char_common.o(.text)
    _printf_cs_common                        0x0800065d   Thumb Code    20  _printf_char.o(.text)
    _printf_char                             0x08000671   Thumb Code    16  _printf_char.o(.text)
    _printf_string                           0x08000681   Thumb Code     8  _printf_char.o(.text)
    _printf_char_file                        0x08000689   Thumb Code    32  _printf_char_file.o(.text)
    __aeabi_memcpy4                          0x080006ad   Thumb Code     0  rt_memcpy_w.o(.text)
    __aeabi_memcpy8                          0x080006ad   Thumb Code     0  rt_memcpy_w.o(.text)
    __rt_memcpy_w                            0x080006ad   Thumb Code   100  rt_memcpy_w.o(.text)
    _memcpy_lastbytes_aligned                0x080006f5   Thumb Code     0  rt_memcpy_w.o(.text)
    __aeabi_memclr                           0x08000711   Thumb Code     0  rt_memclr.o(.text)
    __rt_memclr                              0x08000711   Thumb Code    68  rt_memclr.o(.text)
    _memset                                  0x08000715   Thumb Code     0  rt_memclr.o(.text)
    __aeabi_errno_addr                       0x08000755   Thumb Code     8  rt_errno_addr_intlibspace.o(.text)
    __errno$intlibspace                      0x08000755   Thumb Code     0  rt_errno_addr_intlibspace.o(.text)
    __rt_errno_addr$intlibspace              0x08000755   Thumb Code     0  rt_errno_addr_intlibspace.o(.text)
    ferror                                   0x0800075d   Thumb Code     8  ferror.o(.text)
    __aeabi_memclr4                          0x08000765   Thumb Code     0  rt_memclr_w.o(.text)
    __aeabi_memclr8                          0x08000765   Thumb Code     0  rt_memclr_w.o(.text)
    __rt_memclr_w                            0x08000765   Thumb Code    78  rt_memclr_w.o(.text)
    _memset_w                                0x08000769   Thumb Code     0  rt_memclr_w.o(.text)
    __user_libspace                          0x080007b5   Thumb Code     8  libspace.o(.text)
    __user_perproc_libspace                  0x080007b5   Thumb Code     0  libspace.o(.text)
    __user_perthread_libspace                0x080007b5   Thumb Code     0  libspace.o(.text)
    __user_setup_stackheap                   0x080007bd   Thumb Code    74  sys_stackheap_outer.o(.text)
    exit                                     0x08000807   Thumb Code    18  exit.o(.text)
    BMI088_ACCEL_NS_H                        0x08000819   Thumb Code    14  bmi088middleware.o(i.BMI088_ACCEL_NS_H)
    BMI088_ACCEL_NS_L                        0x0800082d   Thumb Code    14  bmi088middleware.o(i.BMI088_ACCEL_NS_L)
    BMI088_GPIO_init                         0x08000841   Thumb Code   128  bmi088middleware.o(i.BMI088_GPIO_init)
    BMI088_GYRO_NS_H                         0x080008cd   Thumb Code    14  bmi088middleware.o(i.BMI088_GYRO_NS_H)
    BMI088_GYRO_NS_L                         0x080008e1   Thumb Code    14  bmi088middleware.o(i.BMI088_GYRO_NS_L)
    BMI088_com_init                          0x080008f5   Thumb Code     2  bmi088middleware.o(i.BMI088_com_init)
    BMI088_delay_ms                          0x080008f7   Thumb Code    26  bmi088middleware.o(i.BMI088_delay_ms)
    BMI088_delay_us                          0x08000911   Thumb Code    12  bmi088middleware.o(i.BMI088_delay_us)
    BMI088_init                              0x0800091d   Thumb Code    28  bmi088driver.o(i.BMI088_init)
    BMI088_read                              0x08000939   Thumb Code   372  bmi088driver.o(i.BMI088_read)
    BMI088_read_write_byte                   0x08000af5   Thumb Code    52  bmi088middleware.o(i.BMI088_read_write_byte)
    BusFault_Handler                         0x08000b41   Thumb Code     4  stm32f4xx_it.o(i.BusFault_Handler)
    DebugMon_Handler                         0x08000b45   Thumb Code     2  stm32f4xx_it.o(i.DebugMon_Handler)
    GPIO_Init                                0x08000b47   Thumb Code   144  stm32f4xx_gpio.o(i.GPIO_Init)
    GPIO_PinAFConfig                         0x08000bd7   Thumb Code    70  stm32f4xx_gpio.o(i.GPIO_PinAFConfig)
    GPIO_SetBits                             0x08000c1d   Thumb Code     4  stm32f4xx_gpio.o(i.GPIO_SetBits)
    GPIO_WriteBit                            0x08000c21   Thumb Code    10  stm32f4xx_gpio.o(i.GPIO_WriteBit)
    HardFault_Handler                        0x08000c2b   Thumb Code     4  stm32f4xx_it.o(i.HardFault_Handler)
    LED_Init                                 0x08000c31   Thumb Code   136  led.o(i.LED_Init)
    MemManage_Handler                        0x08000cc9   Thumb Code     4  stm32f4xx_it.o(i.MemManage_Handler)
    NMI_Handler                              0x08000ccd   Thumb Code     2  stm32f4xx_it.o(i.NMI_Handler)
    NVIC_PriorityGroupConfig                 0x08000cd1   Thumb Code    10  misc.o(i.NVIC_PriorityGroupConfig)
    RCC_AHB1PeriphClockCmd                   0x08000ce5   Thumb Code    26  stm32f4xx_rcc.o(i.RCC_AHB1PeriphClockCmd)
    RCC_APB1PeriphResetCmd                   0x08000d05   Thumb Code    26  stm32f4xx_rcc.o(i.RCC_APB1PeriphResetCmd)
    RCC_APB2PeriphClockCmd                   0x08000d25   Thumb Code    26  stm32f4xx_rcc.o(i.RCC_APB2PeriphClockCmd)
    RCC_APB2PeriphResetCmd                   0x08000d45   Thumb Code    26  stm32f4xx_rcc.o(i.RCC_APB2PeriphResetCmd)
    RCC_GetClocksFreq                        0x08000d65   Thumb Code   214  stm32f4xx_rcc.o(i.RCC_GetClocksFreq)
    SPI_Cmd                                  0x08000e4d   Thumb Code    24  stm32f4xx_spi.o(i.SPI_Cmd)
    SPI_I2S_GetFlagStatus                    0x08000e65   Thumb Code    18  stm32f4xx_spi.o(i.SPI_I2S_GetFlagStatus)
    SPI_I2S_ReceiveData                      0x08000e77   Thumb Code     6  stm32f4xx_spi.o(i.SPI_I2S_ReceiveData)
    SPI_I2S_SendData                         0x08000e7d   Thumb Code     4  stm32f4xx_spi.o(i.SPI_I2S_SendData)
    SPI_Init                                 0x08000e81   Thumb Code    60  stm32f4xx_spi.o(i.SPI_Init)
    SysTick_CLKSourceConfig                  0x08000fa9   Thumb Code    40  misc.o(i.SysTick_CLKSourceConfig)
    SysTick_Handler                          0x08000fd1   Thumb Code    16  delay.o(i.SysTick_Handler)
    SystemInit                               0x08000fe1   Thumb Code    88  system_stm32f4xx.o(i.SystemInit)
    USART1_IRQHandler                        0x08001049   Thumb Code   122  usart.o(i.USART1_IRQHandler)
    USART_Cmd                                0x080010d1   Thumb Code    24  stm32f4xx_usart.o(i.USART_Cmd)
    USART_DeInit                             0x080010e9   Thumb Code   206  stm32f4xx_usart.o(i.USART_DeInit)
    USART_GetFlagStatus                      0x080011d9   Thumb Code    26  stm32f4xx_usart.o(i.USART_GetFlagStatus)
    USART_GetITStatus                        0x080011f3   Thumb Code    84  stm32f4xx_usart.o(i.USART_GetITStatus)
    USART_Init                               0x08001249   Thumb Code   204  stm32f4xx_usart.o(i.USART_Init)
    USART_ReceiveData                        0x0800131d   Thumb Code    10  stm32f4xx_usart.o(i.USART_ReceiveData)
    USART_SendData                           0x08001327   Thumb Code     8  stm32f4xx_usart.o(i.USART_SendData)
    UsageFault_Handler                       0x0800132f   Thumb Code     4  stm32f4xx_it.o(i.UsageFault_Handler)
    __ARM_fpclassify                         0x08001333   Thumb Code    48  fpclassify.o(i.__ARM_fpclassify)
    __hardfp_asin                            0x08001369   Thumb Code   770  asin.o(i.__hardfp_asin)
    __hardfp_atan                            0x080016c9   Thumb Code   622  atan.o(i.__hardfp_atan)
    __hardfp_atan2                           0x080019a1   Thumb Code   432  atan2.o(i.__hardfp_atan2)
    __hardfp_sqrt                            0x08001b91   Thumb Code   122  sqrt.o(i.__hardfp_sqrt)
    __kernel_poly                            0x08001c0b   Thumb Code   248  poly.o(i.__kernel_poly)
    __mathlib_dbl_infnan                     0x08001d03   Thumb Code    20  dunder.o(i.__mathlib_dbl_infnan)
    __mathlib_dbl_infnan2                    0x08001d17   Thumb Code    20  dunder.o(i.__mathlib_dbl_infnan2)
    __mathlib_dbl_invalid                    0x08001d31   Thumb Code    24  dunder.o(i.__mathlib_dbl_invalid)
    __mathlib_dbl_underflow                  0x08001d51   Thumb Code    24  dunder.o(i.__mathlib_dbl_underflow)
    _sys_exit                                0x08001d71   Thumb Code     4  usart.o(i._sys_exit)
    atan                                     0x08001d75   Thumb Code    16  atan.o(i.atan)
    bim088_spi_init                          0x08001d85   Thumb Code   224  bmi088_int.o(i.bim088_spi_init)
    bmi088_accel_init                        0x08001e71   Thumb Code   290  bmi088driver.o(i.bmi088_accel_init)
    bmi088_gyro_init                         0x08001f99   Thumb Code   238  bmi088driver.o(i.bmi088_gyro_init)
    bmi_get                                  0x0800208d   Thumb Code   192  ins_task.o(i.bmi_get)
    bmi_ins                                  0x08002175   Thumb Code  1726  ins_task.o(i.bmi_ins)
    bmi_lowpass                              0x08002871   Thumb Code   120  ins_task.o(i.bmi_lowpass)
    delay_init                               0x080028ed   Thumb Code    58  delay.o(i.delay_init)
    delay_ms                                 0x08002931   Thumb Code    60  delay.o(i.delay_ms)
    delay_us                                 0x08002971   Thumb Code    68  delay.o(i.delay_us)
    fabs                                     0x080029b9   Thumb Code    24  fabs.o(i.fabs)
    fputc                                    0x080029d1   Thumb Code    22  usart.o(i.fputc)
    ins_task                                 0x080029ed   Thumb Code    14  main.o(i.ins_task)
    main                                     0x080029fd   Thumb Code    88  main.o(i.main)
    pvPortMalloc                             0x08003565   Thumb Code   262  heap_4.o(i.pvPortMalloc)
    pvTaskIncrementMutexHeldCount            0x080036b9   Thumb Code    26  tasks.o(i.pvTaskIncrementMutexHeldCount)
    pxPortInitialiseStack                    0x080036d9   Thumb Code    38  port.o(i.pxPortInitialiseStack)
    sqrt                                     0x08003705   Thumb Code   110  sqrt.o(i.sqrt)
    start_task                               0x08003775   Thumb Code    42  main.o(i.start_task)
    uxListRemove                             0x080037b9   Thumb Code    40  list.o(i.uxListRemove)
    vListInitialise                          0x080037e1   Thumb Code    26  list.o(i.vListInitialise)
    vListInitialiseItem                      0x080037fb   Thumb Code     6  list.o(i.vListInitialiseItem)
    vListInsert                              0x08003801   Thumb Code    52  list.o(i.vListInsert)
    vListInsertEnd                           0x08003835   Thumb Code    24  list.o(i.vListInsertEnd)
    vPortEnterCritical                       0x0800384d   Thumb Code    68  port.o(i.vPortEnterCritical)
    vPortExitCritical                        0x080038d5   Thumb Code    48  port.o(i.vPortExitCritical)
    vPortFree                                0x08003945   Thumb Code   120  heap_4.o(i.vPortFree)
    vPortSetupTimerInterrupt                 0x080039fd   Thumb Code    26  port.o(i.vPortSetupTimerInterrupt)
    vPortValidateInterruptPriority           0x08003a1d   Thumb Code    86  port.o(i.vPortValidateInterruptPriority)
    vQueueAddToRegistry                      0x08003abd   Thumb Code    38  queue.o(i.vQueueAddToRegistry)
    vQueueWaitForMessageRestricted           0x08003ae9   Thumb Code    74  queue.o(i.vQueueWaitForMessageRestricted)
    vTaskDelay                               0x08003b35   Thumb Code    72  tasks.o(i.vTaskDelay)
    vTaskDelete                              0x08003ba9   Thumb Code   192  tasks.o(i.vTaskDelete)
    vTaskMissedYield                         0x08003cb5   Thumb Code     8  tasks.o(i.vTaskMissedYield)
    vTaskPlaceOnEventList                    0x08003cc1   Thumb Code    42  tasks.o(i.vTaskPlaceOnEventList)
    vTaskPlaceOnEventListRestricted          0x08003d15   Thumb Code    50  tasks.o(i.vTaskPlaceOnEventListRestricted)
    vTaskPriorityInherit                     0x08003d71   Thumb Code   164  tasks.o(i.vTaskPriorityInherit)
    vTaskSetTimeOutState                     0x08003e21   Thumb Code    32  tasks.o(i.vTaskSetTimeOutState)
    vTaskStartScheduler                      0x08003e6d   Thumb Code   108  tasks.o(i.vTaskStartScheduler)
    vTaskSuspendAll                          0x08003f19   Thumb Code    12  tasks.o(i.vTaskSuspendAll)
    vTaskSwitchContext                       0x08003f29   Thumb Code   110  tasks.o(i.vTaskSwitchContext)
    vision_init                              0x08003fd1   Thumb Code   182  vision.o(i.vision_init)
    xPortStartScheduler                      0x08004091   Thumb Code   258  port.o(i.xPortStartScheduler)
    xPortSysTickHandler                      0x080041ed   Thumb Code    46  port.o(i.xPortSysTickHandler)
    xQueueGenericCreate                      0x08004221   Thumb Code    78  queue.o(i.xQueueGenericCreate)
    xQueueGenericReceive                     0x08004295   Thumb Code   416  queue.o(i.xQueueGenericReceive)
    xQueueGenericReset                       0x0800445d   Thumb Code   136  queue.o(i.xQueueGenericReset)
    xQueueGenericSend                        0x0800450d   Thumb Code   412  queue.o(i.xQueueGenericSend)
    xQueueGenericSendFromISR                 0x080046d1   Thumb Code   234  queue.o(i.xQueueGenericSendFromISR)
    xTaskCheckForTimeOut                     0x080047e1   Thumb Code   116  tasks.o(i.xTaskCheckForTimeOut)
    xTaskCreate                              0x08004881   Thumb Code    96  tasks.o(i.xTaskCreate)
    xTaskGetSchedulerState                   0x080048e1   Thumb Code    24  tasks.o(i.xTaskGetSchedulerState)
    xTaskGetTickCount                        0x08004901   Thumb Code     6  tasks.o(i.xTaskGetTickCount)
    xTaskIncrementTick                       0x0800490d   Thumb Code   272  tasks.o(i.xTaskIncrementTick)
    xTaskPriorityDisinherit                  0x08004a6d   Thumb Code   168  tasks.o(i.xTaskPriorityDisinherit)
    xTaskRemoveFromEventList                 0x08004b45   Thumb Code   118  tasks.o(i.xTaskRemoveFromEventList)
    xTaskResumeAll                           0x08004bf9   Thumb Code   214  tasks.o(i.xTaskResumeAll)
    xTimerCreateTimerTask                    0x08004d19   Thumb Code    56  timers.o(i.xTimerCreateTimerTask)
    xTimerGenericCommand                     0x08004d8d   Thumb Code   118  timers.o(i.xTimerGenericCommand)
    __aeabi_dneg                             0x08004e31   Thumb Code     0  basic.o(x$fpl$basic)
    _dneg                                    0x08004e31   Thumb Code     6  basic.o(x$fpl$basic)
    __aeabi_fneg                             0x08004e37   Thumb Code     0  basic.o(x$fpl$basic)
    _fneg                                    0x08004e37   Thumb Code     6  basic.o(x$fpl$basic)
    _dabs                                    0x08004e3d   Thumb Code     6  basic.o(x$fpl$basic)
    _fabs                                    0x08004e43   Thumb Code     6  basic.o(x$fpl$basic)
    __aeabi_d2f                              0x08004e49   Thumb Code     0  d2f.o(x$fpl$d2f)
    _d2f                                     0x08004e49   Thumb Code    98  d2f.o(x$fpl$d2f)
    __aeabi_dadd                             0x08004ead   Thumb Code     0  daddsub_clz.o(x$fpl$dadd)
    _dadd                                    0x08004ead   Thumb Code   332  daddsub_clz.o(x$fpl$dadd)
    __aeabi_ddiv                             0x08004ffd   Thumb Code     0  ddiv.o(x$fpl$ddiv)
    _ddiv                                    0x08004ffd   Thumb Code   552  ddiv.o(x$fpl$ddiv)
    __aeabi_dmul                             0x080052ad   Thumb Code     0  dmul.o(x$fpl$dmul)
    _dmul                                    0x080052ad   Thumb Code   332  dmul.o(x$fpl$dmul)
    __fpl_dnaninf                            0x08005401   Thumb Code   156  dnaninf.o(x$fpl$dnaninf)
    __fpl_dretinf                            0x0800549d   Thumb Code    12  dretinf.o(x$fpl$dretinf)
    __aeabi_drsub                            0x080054a9   Thumb Code     0  daddsub_clz.o(x$fpl$drsb)
    _drsb                                    0x080054a9   Thumb Code    22  daddsub_clz.o(x$fpl$drsb)
    _dsqrt                                   0x080054c1   Thumb Code   404  dsqrt_umaal.o(x$fpl$dsqrt)
    __aeabi_dsub                             0x08005659   Thumb Code     0  daddsub_clz.o(x$fpl$dsub)
    _dsub                                    0x08005659   Thumb Code   464  daddsub_clz.o(x$fpl$dsub)
    __aeabi_f2d                              0x0800582d   Thumb Code     0  f2d.o(x$fpl$f2d)
    _f2d                                     0x0800582d   Thumb Code    86  f2d.o(x$fpl$f2d)
    __fpl_fnaninf                            0x08005883   Thumb Code   140  fnaninf.o(x$fpl$fnaninf)
    _fp_init                                 0x0800590f   Thumb Code    10  fpinit.o(x$fpl$fpinit)
    __fplib_config_fpu_vfp                   0x08005917   Thumb Code     0  fpinit.o(x$fpl$fpinit)
    __fplib_config_pureend_doubles           0x08005917   Thumb Code     0  fpinit.o(x$fpl$fpinit)
    __fpl_fretinf                            0x08005919   Thumb Code    10  fretinf.o(x$fpl$fretinf)
    __I$use$fp                               0x08005922   Number         0  usenofp.o(x$fpl$usenofp)
    __mathlib_zero                           0x08005a10   Data           8  qnan.o(.constdata)
    Region$$Table$$Base                      0x08005a18   Number         0  anon$$obj.o(Region$$Table)
    Region$$Table$$Limit                     0x08005a38   Number         0  anon$$obj.o(Region$$Table)
    StartTask_Handler                        0x20000000   Data           4  main.o(.data)
    INSTask_Handler                          0x20000004   Data           4  main.o(.data)
    a                                        0x20000008   Data           4  main.o(.data)
    SystemCoreClock                          0x2000000c   Data           4  system_stm32f4xx.o(.data)
    AHBPrescTable                            0x20000010   Data          16  system_stm32f4xx.o(.data)
    __stdout                                 0x20000024   Data           4  usart.o(.data)
    USART_RX_STA                             0x20000028   Data           2  usart.o(.data)
    pxCurrentTCB                             0x2000003c   Data           4  tasks.o(.data)
    BMI088_ACCEL_SEN                         0x200000b0   Data           4  bmi088driver.o(.data)
    BMI088_GYRO_SEN                          0x200000b4   Data           4  bmi088driver.o(.data)
    zero_flag                                0x200000dc   Data           4  ins_task.o(.data)
    temp_buf                                 0x200000e0   Data           4  ins_task.o(.data)
    gyro_zero                                0x200000e4   Data          12  ins_task.o(.data)
    mpu_zero_kp                              0x200000f0   Data           4  ins_task.o(.data)
    low_pass_kp                              0x200000f4   Data           4  ins_task.o(.data)
    yaw                                      0x200000f8   Data           4  ins_task.o(.data)
    q0                                       0x200000fc   Data           4  ins_task.o(.data)
    q1                                       0x20000100   Data           4  ins_task.o(.data)
    q2                                       0x20000104   Data           4  ins_task.o(.data)
    q3                                       0x20000108   Data           4  ins_task.o(.data)
    exint                                    0x2000010c   Data           4  ins_task.o(.data)
    eyint                                    0x20000110   Data           4  ins_task.o(.data)
    ezint                                    0x20000114   Data           4  ins_task.o(.data)
    mpu_ki                                   0x20000118   Data           4  ins_task.o(.data)
    mpu_kp                                   0x2000011c   Data           4  ins_task.o(.data)
    yaw1                                     0x20000120   Data           4  ins_task.o(.data)
    pit                                      0x20000124   Data           4  ins_task.o(.data)
    rol                                      0x20000128   Data           4  ins_task.o(.data)
    count                                    0x2000012c   Data           4  ins_task.o(.data)
    yaw_last                                 0x20000130   Data           4  ins_task.o(.data)
    vx                                       0x20000134   Data           4  ins_task.o(.data)
    vy                                       0x20000138   Data           4  ins_task.o(.data)
    vz                                       0x2000013c   Data           4  ins_task.o(.data)
    ex                                       0x20000140   Data           4  ins_task.o(.data)
    ey                                       0x20000144   Data           4  ins_task.o(.data)
    ez                                       0x20000148   Data           4  ins_task.o(.data)
    norm                                     0x2000014c   Data           4  ins_task.o(.data)
    last                                     0x20000150   Data           4  ins_task.o(.data)
    now                                      0x20000154   Data           4  ins_task.o(.data)
    halfT                                    0x20000158   Data           4  ins_task.o(.data)
    half                                     0x2000015c   Data           4  ins_task.o(.data)
    USART_RX_BUF                             0x20000160   Data         200  usart.o(.bss)
    xQueueRegistry                           0x20000228   Data          64  queue.o(.bss)
    USART_TX_BUF                             0x20005574   Data          10  ins_task.o(.bss)
    gyro_buf                                 0x20005580   Data          12  ins_task.o(.bss)
    accel_buf                                0x2000558c   Data          12  ins_task.o(.bss)
    gyro_pass                                0x20005598   Data          12  ins_task.o(.bss)
    accel_pass                               0x200055a4   Data          12  ins_task.o(.bss)
    gyro                                     0x200055b0   Data          12  ins_task.o(.bss)
    __libspace_start                         0x200055bc   Data          96  libspace.o(.bss)
    __temporary_stack_top$libspace           0x2000561c   Data           0  libspace.o(.bss)



==============================================================================

Memory Map of the image

  Image Entry point : 0x08000189

  Load Region LR_IROM1 (Base: 0x08000000, Size: 0x00005b98, Max: 0x00100000, ABSOLUTE, COMPRESSED[0x00005aa0])

    Execution Region ER_IROM1 (Exec base: 0x08000000, Load base: 0x08000000, Size: 0x00005a38, Max: 0x00100000, ABSOLUTE)

    Exec Addr    Load Addr    Size         Type   Attr      Idx    E Section Name        Object

    0x08000000   0x08000000   0x00000188   Data   RO          408    RESET               startup_stm32f40_41xxx.o
    0x08000188   0x08000188   0x00000008   Code   RO         7065  * !!!main             c_w.l(__main.o)
    0x08000190   0x08000190   0x00000034   Code   RO         7362    !!!scatter          c_w.l(__scatter.o)
    0x080001c4   0x080001c4   0x0000005a   Code   RO         7360    !!dczerorl2         c_w.l(__dczerorl2.o)
    0x0800021e   0x0800021e   0x00000002   PAD
    0x08000220   0x08000220   0x0000001c   Code   RO         7364    !!handler_zi        c_w.l(__scatter_zi.o)
    0x0800023c   0x0800023c   0x00000000   Code   RO         7054    .ARM.Collect$$_printf_percent$$00000000  c_w.l(_printf_percent.o)
    0x0800023c   0x0800023c   0x00000006   Code   RO         7052    .ARM.Collect$$_printf_percent$$00000009  c_w.l(_printf_d.o)
    0x08000242   0x08000242   0x00000006   Code   RO         7051    .ARM.Collect$$_printf_percent$$00000014  c_w.l(_printf_s.o)
    0x08000248   0x08000248   0x00000004   Code   RO         7126    .ARM.Collect$$_printf_percent$$00000017  c_w.l(_printf_percent_end.o)
    0x0800024c   0x0800024c   0x00000002   Code   RO         7237    .ARM.Collect$$libinit$$00000000  c_w.l(libinit.o)
    0x0800024e   0x0800024e   0x00000004   Code   RO         7240    .ARM.Collect$$libinit$$00000001  c_w.l(libinit2.o)
    0x08000252   0x08000252   0x00000000   Code   RO         7243    .ARM.Collect$$libinit$$00000004  c_w.l(libinit2.o)
    0x08000252   0x08000252   0x00000000   Code   RO         7246    .ARM.Collect$$libinit$$0000000A  c_w.l(libinit2.o)
    0x08000252   0x08000252   0x00000000   Code   RO         7248    .ARM.Collect$$libinit$$0000000C  c_w.l(libinit2.o)
    0x08000252   0x08000252   0x00000000   Code   RO         7250    .ARM.Collect$$libinit$$0000000E  c_w.l(libinit2.o)
    0x08000252   0x08000252   0x00000000   Code   RO         7253    .ARM.Collect$$libinit$$00000011  c_w.l(libinit2.o)
    0x08000252   0x08000252   0x00000000   Code   RO         7255    .ARM.Collect$$libinit$$00000013  c_w.l(libinit2.o)
    0x08000252   0x08000252   0x00000000   Code   RO         7257    .ARM.Collect$$libinit$$00000015  c_w.l(libinit2.o)
    0x08000252   0x08000252   0x00000000   Code   RO         7259    .ARM.Collect$$libinit$$00000017  c_w.l(libinit2.o)
    0x08000252   0x08000252   0x00000000   Code   RO         7261    .ARM.Collect$$libinit$$00000019  c_w.l(libinit2.o)
    0x08000252   0x08000252   0x00000000   Code   RO         7263    .ARM.Collect$$libinit$$0000001B  c_w.l(libinit2.o)
    0x08000252   0x08000252   0x00000000   Code   RO         7265    .ARM.Collect$$libinit$$0000001D  c_w.l(libinit2.o)
    0x08000252   0x08000252   0x00000000   Code   RO         7267    .ARM.Collect$$libinit$$0000001F  c_w.l(libinit2.o)
    0x08000252   0x08000252   0x00000000   Code   RO         7269    .ARM.Collect$$libinit$$00000021  c_w.l(libinit2.o)
    0x08000252   0x08000252   0x00000000   Code   RO         7271    .ARM.Collect$$libinit$$00000023  c_w.l(libinit2.o)
    0x08000252   0x08000252   0x00000000   Code   RO         7273    .ARM.Collect$$libinit$$00000025  c_w.l(libinit2.o)
    0x08000252   0x08000252   0x00000000   Code   RO         7277    .ARM.Collect$$libinit$$0000002C  c_w.l(libinit2.o)
    0x08000252   0x08000252   0x00000000   Code   RO         7279    .ARM.Collect$$libinit$$0000002E  c_w.l(libinit2.o)
    0x08000252   0x08000252   0x00000000   Code   RO         7281    .ARM.Collect$$libinit$$00000030  c_w.l(libinit2.o)
    0x08000252   0x08000252   0x00000000   Code   RO         7283    .ARM.Collect$$libinit$$00000032  c_w.l(libinit2.o)
    0x08000252   0x08000252   0x00000002   Code   RO         7284    .ARM.Collect$$libinit$$00000033  c_w.l(libinit2.o)
    0x08000254   0x08000254   0x00000002   Code   RO         7302    .ARM.Collect$$libshutdown$$00000000  c_w.l(libshutdown.o)
    0x08000256   0x08000256   0x00000000   Code   RO         7312    .ARM.Collect$$libshutdown$$00000002  c_w.l(libshutdown2.o)
    0x08000256   0x08000256   0x00000000   Code   RO         7314    .ARM.Collect$$libshutdown$$00000004  c_w.l(libshutdown2.o)
    0x08000256   0x08000256   0x00000000   Code   RO         7317    .ARM.Collect$$libshutdown$$00000007  c_w.l(libshutdown2.o)
    0x08000256   0x08000256   0x00000000   Code   RO         7320    .ARM.Collect$$libshutdown$$0000000A  c_w.l(libshutdown2.o)
    0x08000256   0x08000256   0x00000000   Code   RO         7322    .ARM.Collect$$libshutdown$$0000000C  c_w.l(libshutdown2.o)
    0x08000256   0x08000256   0x00000000   Code   RO         7325    .ARM.Collect$$libshutdown$$0000000F  c_w.l(libshutdown2.o)
    0x08000256   0x08000256   0x00000002   Code   RO         7326    .ARM.Collect$$libshutdown$$00000010  c_w.l(libshutdown2.o)
    0x08000258   0x08000258   0x00000000   Code   RO         7113    .ARM.Collect$$rtentry$$00000000  c_w.l(__rtentry.o)
    0x08000258   0x08000258   0x00000000   Code   RO         7196    .ARM.Collect$$rtentry$$00000002  c_w.l(__rtentry2.o)
    0x08000258   0x08000258   0x00000006   Code   RO         7208    .ARM.Collect$$rtentry$$00000004  c_w.l(__rtentry4.o)
    0x0800025e   0x0800025e   0x00000000   Code   RO         7198    .ARM.Collect$$rtentry$$00000009  c_w.l(__rtentry2.o)
    0x0800025e   0x0800025e   0x00000004   Code   RO         7199    .ARM.Collect$$rtentry$$0000000A  c_w.l(__rtentry2.o)
    0x08000262   0x08000262   0x00000000   Code   RO         7201    .ARM.Collect$$rtentry$$0000000C  c_w.l(__rtentry2.o)
    0x08000262   0x08000262   0x00000008   Code   RO         7202    .ARM.Collect$$rtentry$$0000000D  c_w.l(__rtentry2.o)
    0x0800026a   0x0800026a   0x00000002   Code   RO         7238    .ARM.Collect$$rtexit$$00000000  c_w.l(rtexit.o)
    0x0800026c   0x0800026c   0x00000000   Code   RO         7286    .ARM.Collect$$rtexit$$00000002  c_w.l(rtexit2.o)
    0x0800026c   0x0800026c   0x00000004   Code   RO         7287    .ARM.Collect$$rtexit$$00000003  c_w.l(rtexit2.o)
    0x08000270   0x08000270   0x00000006   Code   RO         7288    .ARM.Collect$$rtexit$$00000004  c_w.l(rtexit2.o)
    0x08000276   0x08000276   0x00000002   PAD
    0x08000278   0x08000278   0x000000b6   Code   RO         6285    .emb_text           port.o
    0x0800032e   0x0800032e   0x00000002   PAD
    0x08000330   0x08000330   0x00000040   Code   RO          409    .text               startup_stm32f40_41xxx.o
    0x08000370   0x08000370   0x00000002   Code   RO         7014    .text               c_w.l(use_no_semi_2.o)
    0x08000372   0x08000372   0x00000002   PAD
    0x08000374   0x08000374   0x00000018   Code   RO         7020    .text               c_w.l(noretval__2printf.o)
    0x0800038c   0x0800038c   0x00000068   Code   RO         7024    .text               c_w.l(__printf.o)
    0x080003f4   0x080003f4   0x00000052   Code   RO         7026    .text               c_w.l(_printf_str.o)
    0x08000446   0x08000446   0x00000002   PAD
    0x08000448   0x08000448   0x00000078   Code   RO         7028    .text               c_w.l(_printf_dec.o)
    0x080004c0   0x080004c0   0x0000008a   Code   RO         7059    .text               c_w.l(rt_memcpy_v6.o)
    0x0800054a   0x0800054a   0x00000010   Code   RO         7061    .text               c_w.l(aeabi_memset.o)
    0x0800055a   0x0800055a   0x00000006   Code   RO         7063    .text               c_w.l(heapauxi.o)
    0x08000560   0x08000560   0x00000002   Code   RO         7111    .text               c_w.l(use_no_semi.o)
    0x08000562   0x08000562   0x00000016   Code   RO         7114    .text               c_w.l(_rserrno.o)
    0x08000578   0x08000578   0x000000b2   Code   RO         7116    .text               c_w.l(_printf_intcommon.o)
    0x0800062a   0x0800062a   0x00000002   PAD
    0x0800062c   0x0800062c   0x00000030   Code   RO         7118    .text               c_w.l(_printf_char_common.o)
    0x0800065c   0x0800065c   0x0000002c   Code   RO         7122    .text               c_w.l(_printf_char.o)
    0x08000688   0x08000688   0x00000024   Code   RO         7124    .text               c_w.l(_printf_char_file.o)
    0x080006ac   0x080006ac   0x00000064   Code   RO         7127    .text               c_w.l(rt_memcpy_w.o)
    0x08000710   0x08000710   0x00000044   Code   RO         7129    .text               c_w.l(rt_memclr.o)
    0x08000754   0x08000754   0x00000008   Code   RO         7213    .text               c_w.l(rt_errno_addr_intlibspace.o)
    0x0800075c   0x0800075c   0x00000008   Code   RO         7217    .text               c_w.l(ferror.o)
    0x08000764   0x08000764   0x0000004e   Code   RO         7221    .text               c_w.l(rt_memclr_w.o)
    0x080007b2   0x080007b2   0x00000002   PAD
    0x080007b4   0x080007b4   0x00000008   Code   RO         7225    .text               c_w.l(libspace.o)
    0x080007bc   0x080007bc   0x0000004a   Code   RO         7228    .text               c_w.l(sys_stackheap_outer.o)
    0x08000806   0x08000806   0x00000012   Code   RO         7230    .text               c_w.l(exit.o)
    0x08000818   0x08000818   0x00000014   Code   RO         6643    i.BMI088_ACCEL_NS_H  bmi088middleware.o
    0x0800082c   0x0800082c   0x00000014   Code   RO         6644    i.BMI088_ACCEL_NS_L  bmi088middleware.o
    0x08000840   0x08000840   0x0000008c   Code   RO         6645    i.BMI088_GPIO_init  bmi088middleware.o
    0x080008cc   0x080008cc   0x00000014   Code   RO         6646    i.BMI088_GYRO_NS_H  bmi088middleware.o
    0x080008e0   0x080008e0   0x00000014   Code   RO         6647    i.BMI088_GYRO_NS_L  bmi088middleware.o
    0x080008f4   0x080008f4   0x00000002   Code   RO         6648    i.BMI088_com_init   bmi088middleware.o
    0x080008f6   0x080008f6   0x0000001a   Code   RO         6649    i.BMI088_delay_ms   bmi088middleware.o
    0x08000910   0x08000910   0x0000000c   Code   RO         6650    i.BMI088_delay_us   bmi088middleware.o
    0x0800091c   0x0800091c   0x0000001c   Code   RO         6478    i.BMI088_init       bmi088driver.o
    0x08000938   0x08000938   0x0000017c   Code   RO         6479    i.BMI088_read       bmi088driver.o
    0x08000ab4   0x08000ab4   0x00000026   Code   RO         6480    i.BMI088_read_muli_reg  bmi088driver.o
    0x08000ada   0x08000ada   0x00000018   Code   RO         6481    i.BMI088_read_single_reg  bmi088driver.o
    0x08000af2   0x08000af2   0x00000002   PAD
    0x08000af4   0x08000af4   0x00000038   Code   RO         6651    i.BMI088_read_write_byte  bmi088middleware.o
    0x08000b2c   0x08000b2c   0x00000014   Code   RO         6482    i.BMI088_write_single_reg  bmi088driver.o
    0x08000b40   0x08000b40   0x00000004   Code   RO          217    i.BusFault_Handler  stm32f4xx_it.o
    0x08000b44   0x08000b44   0x00000002   Code   RO          218    i.DebugMon_Handler  stm32f4xx_it.o
    0x08000b46   0x08000b46   0x00000090   Code   RO         2324    i.GPIO_Init         stm32f4xx_gpio.o
    0x08000bd6   0x08000bd6   0x00000046   Code   RO         2325    i.GPIO_PinAFConfig  stm32f4xx_gpio.o
    0x08000c1c   0x08000c1c   0x00000004   Code   RO         2332    i.GPIO_SetBits      stm32f4xx_gpio.o
    0x08000c20   0x08000c20   0x0000000a   Code   RO         2336    i.GPIO_WriteBit     stm32f4xx_gpio.o
    0x08000c2a   0x08000c2a   0x00000004   Code   RO          219    i.HardFault_Handler  stm32f4xx_it.o
    0x08000c2e   0x08000c2e   0x00000002   PAD
    0x08000c30   0x08000c30   0x00000098   Code   RO         6435    i.LED_Init          led.o
    0x08000cc8   0x08000cc8   0x00000004   Code   RO          220    i.MemManage_Handler  stm32f4xx_it.o
    0x08000ccc   0x08000ccc   0x00000002   Code   RO          221    i.NMI_Handler       stm32f4xx_it.o
    0x08000cce   0x08000cce   0x00000002   PAD
    0x08000cd0   0x08000cd0   0x00000014   Code   RO          602    i.NVIC_PriorityGroupConfig  misc.o
    0x08000ce4   0x08000ce4   0x00000020   Code   RO         3188    i.RCC_AHB1PeriphClockCmd  stm32f4xx_rcc.o
    0x08000d04   0x08000d04   0x00000020   Code   RO         3199    i.RCC_APB1PeriphResetCmd  stm32f4xx_rcc.o
    0x08000d24   0x08000d24   0x00000020   Code   RO         3200    i.RCC_APB2PeriphClockCmd  stm32f4xx_rcc.o
    0x08000d44   0x08000d44   0x00000020   Code   RO         3202    i.RCC_APB2PeriphResetCmd  stm32f4xx_rcc.o
    0x08000d64   0x08000d64   0x000000e8   Code   RO         3209    i.RCC_GetClocksFreq  stm32f4xx_rcc.o
    0x08000e4c   0x08000e4c   0x00000018   Code   RO         4305    i.SPI_Cmd           stm32f4xx_spi.o
    0x08000e64   0x08000e64   0x00000012   Code   RO         4313    i.SPI_I2S_GetFlagStatus  stm32f4xx_spi.o
    0x08000e76   0x08000e76   0x00000006   Code   RO         4316    i.SPI_I2S_ReceiveData  stm32f4xx_spi.o
    0x08000e7c   0x08000e7c   0x00000004   Code   RO         4317    i.SPI_I2S_SendData  stm32f4xx_spi.o
    0x08000e80   0x08000e80   0x0000003c   Code   RO         4318    i.SPI_Init          stm32f4xx_spi.o
    0x08000ebc   0x08000ebc   0x000000ec   Code   RO          371    i.SetSysClock       system_stm32f4xx.o
    0x08000fa8   0x08000fa8   0x00000028   Code   RO          605    i.SysTick_CLKSourceConfig  misc.o
    0x08000fd0   0x08000fd0   0x00000010   Code   RO          415    i.SysTick_Handler   delay.o
    0x08000fe0   0x08000fe0   0x00000068   Code   RO          373    i.SystemInit        system_stm32f4xx.o
    0x08001048   0x08001048   0x00000088   Code   RO          531    i.USART1_IRQHandler  usart.o
    0x080010d0   0x080010d0   0x00000018   Code   RO         5085    i.USART_Cmd         stm32f4xx_usart.o
    0x080010e8   0x080010e8   0x000000f0   Code   RO         5087    i.USART_DeInit      stm32f4xx_usart.o
    0x080011d8   0x080011d8   0x0000001a   Code   RO         5088    i.USART_GetFlagStatus  stm32f4xx_usart.o
    0x080011f2   0x080011f2   0x00000054   Code   RO         5089    i.USART_GetITStatus  stm32f4xx_usart.o
    0x08001246   0x08001246   0x00000002   PAD
    0x08001248   0x08001248   0x000000d4   Code   RO         5092    i.USART_Init        stm32f4xx_usart.o
    0x0800131c   0x0800131c   0x0000000a   Code   RO         5099    i.USART_ReceiveData  stm32f4xx_usart.o
    0x08001326   0x08001326   0x00000008   Code   RO         5102    i.USART_SendData    stm32f4xx_usart.o
    0x0800132e   0x0800132e   0x00000004   Code   RO          222    i.UsageFault_Handler  stm32f4xx_it.o
    0x08001332   0x08001332   0x00000030   Code   RO         7190    i.__ARM_fpclassify  m_wm.l(fpclassify.o)
    0x08001362   0x08001362   0x00000006   PAD
    0x08001368   0x08001368   0x00000360   Code   RO         7073    i.__hardfp_asin     m_wm.l(asin.o)
    0x080016c8   0x080016c8   0x000002d8   Code   RO         7156    i.__hardfp_atan     m_wm.l(atan.o)
    0x080019a0   0x080019a0   0x000001f0   Code   RO         7087    i.__hardfp_atan2    m_wm.l(atan2.o)
    0x08001b90   0x08001b90   0x0000007a   Code   RO         7099    i.__hardfp_sqrt     m_wm.l(sqrt.o)
    0x08001c0a   0x08001c0a   0x000000f8   Code   RO         7192    i.__kernel_poly     m_wm.l(poly.o)
    0x08001d02   0x08001d02   0x00000014   Code   RO         7171    i.__mathlib_dbl_infnan  m_wm.l(dunder.o)
    0x08001d16   0x08001d16   0x00000014   Code   RO         7172    i.__mathlib_dbl_infnan2  m_wm.l(dunder.o)
    0x08001d2a   0x08001d2a   0x00000006   PAD
    0x08001d30   0x08001d30   0x00000020   Code   RO         7173    i.__mathlib_dbl_invalid  m_wm.l(dunder.o)
    0x08001d50   0x08001d50   0x00000020   Code   RO         7176    i.__mathlib_dbl_underflow  m_wm.l(dunder.o)
    0x08001d70   0x08001d70   0x00000004   Code   RO          532    i._sys_exit         usart.o
    0x08001d74   0x08001d74   0x00000010   Code   RO         7158    i.atan              m_wm.l(atan.o)
    0x08001d84   0x08001d84   0x000000ec   Code   RO         6455    i.bim088_spi_init   bmi088_int.o
    0x08001e70   0x08001e70   0x00000128   Code   RO         6483    i.bmi088_accel_init  bmi088driver.o
    0x08001f98   0x08001f98   0x000000f4   Code   RO         6484    i.bmi088_gyro_init  bmi088driver.o
    0x0800208c   0x0800208c   0x000000e8   Code   RO         6785    i.bmi_get           ins_task.o
    0x08002174   0x08002174   0x000006fc   Code   RO         6786    i.bmi_ins           ins_task.o
    0x08002870   0x08002870   0x0000007c   Code   RO         6787    i.bmi_lowpass       ins_task.o
    0x080028ec   0x080028ec   0x00000044   Code   RO          416    i.delay_init        delay.o
    0x08002930   0x08002930   0x00000040   Code   RO          417    i.delay_ms          delay.o
    0x08002970   0x08002970   0x00000048   Code   RO          418    i.delay_us          delay.o
    0x080029b8   0x080029b8   0x00000018   Code   RO         7186    i.fabs              m_wm.l(fabs.o)
    0x080029d0   0x080029d0   0x0000001c   Code   RO          533    i.fputc             usart.o
    0x080029ec   0x080029ec   0x0000000e   Code   RO            3    i.ins_task          main.o
    0x080029fa   0x080029fa   0x00000002   PAD
    0x080029fc   0x080029fc   0x00000070   Code   RO            4    i.main              main.o
    0x08002a6c   0x08002a6c   0x00000098   Code   RO         5771    i.prvAddCurrentTaskToDelayedList  tasks.o
    0x08002b04   0x08002b04   0x000000b8   Code   RO         5772    i.prvAddNewTaskToReadyList  tasks.o
    0x08002bbc   0x08002bbc   0x00000064   Code   RO         6143    i.prvCheckForValidListAndQueue  timers.o
    0x08002c20   0x08002c20   0x00000064   Code   RO         5773    i.prvCheckTasksWaitingTermination  tasks.o
    0x08002c84   0x08002c84   0x0000002a   Code   RO         5523    i.prvCopyDataFromQueue  queue.o
    0x08002cae   0x08002cae   0x0000007c   Code   RO         5524    i.prvCopyDataToQueue  queue.o
    0x08002d2a   0x08002d2a   0x00000012   Code   RO         5774    i.prvDeleteTCB      tasks.o
    0x08002d3c   0x08002d3c   0x00000028   Code   RO         6144    i.prvGetNextExpireTime  timers.o
    0x08002d64   0x08002d64   0x0000007c   Code   RO         6374    i.prvHeapInit       heap_4.o
    0x08002de0   0x08002de0   0x00000028   Code   RO         5775    i.prvIdleTask       tasks.o
    0x08002e08   0x08002e08   0x0000002e   Code   RO         5526    i.prvInitialiseNewQueue  queue.o
    0x08002e36   0x08002e36   0x00000002   PAD
    0x08002e38   0x08002e38   0x000000d0   Code   RO         5776    i.prvInitialiseNewTask  tasks.o
    0x08002f08   0x08002f08   0x00000068   Code   RO         5777    i.prvInitialiseTaskLists  tasks.o
    0x08002f70   0x08002f70   0x00000068   Code   RO         6375    i.prvInsertBlockIntoFreeList  heap_4.o
    0x08002fd8   0x08002fd8   0x00000058   Code   RO         6146    i.prvInsertTimerInActiveList  timers.o
    0x08003030   0x08003030   0x0000001a   Code   RO         5527    i.prvIsQueueEmpty   queue.o
    0x0800304a   0x0800304a   0x0000001e   Code   RO         5528    i.prvIsQueueFull    queue.o
    0x08003068   0x08003068   0x000000a0   Code   RO         5529    i.prvNotifyQueueSetContainer  queue.o
    0x08003108   0x08003108   0x00000080   Code   RO         6147    i.prvProcessExpiredTimer  timers.o
    0x08003188   0x08003188   0x0000012c   Code   RO         6148    i.prvProcessReceivedCommands  timers.o
    0x080032b4   0x080032b4   0x00000074   Code   RO         6149    i.prvProcessTimerOrBlockTask  timers.o
    0x08003328   0x08003328   0x00000034   Code   RO         5779    i.prvResetNextTaskUnblockTime  tasks.o
    0x0800335c   0x0800335c   0x0000002c   Code   RO         6150    i.prvSampleTimeNow  timers.o
    0x08003388   0x08003388   0x000000bc   Code   RO         6151    i.prvSwitchTimerLists  timers.o
    0x08003444   0x08003444   0x00000074   Code   RO         6286    i.prvTaskExitError  port.o
    0x080034b8   0x080034b8   0x0000001a   Code   RO         6152    i.prvTimerTask      timers.o
    0x080034d2   0x080034d2   0x00000092   Code   RO         5530    i.prvUnlockQueue    queue.o
    0x08003564   0x08003564   0x00000154   Code   RO         6376    i.pvPortMalloc      heap_4.o
    0x080036b8   0x080036b8   0x00000020   Code   RO         5783    i.pvTaskIncrementMutexHeldCount  tasks.o
    0x080036d8   0x080036d8   0x0000002c   Code   RO         6287    i.pxPortInitialiseStack  port.o
    0x08003704   0x08003704   0x0000006e   Code   RO         7101    i.sqrt              m_wm.l(sqrt.o)
    0x08003772   0x08003772   0x00000002   PAD
    0x08003774   0x08003774   0x00000044   Code   RO            5    i.start_task        main.o
    0x080037b8   0x080037b8   0x00000028   Code   RO         5474    i.uxListRemove      list.o
    0x080037e0   0x080037e0   0x0000001a   Code   RO         5475    i.vListInitialise   list.o
    0x080037fa   0x080037fa   0x00000006   Code   RO         5476    i.vListInitialiseItem  list.o
    0x08003800   0x08003800   0x00000034   Code   RO         5477    i.vListInsert       list.o
    0x08003834   0x08003834   0x00000018   Code   RO         5478    i.vListInsertEnd    list.o
    0x0800384c   0x0800384c   0x00000088   Code   RO         6289    i.vPortEnterCritical  port.o
    0x080038d4   0x080038d4   0x00000070   Code   RO         6290    i.vPortExitCritical  port.o
    0x08003944   0x08003944   0x000000b8   Code   RO         6377    i.vPortFree         heap_4.o
    0x080039fc   0x080039fc   0x00000020   Code   RO         6291    i.vPortSetupTimerInterrupt  port.o
    0x08003a1c   0x08003a1c   0x000000a0   Code   RO         6292    i.vPortValidateInterruptPriority  port.o
    0x08003abc   0x08003abc   0x0000002c   Code   RO         5536    i.vQueueAddToRegistry  queue.o
    0x08003ae8   0x08003ae8   0x0000004a   Code   RO         5540    i.vQueueWaitForMessageRestricted  queue.o
    0x08003b32   0x08003b32   0x00000002   PAD
    0x08003b34   0x08003b34   0x00000074   Code   RO         5791    i.vTaskDelay        tasks.o
    0x08003ba8   0x08003ba8   0x0000010c   Code   RO         5793    i.vTaskDelete       tasks.o
    0x08003cb4   0x08003cb4   0x0000000c   Code   RO         5797    i.vTaskMissedYield  tasks.o
    0x08003cc0   0x08003cc0   0x00000054   Code   RO         5799    i.vTaskPlaceOnEventList  tasks.o
    0x08003d14   0x08003d14   0x0000005c   Code   RO         5800    i.vTaskPlaceOnEventListRestricted  tasks.o
    0x08003d70   0x08003d70   0x000000b0   Code   RO         5802    i.vTaskPriorityInherit  tasks.o
    0x08003e20   0x08003e20   0x0000004c   Code   RO         5806    i.vTaskSetTimeOutState  tasks.o
    0x08003e6c   0x08003e6c   0x000000ac   Code   RO         5807    i.vTaskStartScheduler  tasks.o
    0x08003f18   0x08003f18   0x00000010   Code   RO         5809    i.vTaskSuspendAll   tasks.o
    0x08003f28   0x08003f28   0x000000a8   Code   RO         5810    i.vTaskSwitchContext  tasks.o
    0x08003fd0   0x08003fd0   0x000000c0   Code   RO         6984    i.vision_init       vision.o
    0x08004090   0x08004090   0x0000015c   Code   RO         6293    i.xPortStartScheduler  port.o
    0x080041ec   0x080041ec   0x00000034   Code   RO         6294    i.xPortSysTickHandler  port.o
    0x08004220   0x08004220   0x00000074   Code   RO         5545    i.xQueueGenericCreate  queue.o
    0x08004294   0x08004294   0x000001c8   Code   RO         5546    i.xQueueGenericReceive  queue.o
    0x0800445c   0x0800445c   0x000000b0   Code   RO         5547    i.xQueueGenericReset  queue.o
    0x0800450c   0x0800450c   0x000001c4   Code   RO         5548    i.xQueueGenericSend  queue.o
    0x080046d0   0x080046d0   0x00000110   Code   RO         5549    i.xQueueGenericSendFromISR  queue.o
    0x080047e0   0x080047e0   0x000000a0   Code   RO         5811    i.xTaskCheckForTimeOut  tasks.o
    0x08004880   0x08004880   0x00000060   Code   RO         5812    i.xTaskCreate       tasks.o
    0x080048e0   0x080048e0   0x00000020   Code   RO         5816    i.xTaskGetSchedulerState  tasks.o
    0x08004900   0x08004900   0x0000000c   Code   RO         5817    i.xTaskGetTickCount  tasks.o
    0x0800490c   0x0800490c   0x00000160   Code   RO         5819    i.xTaskIncrementTick  tasks.o
    0x08004a6c   0x08004a6c   0x000000d8   Code   RO         5822    i.xTaskPriorityDisinherit  tasks.o
    0x08004b44   0x08004b44   0x000000b4   Code   RO         5823    i.xTaskRemoveFromEventList  tasks.o
    0x08004bf8   0x08004bf8   0x00000120   Code   RO         5825    i.xTaskResumeAll    tasks.o
    0x08004d18   0x08004d18   0x00000074   Code   RO         6156    i.xTimerCreateTimerTask  timers.o
    0x08004d8c   0x08004d8c   0x000000a4   Code   RO         6157    i.xTimerGenericCommand  timers.o
    0x08004e30   0x08004e30   0x00000018   Code   RO         7131    x$fpl$basic         fz_wm.l(basic.o)
    0x08004e48   0x08004e48   0x00000062   Code   RO         7067    x$fpl$d2f           fz_wm.l(d2f.o)
    0x08004eaa   0x08004eaa   0x00000002   PAD
    0x08004eac   0x08004eac   0x00000150   Code   RO         7133    x$fpl$dadd          fz_wm.l(daddsub_clz.o)
    0x08004ffc   0x08004ffc   0x000002b0   Code   RO         7140    x$fpl$ddiv          fz_wm.l(ddiv.o)
    0x080052ac   0x080052ac   0x00000154   Code   RO         7069    x$fpl$dmul          fz_wm.l(dmul.o)
    0x08005400   0x08005400   0x0000009c   Code   RO         7145    x$fpl$dnaninf       fz_wm.l(dnaninf.o)
    0x0800549c   0x0800549c   0x0000000c   Code   RO         7147    x$fpl$dretinf       fz_wm.l(dretinf.o)
    0x080054a8   0x080054a8   0x00000016   Code   RO         7134    x$fpl$drsb          fz_wm.l(daddsub_clz.o)
    0x080054be   0x080054be   0x00000002   PAD
    0x080054c0   0x080054c0   0x00000198   Code   RO         7149    x$fpl$dsqrt         fz_wm.l(dsqrt_umaal.o)
    0x08005658   0x08005658   0x000001d4   Code   RO         7135    x$fpl$dsub          fz_wm.l(daddsub_clz.o)
    0x0800582c   0x0800582c   0x00000056   Code   RO         7071    x$fpl$f2d           fz_wm.l(f2d.o)
    0x08005882   0x08005882   0x0000008c   Code   RO         7151    x$fpl$fnaninf       fz_wm.l(fnaninf.o)
    0x0800590e   0x0800590e   0x0000000a   Code   RO         7294    x$fpl$fpinit        fz_wm.l(fpinit.o)
    0x08005918   0x08005918   0x0000000a   Code   RO         7153    x$fpl$fretinf       fz_wm.l(fretinf.o)
    0x08005922   0x08005922   0x00000000   Code   RO         7155    x$fpl$usenofp       fz_wm.l(usenofp.o)
    0x08005922   0x08005922   0x00000006   PAD
    0x08005928   0x08005928   0x00000050   Data   RO         7076    .constdata          m_wm.l(asin.o)
    0x08005978   0x08005978   0x00000098   Data   RO         7159    .constdata          m_wm.l(atan.o)
    0x08005a10   0x08005a10   0x00000008   Data   RO         7194    .constdata          m_wm.l(qnan.o)
    0x08005a18   0x08005a18   0x00000020   Data   RO         7358    Region$$Table       anon$$obj.o


    Execution Region RW_IRAM2 (Exec base: 0x10000000, Load base: 0x08005aa0, Size: 0x00000000, Max: 0x00010000, ABSOLUTE)

    **** No section assigned to this execution region ****


    Execution Region RW_IRAM1 (Exec base: 0x20000000, Load base: 0x08005a38, Size: 0x00005c20, Max: 0x00020000, ABSOLUTE, COMPRESSED[0x00000068])

    Exec Addr    Load Addr    Size         Type   Attr      Idx    E Section Name        Object

    0x20000000   COMPRESSED   0x0000000c   Data   RW            6    .data               main.o
    0x2000000c   COMPRESSED   0x00000014   Data   RW          374    .data               system_stm32f4xx.o
    0x20000020   COMPRESSED   0x00000004   Data   RW          420    .data               delay.o
    0x20000024   COMPRESSED   0x00000006   Data   RW          536    .data               usart.o
    0x2000002a   COMPRESSED   0x00000010   Data   RW         3241    .data               stm32f4xx_rcc.o
    0x2000003a   COMPRESSED   0x00000002   PAD
    0x2000003c   COMPRESSED   0x0000003c   Data   RW         5828    .data               tasks.o
    0x20000078   COMPRESSED   0x00000014   Data   RW         6165    .data               timers.o
    0x2000008c   COMPRESSED   0x0000000c   Data   RW         6295    .data               port.o
    0x20000098   COMPRESSED   0x00000018   Data   RW         6382    .data               heap_4.o
    0x200000b0   COMPRESSED   0x0000002c   Data   RW         6485    .data               bmi088driver.o
    0x200000dc   COMPRESSED   0x00000084   Data   RW         6789    .data               ins_task.o
    0x20000160        -       0x000000c8   Zero   RW          535    .bss                usart.o
    0x20000228        -       0x00000040   Zero   RW         5560    .bss                queue.o
    0x20000268        -       0x000002e4   Zero   RW         5827    .bss                tasks.o
    0x2000054c        -       0x00000028   Zero   RW         6164    .bss                timers.o
    0x20000574        -       0x00005000   Zero   RW         6381    .bss                heap_4.o
    0x20005574        -       0x00000048   Zero   RW         6788    .bss                ins_task.o
    0x200055bc        -       0x00000060   Zero   RW         7226    .bss                c_w.l(libspace.o)
    0x2000561c   COMPRESSED   0x00000004   PAD
    0x20005620        -       0x00000200   Zero   RW          407    HEAP                startup_stm32f40_41xxx.o
    0x20005820        -       0x00000400   Zero   RW          406    STACK               startup_stm32f40_41xxx.o


==============================================================================

Image component sizes


      Code (inc. data)   RO Data    RW Data    ZI Data      Debug   Object Name

       236         12          0          0          0        726   bmi088_int.o
      1030         20          0         44          0       7078   bmi088driver.o
       316         40          0          0          0      12580   bmi088middleware.o
       220         18          0          4          0     239997   delay.o
         0          0          0          0          0      11704   event_groups.o
       752        176          0         24      20480       4059   heap_4.o
      2144        190          0        132         72     232246   ins_task.o
       152         16          0          0          0        555   led.o
       148          0          0          0          0       3314   list.o
       194         50          0         12          0      26537   main.o
        60         10          0          0          0       1061   misc.o
      1182        396          0         12          0      10941   port.o
      2164        238          0          0         64      15861   queue.o
        64         26        392          0       1536        832   startup_stm32f40_41xxx.o
       228          0          0          0          0       3014   stm32f4xx_gpio.o
        20          0          0          0          0      39029   stm32f4xx_it.o
       360         42          0         16          0       5292   stm32f4xx_rcc.o
       112          0          0          0          0       3582   stm32f4xx_spi.o
       604         42          0          0          0       5367   stm32f4xx_usart.o
       340         32          0         20          0       1861   system_stm32f4xx.o
      3406        878          0         60        740      29483   tasks.o
      1310        312          0         20         40       8887   timers.o
       168         20          0          6        200       3628   usart.o
       192         10          0          0          0        674   vision.o

    ----------------------------------------------------------------------
     15418       2528        424        352      23132     668308   Object Totals
         0          0         32          0          0          0   (incl. Generated)
        16          0          0          2          0          0   (incl. Padding)

    ----------------------------------------------------------------------

      Code (inc. data)   RO Data    RW Data    ZI Data      Debug   Library Member Name

        90          0          0          0          0          0   __dczerorl2.o
         8          0          0          0          0         68   __main.o
       104          0          0          0          0         84   __printf.o
         0          0          0          0          0          0   __rtentry.o
        12          0          0          0          0          0   __rtentry2.o
         6          0          0          0          0          0   __rtentry4.o
        52          8          0          0          0          0   __scatter.o
        28          0          0          0          0          0   __scatter_zi.o
        44          0          0          0          0        108   _printf_char.o
        48          6          0          0          0         96   _printf_char_common.o
        36          4          0          0          0         80   _printf_char_file.o
         6          0          0          0          0          0   _printf_d.o
       120         16          0          0          0         92   _printf_dec.o
       178          0          0          0          0         88   _printf_intcommon.o
         0          0          0          0          0          0   _printf_percent.o
         4          0          0          0          0          0   _printf_percent_end.o
         6          0          0          0          0          0   _printf_s.o
        82          0          0          0          0         80   _printf_str.o
        22          0          0          0          0        100   _rserrno.o
        16          0          0          0          0         68   aeabi_memset.o
        18          0          0          0          0         80   exit.o
         8          0          0          0          0         68   ferror.o
         6          0          0          0          0        152   heapauxi.o
         2          0          0          0          0          0   libinit.o
         6          0          0          0          0          0   libinit2.o
         2          0          0          0          0          0   libshutdown.o
         2          0          0          0          0          0   libshutdown2.o
         8          4          0          0         96         68   libspace.o
        24          4          0          0          0         84   noretval__2printf.o
         8          4          0          0          0         68   rt_errno_addr_intlibspace.o
        68          0          0          0          0         68   rt_memclr.o
        78          0          0          0          0         80   rt_memclr_w.o
       138          0          0          0          0         68   rt_memcpy_v6.o
       100          0          0          0          0         80   rt_memcpy_w.o
         2          0          0          0          0          0   rtexit.o
        10          0          0          0          0          0   rtexit2.o
        74          0          0          0          0         80   sys_stackheap_outer.o
         2          0          0          0          0         68   use_no_semi.o
         2          0          0          0          0         68   use_no_semi_2.o
        24          0          0          0          0        164   basic.o
        98          4          0          0          0        140   d2f.o
       826         16          0          0          0        492   daddsub_clz.o
       688        140          0          0          0        256   ddiv.o
       340         12          0          0          0        152   dmul.o
       156          4          0          0          0        140   dnaninf.o
        12          0          0          0          0        116   dretinf.o
       408         56          0          0          0        168   dsqrt_umaal.o
        86          4          0          0          0        132   f2d.o
       140          4          0          0          0        132   fnaninf.o
        10          0          0          0          0        116   fpinit.o
        10          0          0          0          0        116   fretinf.o
         0          0          0          0          0          0   usenofp.o
       864         94         80          0          0        280   asin.o
       744        106        152          0          0        352   atan.o
       496         64          0          0          0        192   atan2.o
       104         16          0          0          0        496   dunder.o
        24          0          0          0          0        124   fabs.o
        48          0          0          0          0        124   fpclassify.o
       248          0          0          0          0        152   poly.o
         0          0          8          0          0          0   qnan.o
       232          0          0          0          0        296   sqrt.o

    ----------------------------------------------------------------------
      7014        566        240          0        100       6036   Library Totals
        36          0          0          0          4          0   (incl. Padding)

    ----------------------------------------------------------------------

      Code (inc. data)   RO Data    RW Data    ZI Data      Debug   Library Name

      1420         46          0          0         96       1896   c_w.l
      2798        240          0          0          0       2124   fz_wm.l
      2760        280        240          0          0       2016   m_wm.l

    ----------------------------------------------------------------------
      7014        566        240          0        100       6036   Library Totals

    ----------------------------------------------------------------------

==============================================================================


      Code (inc. data)   RO Data    RW Data    ZI Data      Debug   

     22432       3094        664        352      23232     658156   Grand Totals
     22432       3094        664        104      23232     658156   ELF Image Totals (compressed)
     22432       3094        664        104          0          0   ROM Totals

==============================================================================

    Total RO  Size (Code + RO Data)                23096 (  22.55kB)
    Total RW  Size (RW Data + ZI Data)             23584 (  23.03kB)
    Total ROM Size (Code + RO Data + RW Data)      23200 (  22.66kB)

==============================================================================

