Component: ARM Compiler 5.06 update 6 (build 750) Tool: armlink [4d35ed]

==============================================================================

Section Cross References

    main.o(i.led1_task) refers to encoder_task.o(i.moto_speed_get) for moto_speed_get
    main.o(i.led1_task) refers to 24l01.o(i.NRF24L01_RxPacket) for NRF24L01_RxPacket
    main.o(i.led1_task) refers to tasks.o(i.vTaskDelay) for vTaskDelay
    main.o(i.led1_task) refers to encoder_task.o(.bss) for right_motor
    main.o(i.led1_task) refers to main.o(.bss) for tmp_buf
    main.o(i.led1_task) refers to main.o(.data) for rx_check
    main.o(i.led2_task) refers to tasks.o(i.vTaskDelay) for vTaskDelay
    main.o(i.main) refers to misc.o(i.NVIC_PriorityGroupConfig) for NVIC_PriorityGroupConfig
    main.o(i.main) refers to delay.o(i.delay_init) for delay_init
    main.o(i.main) refers to led.o(i.LED_Init) for LED_Init
    main.o(i.main) refers to enconder.o(i.Enconder_init) for Enconder_init
    main.o(i.main) refers to pwm.o(i.TIM8_PWM_Init) for TIM8_PWM_Init
    main.o(i.main) refers to vision.o(i.vision_init) for vision_init
    main.o(i.main) refers to 24l01.o(i.NRF24L01_Init) for NRF24L01_Init
    main.o(i.main) refers to openmv.o(i.open_init) for open_init
    main.o(i.main) refers to key.o(i.KEY_Init) for KEY_Init
    main.o(i.main) refers to k210.o(i.k210_init) for k210_init
    main.o(i.main) refers to 24l01.o(i.NRF24L01_Check) for NRF24L01_Check
    main.o(i.main) refers to 24l01.o(i.NRF24L01_RX_Mode) for NRF24L01_RX_Mode
    main.o(i.main) refers to delay.o(i.delay_ms) for delay_ms
    main.o(i.main) refers to tasks.o(i.xTaskCreate) for xTaskCreate
    main.o(i.main) refers to tasks.o(i.vTaskStartScheduler) for vTaskStartScheduler
    main.o(i.main) refers to main.o(.data) for check_ok
    main.o(i.main) refers to main.o(i.start_task) for start_task
    main.o(i.start_task) refers to port.o(i.vPortEnterCritical) for vPortEnterCritical
    main.o(i.start_task) refers to tasks.o(i.xTaskCreate) for xTaskCreate
    main.o(i.start_task) refers to tasks.o(i.vTaskDelete) for vTaskDelete
    main.o(i.start_task) refers to port.o(i.vPortExitCritical) for vPortExitCritical
    main.o(i.start_task) refers to main.o(.data) for ENCODERTask_Handler
    main.o(i.start_task) refers to encoder_task.o(i.encoder_task) for encoder_task
    main.o(i.start_task) refers to main.o(i.led1_task) for led1_task
    main.o(i.start_task) refers to main.o(i.led2_task) for led2_task
    main.o(i.start_task) refers to timer.o(i.button_task) for button_task
    system_stm32f4xx.o(i.SystemCoreClockUpdate) refers to system_stm32f4xx.o(.data) for SystemCoreClock
    system_stm32f4xx.o(i.SystemInit) refers to system_stm32f4xx.o(i.SetSysClock) for SetSysClock
    led.o(i.LED_Init) refers to stm32f4xx_rcc.o(i.RCC_AHB1PeriphClockCmd) for RCC_AHB1PeriphClockCmd
    led.o(i.LED_Init) refers to stm32f4xx_gpio.o(i.GPIO_Init) for GPIO_Init
    led.o(i.LED_Init) refers to stm32f4xx_gpio.o(i.GPIO_ResetBits) for GPIO_ResetBits
    enconder.o(i.Enconder_init) refers to enconder.o(i.direction_init) for direction_init
    enconder.o(i.Enconder_init) refers to stm32f4xx_rcc.o(i.RCC_AHB1PeriphClockCmd) for RCC_AHB1PeriphClockCmd
    enconder.o(i.Enconder_init) refers to stm32f4xx_rcc.o(i.RCC_APB1PeriphClockCmd) for RCC_APB1PeriphClockCmd
    enconder.o(i.Enconder_init) refers to stm32f4xx_gpio.o(i.GPIO_Init) for GPIO_Init
    enconder.o(i.Enconder_init) refers to stm32f4xx_gpio.o(i.GPIO_PinAFConfig) for GPIO_PinAFConfig
    enconder.o(i.Enconder_init) refers to stm32f4xx_tim.o(i.TIM_EncoderInterfaceConfig) for TIM_EncoderInterfaceConfig
    enconder.o(i.Enconder_init) refers to stm32f4xx_tim.o(i.TIM_Cmd) for TIM_Cmd
    enconder.o(i.direction_init) refers to stm32f4xx_rcc.o(i.RCC_AHB1PeriphClockCmd) for RCC_AHB1PeriphClockCmd
    enconder.o(i.direction_init) refers to stm32f4xx_gpio.o(i.GPIO_Init) for GPIO_Init
    enconder.o(i.direction_init) refers to stm32f4xx_gpio.o(i.GPIO_SetBits) for GPIO_SetBits
    pwm.o(i.TIM8_PWM_Init) refers to stm32f4xx_rcc.o(i.RCC_APB2PeriphClockCmd) for RCC_APB2PeriphClockCmd
    pwm.o(i.TIM8_PWM_Init) refers to stm32f4xx_rcc.o(i.RCC_AHB1PeriphClockCmd) for RCC_AHB1PeriphClockCmd
    pwm.o(i.TIM8_PWM_Init) refers to stm32f4xx_gpio.o(i.GPIO_PinAFConfig) for GPIO_PinAFConfig
    pwm.o(i.TIM8_PWM_Init) refers to stm32f4xx_gpio.o(i.GPIO_Init) for GPIO_Init
    pwm.o(i.TIM8_PWM_Init) refers to stm32f4xx_gpio.o(i.GPIO_ResetBits) for GPIO_ResetBits
    pwm.o(i.TIM8_PWM_Init) refers to stm32f4xx_tim.o(i.TIM_TimeBaseInit) for TIM_TimeBaseInit
    pwm.o(i.TIM8_PWM_Init) refers to stm32f4xx_tim.o(i.TIM_OC1Init) for TIM_OC1Init
    pwm.o(i.TIM8_PWM_Init) refers to stm32f4xx_tim.o(i.TIM_OC3Init) for TIM_OC3Init
    pwm.o(i.TIM8_PWM_Init) refers to stm32f4xx_tim.o(i.TIM_OC1PreloadConfig) for TIM_OC1PreloadConfig
    pwm.o(i.TIM8_PWM_Init) refers to stm32f4xx_tim.o(i.TIM_OC3PreloadConfig) for TIM_OC3PreloadConfig
[...]
    i.speed_send                             0x08003404   Section        0  encoder_task.o(i.speed_send)
    i.start_task                             0x08003550   Section        0  main.o(i.start_task)
    i.task_five                              0x08003610   Section        0  task_five.o(i.task_five)
    i.task_four                              0x080036f4   Section        0  task_four.o(i.task_four)
    i.task_three                             0x080037d8   Section        0  task_three.o(i.task_three)
    i.uxListRemove                           0x0800391c   Section        0  list.o(i.uxListRemove)
    i.vListInitialise                        0x08003944   Section        0  list.o(i.vListInitialise)
    i.vListInitialiseItem                    0x0800395e   Section        0  list.o(i.vListInitialiseItem)
    i.vListInsert                            0x08003964   Section        0  list.o(i.vListInsert)
    i.vListInsertEnd                         0x08003998   Section        0  list.o(i.vListInsertEnd)
    i.vPortEnterCritical                     0x080039b0   Section        0  port.o(i.vPortEnterCritical)
    i.vPortExitCritical                      0x08003a38   Section        0  port.o(i.vPortExitCritical)
    i.vPortFree                              0x08003aa8   Section        0  heap_4.o(i.vPortFree)
    i.vPortSetupTimerInterrupt               0x08003b60   Section        0  port.o(i.vPortSetupTimerInterrupt)
    i.vPortValidateInterruptPriority         0x08003b80   Section        0  port.o(i.vPortValidateInterruptPriority)
    i.vQueueAddToRegistry                    0x08003c20   Section        0  queue.o(i.vQueueAddToRegistry)
    i.vQueueWaitForMessageRestricted         0x08003c4c   Section        0  queue.o(i.vQueueWaitForMessageRestricted)
    i.vTaskDelay                             0x08003c98   Section        0  tasks.o(i.vTaskDelay)
    i.vTaskDelete                            0x08003d0c   Section        0  tasks.o(i.vTaskDelete)
    i.vTaskMissedYield                       0x08003e18   Section        0  tasks.o(i.vTaskMissedYield)
    i.vTaskPlaceOnEventList                  0x08003e24   Section        0  tasks.o(i.vTaskPlaceOnEventList)
    i.vTaskPlaceOnEventListRestricted        0x08003e78   Section        0  tasks.o(i.vTaskPlaceOnEventListRestricted)
    i.vTaskPriorityInherit                   0x08003ed4   Section        0  tasks.o(i.vTaskPriorityInherit)
    i.vTaskSetTimeOutState                   0x08003f84   Section        0  tasks.o(i.vTaskSetTimeOutState)
    i.vTaskStartScheduler                    0x08003fd0   Section        0  tasks.o(i.vTaskStartScheduler)
    i.vTaskSuspendAll                        0x0800407c   Section        0  tasks.o(i.vTaskSuspendAll)
    i.vTaskSwitchContext                     0x0800408c   Section        0  tasks.o(i.vTaskSwitchContext)
    i.vision_init                            0x08004134   Section        0  vision.o(i.vision_init)
    i.xPortStartScheduler                    0x080041e0   Section        0  port.o(i.xPortStartScheduler)
    i.xPortSysTickHandler                    0x0800433c   Section        0  port.o(i.xPortSysTickHandler)
    i.xQueueGenericCreate                    0x08004370   Section        0  queue.o(i.xQueueGenericCreate)
    i.xQueueGenericReceive                   0x080043e4   Section        0  queue.o(i.xQueueGenericReceive)
    i.xQueueGenericReset                     0x080045ac   Section        0  queue.o(i.xQueueGenericReset)
    i.xQueueGenericSend                      0x0800465c   Section        0  queue.o(i.xQueueGenericSend)
    i.xQueueGenericSendFromISR               0x08004820   Section        0  queue.o(i.xQueueGenericSendFromISR)
    i.xTaskCheckForTimeOut                   0x08004930   Section        0  tasks.o(i.xTaskCheckForTimeOut)
    i.xTaskCreate                            0x080049d0   Section        0  tasks.o(i.xTaskCreate)
    i.xTaskGetSchedulerState                 0x08004a30   Section        0  tasks.o(i.xTaskGetSchedulerState)
    i.xTaskGetTickCount                      0x08004a50   Section        0  tasks.o(i.xTaskGetTickCount)
    i.xTaskIncrementTick                     0x08004a5c   Section        0  tasks.o(i.xTaskIncrementTick)
    i.xTaskPriorityDisinherit                0x08004bbc   Section        0  tasks.o(i.xTaskPriorityDisinherit)
    i.xTaskRemoveFromEventList               0x08004c94   Section        0  tasks.o(i.xTaskRemoveFromEventList)
    i.xTaskResumeAll                         0x08004d48   Section        0  tasks.o(i.xTaskResumeAll)
    i.xTimerCreateTimerTask                  0x08004e68   Section        0  timers.o(i.xTimerCreateTimerTask)
    i.xTimerGenericCommand                   0x08004edc   Section        0  timers.o(i.xTimerGenericCommand)
    i.xunxian_five                           0x08004f80   Section        0  task_five.o(i.xunxian_five)
    i.xunxian_four                           0x080055a0   Section        0  task_four.o(i.xunxian_four)
    i.xunxian_three                          0x08005960   Section        0  task_three.o(i.xunxian_three)
    x$fpl$fpinit                             0x08006040   Section       10  fpinit.o(x$fpl$fpinit)
    $v0                                      0x08006040   Number         0  fpinit.o(x$fpl$fpinit)
    .constdata                               0x0800604a   Section       10  24l01.o(.constdata)
    .data                                    0x20000000   Section       56  main.o(.data)
    .data                                    0x20000038   Section       20  system_stm32f4xx.o(.data)
    .data                                    0x2000004c   Section       20  vision.o(.data)
    i                                        0x2000005c   Data           4  vision.o(.data)
    .data                                    0x20000060   Section       38  openmv.o(.data)
    i                                        0x20000084   Data           1  openmv.o(.data)
    open                                     0x20000085   Data           1  openmv.o(.data)
    .data                                    0x20000088   Section       24  k210.o(.data)
    i                                        0x20000090   Data           4  k210.o(.data)
    buff                                     0x20000094   Data           1  k210.o(.data)
    grt_flag                                 0x20000098   Data           4  k210.o(.data)
    grt_flag2                                0x2000009c   Data           4  k210.o(.data)
    .data                                    0x200000a0   Section       20  timer.o(.data)
    .data                                    0x200000b4   Section       16  stm32f4xx_rcc.o(.data)
    APBAHBPrescTable                         0x200000b4   Data          16  stm32f4xx_rcc.o(.data)
    .data                                    0x200000c4   Section        4  delay.o(.data)
    fac_us                                   0x200000c4   Data           1  delay.o(.data)
    fac_ms                                   0x200000c6   Data           2  delay.o(.data)
    .data                                    0x200000c8   Section        6  usart.o(.data)
    .data                                    0x200000d0   Section       60  tasks.o(.data)
    pxDelayedTaskList                        0x200000d4   Data           4  tasks.o(.data)
    pxOverflowDelayedTaskList                0x200000d8   Data           4  tasks.o(.data)
    uxDeletedTasksWaitingCleanUp             0x200000dc   Data           4  tasks.o(.data)
    uxCurrentNumberOfTasks                   0x200000e0   Data           4  tasks.o(.data)
    xTickCount                               0x200000e4   Data           4  tasks.o(.data)
    uxTopReadyPriority                       0x200000e8   Data           4  tasks.o(.data)
    xSchedulerRunning                        0x200000ec   Data           4  tasks.o(.data)
    uxPendedTicks                            0x200000f0   Data           4  tasks.o(.data)
    xYieldPending                            0x200000f4   Data           4  tasks.o(.data)
    xNumOfOverflows                          0x200000f8   Data           4  tasks.o(.data)
    uxTaskNumber                             0x200000fc   Data           4  tasks.o(.data)
    xNextTaskUnblockTime                     0x20000100   Data           4  tasks.o(.data)
    xIdleTaskHandle                          0x20000104   Data           4  tasks.o(.data)
    uxSchedulerSuspended                     0x20000108   Data           4  tasks.o(.data)
    .data                                    0x2000010c   Section       20  timers.o(.data)
    pxCurrentTimerList                       0x2000010c   Data           4  timers.o(.data)
    pxOverflowTimerList                      0x20000110   Data           4  timers.o(.data)
    xTimerQueue                              0x20000114   Data           4  timers.o(.data)
    xTimerTaskHandle                         0x20000118   Data           4  timers.o(.data)
    xLastTime                                0x2000011c   Data           4  timers.o(.data)
    .data                                    0x20000120   Section       24  heap_4.o(.data)
    xStart                                   0x20000120   Data           8  heap_4.o(.data)
    pxEnd                                    0x20000128   Data           4  heap_4.o(.data)
    xFreeBytesRemaining                      0x2000012c   Data           4  heap_4.o(.data)
    xMinimumEverFreeBytesRemaining           0x20000130   Data           4  heap_4.o(.data)
    xBlockAllocatedBit                       0x20000134   Data           4  heap_4.o(.data)
    .data                                    0x20000138   Section       12  port.o(.data)
    uxCriticalNesting                        0x20000138   Data           4  port.o(.data)
    ucMaxSysCallPriority                     0x2000013c   Data           1  port.o(.data)
    ulMaxPRIGROUPValue                       0x20000140   Data           4  port.o(.data)
    .data                                    0x20000144   Section       32  encoder_task.o(.data)
    .bss                                     0x20000164   Section       33  main.o(.bss)
    .bss                                     0x20000185   Section       20  vision.o(.bss)
    .bss                                     0x2000019c   Section      100  timer.o(.bss)
    .bss                                     0x20000200   Section      148  task_three.o(.bss)
    two                                      0x20000200   Data         148  task_three.o(.bss)
    .bss                                     0x20000294   Section      148  task_four.o(.bss)
    two                                      0x20000294   Data         148  task_four.o(.bss)
    .bss                                     0x20000328   Section      148  task_five.o(.bss)
    two                                      0x20000328   Data         148  task_five.o(.bss)
    .bss                                     0x200003bc   Section      200  usart.o(.bss)
    .bss                                     0x20000484   Section       64  queue.o(.bss)
    .bss                                     0x200004c4   Section      740  tasks.o(.bss)
    pxReadyTasksLists                        0x200004c4   Data         640  tasks.o(.bss)
    xDelayedTaskList1                        0x20000744   Data          20  tasks.o(.bss)
    xDelayedTaskList2                        0x20000758   Data          20  tasks.o(.bss)
    xPendingReadyList                        0x2000076c   Data          20  tasks.o(.bss)
    xTasksWaitingTermination                 0x20000780   Data          20  tasks.o(.bss)
    xSuspendedTaskList                       0x20000794   Data          20  tasks.o(.bss)
    .bss                                     0x200007a8   Section       40  timers.o(.bss)
    xActiveTimerList1                        0x200007a8   Data          20  timers.o(.bss)
    xActiveTimerList2                        0x200007bc   Data          20  timers.o(.bss)
    .bss                                     0x200007d0   Section    20480  heap_4.o(.bss)
    ucHeap                                   0x200007d0   Data       20480  heap_4.o(.bss)
    .bss                                     0x200057d0   Section      348  encoder_task.o(.bss)
    .bss                                     0x2000592c   Section       96  libspace.o(.bss)
    HEAP                                     0x20005990   Section      512  startup_stm32f40_41xxx.o(HEAP)
    Heap_Mem                                 0x20005990   Data         512  startup_stm32f40_41xxx.o(HEAP)
    STACK                                    0x20005b90   Section     1024  startup_stm32f40_41xxx.o(STACK)
    Stack_Mem                                0x20005b90   Data        1024  startup_stm32f40_41xxx.o(STACK)
    __initial_sp                             0x20005f90   Data           0  startup_stm32f40_41xxx.o(STACK)

    Global Symbols

    Symbol Name                              Value     Ov Type        Size  Object(Section)

    BuildAttributes$$THM_ISAv4$E$P$D$K$B$S$7EM$VFPi3$EXTD16$VFPS$VFMA$PE$A:L22UL41UL21$X:L11$S22US41US21$IEEE1$IW$USESV6$~STKCKD$USESV7$~SHL$OSPACE$ROPI$EBA8$UX$STANDARDLIB$REQ8$PRES8$EABIv2 0x00000000   Number         0  anon$$obj.o ABSOLUTE
    __ARM_use_no_argv                        0x00000000   Number         0  main.o ABSOLUTE
    __ARM_exceptions_init                     - Undefined Weak Reference
    __alloca_initialize                       - Undefined Weak Reference
    __arm_preinit_                            - Undefined Weak Reference
    __cpp_initialize__aeabi_                  - Undefined Weak Reference
    __cxa_finalize                            - Undefined Weak Reference
    __rt_locale                               - Undefined Weak Reference
    __sigvec_lookup                           - Undefined Weak Reference
    _atexit_init                              - Undefined Weak Reference
    _call_atexit_fns                          - Undefined Weak Reference
    _clock_init                               - Undefined Weak Reference
    _fp_trap_init                             - Undefined Weak Reference
    _fp_trap_shutdown                         - Undefined Weak Reference
    _get_lc_collate                           - Undefined Weak Reference
    _get_lc_ctype                             - Undefined Weak Reference
    _get_lc_monetary                          - Undefined Weak Reference
    _get_lc_numeric                           - Undefined Weak Reference
    _get_lc_time                              - Undefined Weak Reference
    _getenv_init                              - Undefined Weak Reference
    _handle_redirection                       - Undefined Weak Reference
    _init_alloc                               - Undefined Weak Reference
    _init_user_alloc                          - Undefined Weak Reference
    _initio                                   - Undefined Weak Reference
    _mutex_acquire                            - Undefined Weak Reference
    _mutex_release                            - Undefined Weak Reference
    _printf_mbtowc                            - Undefined Weak Reference
    _printf_post_padding                      - Undefined Weak Reference
    _printf_pre_padding                       - Undefined Weak Reference
    _printf_truncate_signed                   - Undefined Weak Reference
    _printf_truncate_unsigned                 - Undefined Weak Reference
    _rand_init                                - Undefined Weak Reference
    _signal_finish                            - Undefined Weak Reference
    _signal_init                              - Undefined Weak Reference
    _terminate_alloc                          - Undefined Weak Reference
    _terminate_user_alloc                     - Undefined Weak Reference
    _terminateio                              - Undefined Weak Reference
    __Vectors_Size                           0x00000188   Number         0  startup_stm32f40_41xxx.o ABSOLUTE
    __Vectors                                0x08000000   Data           4  startup_stm32f40_41xxx.o(RESET)
    __Vectors_End                            0x08000188   Data           0  startup_stm32f40_41xxx.o(RESET)
    __main                                   0x08000189   Thumb Code     8  __main.o(!!!main)
    __scatterload                            0x08000191   Thumb Code     0  __scatter.o(!!!scatter)
    __scatterload_rt2                        0x08000191   Thumb Code    44  __scatter.o(!!!scatter)
    __scatterload_rt2_thumb_only             0x08000191   Thumb Code     0  __scatter.o(!!!scatter)
    __scatterload_null                       0x0800019f   Thumb Code     0  __scatter.o(!!!scatter)
    __decompress                             0x080001c5   Thumb Code    90  __dczerorl2.o(!!dczerorl2)
    __decompress1                            0x080001c5   Thumb Code     0  __dczerorl2.o(!!dczerorl2)
    __scatterload_zeroinit                   0x08000221   Thumb Code    28  __scatter_zi.o(!!handler_zi)
    _printf_d                                0x0800023d   Thumb Code     0  _printf_d.o(.ARM.Collect$$_printf_percent$$00000009)
    _printf_percent                          0x0800023d   Thumb Code     0  _printf_percent.o(.ARM.Collect$$_printf_percent$$00000000)
    _printf_s                                0x08000243   Thumb Code     0  _printf_s.o(.ARM.Collect$$_printf_percent$$00000014)
    _printf_percent_end                      0x08000249   Thumb Code     0  _printf_percent_end.o(.ARM.Collect$$_printf_percent$$00000017)
    __rt_lib_init                            0x0800024d   Thumb Code     0  libinit.o(.ARM.Collect$$libinit$$00000000)
    __rt_lib_init_fp_1                       0x0800024f   Thumb Code     0  libinit2.o(.ARM.Collect$$libinit$$00000001)
    __rt_lib_init_alloca_1                   0x08000253   Thumb Code     0  libinit2.o(.ARM.Collect$$libinit$$0000002E)
    __rt_lib_init_argv_1                     0x08000253   Thumb Code     0  libinit2.o(.ARM.Collect$$libinit$$0000002C)
    __rt_lib_init_atexit_1                   0x08000253   Thumb Code     0  libinit2.o(.ARM.Collect$$libinit$$0000001B)
    __rt_lib_init_clock_1                    0x08000253   Thumb Code     0  libinit2.o(.ARM.Collect$$libinit$$00000021)
    __rt_lib_init_cpp_1                      0x08000253   Thumb Code     0  libinit2.o(.ARM.Collect$$libinit$$00000032)
    __rt_lib_init_exceptions_1               0x08000253   Thumb Code     0  libinit2.o(.ARM.Collect$$libinit$$00000030)
    __rt_lib_init_fp_trap_1                  0x08000253   Thumb Code     0  libinit2.o(.ARM.Collect$$libinit$$0000001F)
    __rt_lib_init_getenv_1                   0x08000253   Thumb Code     0  libinit2.o(.ARM.Collect$$libinit$$00000023)
    __rt_lib_init_heap_1                     0x08000253   Thumb Code     0  libinit2.o(.ARM.Collect$$libinit$$0000000A)
    __rt_lib_init_lc_collate_1               0x08000253   Thumb Code     0  libinit2.o(.ARM.Collect$$libinit$$00000011)
    __rt_lib_init_lc_ctype_1                 0x08000253   Thumb Code     0  libinit2.o(.ARM.Collect$$libinit$$00000013)
    __rt_lib_init_lc_monetary_1              0x08000253   Thumb Code     0  libinit2.o(.ARM.Collect$$libinit$$00000015)
    __rt_lib_init_lc_numeric_1               0x08000253   Thumb Code     0  libinit2.o(.ARM.Collect$$libinit$$00000017)
    __rt_lib_init_lc_time_1                  0x08000253   Thumb Code     0  libinit2.o(.ARM.Collect$$libinit$$00000019)
    __rt_lib_init_preinit_1                  0x08000253   Thumb Code     0  libinit2.o(.ARM.Collect$$libinit$$00000004)
    __rt_lib_init_rand_1                     0x08000253   Thumb Code     0  libinit2.o(.ARM.Collect$$libinit$$0000000E)
    __rt_lib_init_return                     0x08000253   Thumb Code     0  libinit2.o(.ARM.Collect$$libinit$$00000033)
    __rt_lib_init_signal_1                   0x08000253   Thumb Code     0  libinit2.o(.ARM.Collect$$libinit$$0000001D)
    __rt_lib_init_stdio_1                    0x08000253   Thumb Code     0  libinit2.o(.ARM.Collect$$libinit$$00000025)
    __rt_lib_init_user_alloc_1               0x08000253   Thumb Code     0  libinit2.o(.ARM.Collect$$libinit$$0000000C)
    __rt_lib_shutdown                        0x08000255   Thumb Code     0  libshutdown.o(.ARM.Collect$$libshutdown$$00000000)
    __rt_lib_shutdown_cpp_1                  0x08000257   Thumb Code     0  libshutdown2.o(.ARM.Collect$$libshutdown$$00000002)
    __rt_lib_shutdown_fp_trap_1              0x08000257   Thumb Code     0  libshutdown2.o(.ARM.Collect$$libshutdown$$00000007)
    __rt_lib_shutdown_heap_1                 0x08000257   Thumb Code     0  libshutdown2.o(.ARM.Collect$$libshutdown$$0000000F)
    __rt_lib_shutdown_return                 0x08000257   Thumb Code     0  libshutdown2.o(.ARM.Collect$$libshutdown$$00000010)
    __rt_lib_shutdown_signal_1               0x08000257   Thumb Code     0  libshutdown2.o(.ARM.Collect$$libshutdown$$0000000A)
    __rt_lib_shutdown_stdio_1                0x08000257   Thumb Code     0  libshutdown2.o(.ARM.Collect$$libshutdown$$00000004)
    __rt_lib_shutdown_user_alloc_1           0x08000257   Thumb Code     0  libshutdown2.o(.ARM.Collect$$libshutdown$$0000000C)
    __rt_entry                               0x08000259   Thumb Code     0  __rtentry.o(.ARM.Collect$$rtentry$$00000000)
    __rt_entry_presh_1                       0x08000259   Thumb Code     0  __rtentry2.o(.ARM.Collect$$rtentry$$00000002)
    __rt_entry_sh                            0x08000259   Thumb Code     0  __rtentry4.o(.ARM.Collect$$rtentry$$00000004)
    __rt_entry_li                            0x0800025f   Thumb Code     0  __rtentry2.o(.ARM.Collect$$rtentry$$0000000A)
    __rt_entry_postsh_1                      0x0800025f   Thumb Code     0  __rtentry2.o(.ARM.Collect$$rtentry$$00000009)
    __rt_entry_main                          0x08000263   Thumb Code     0  __rtentry2.o(.ARM.Collect$$rtentry$$0000000D)
    __rt_entry_postli_1                      0x08000263   Thumb Code     0  __rtentry2.o(.ARM.Collect$$rtentry$$0000000C)
    __rt_exit                                0x0800026b   Thumb Code     0  rtexit.o(.ARM.Collect$$rtexit$$00000000)
    __rt_exit_ls                             0x0800026d   Thumb Code     0  rtexit2.o(.ARM.Collect$$rtexit$$00000003)
    __rt_exit_prels_1                        0x0800026d   Thumb Code     0  rtexit2.o(.ARM.Collect$$rtexit$$00000002)
    __rt_exit_exit                           0x08000271   Thumb Code     0  rtexit2.o(.ARM.Collect$$rtexit$$00000004)
    SVC_Handler                              0x08000279   Thumb Code    28  port.o(.emb_text)
    __asm___6_port_c_39a90d8d__prvStartFirstTask 0x08000299   Thumb Code    28  port.o(.emb_text)
    __asm___6_port_c_39a90d8d__prvEnableVFP  0x080002b9   Thumb Code    16  port.o(.emb_text)
    PendSV_Handler                           0x080002cd   Thumb Code    88  port.o(.emb_text)
    vPortGetIPSR                             0x08000329   Thumb Code     6  port.o(.emb_text)
    Reset_Handler                            0x08000331   Thumb Code     8  startup_stm32f40_41xxx.o(.text)
    ADC_IRQHandler                           0x0800034b   Thumb Code     0  startup_stm32f40_41xxx.o(.text)
    CAN1_RX0_IRQHandler                      0x0800034b   Thumb Code     0  startup_stm32f40_41xxx.o(.text)
    CAN1_RX1_IRQHandler                      0x0800034b   Thumb Code     0  startup_stm32f40_41xxx.o(.text)
    CAN1_SCE_IRQHandler                      0x0800034b   Thumb Code     0  startup_stm32f40_41xxx.o(.text)
    CAN1_TX_IRQHandler                       0x0800034b   Thumb Code     0  startup_stm32f40_41xxx.o(.text)
    CAN2_RX0_IRQHandler                      0x0800034b   Thumb Code     0  startup_stm32f40_41xxx.o(.text)
    CAN2_RX1_IRQHandler                      0x0800034b   Thumb Code     0  startup_stm32f40_41xxx.o(.text)
    CAN2_SCE_IRQHandler                      0x0800034b   Thumb Code     0  startup_stm32f40_41xxx.o(.text)
    CAN2_TX_IRQHandler                       0x0800034b   Thumb Code     0  startup_stm32f40_41xxx.o(.text)
    CRYP_IRQHandler                          0x0800034b   Thumb Code     0  startup_stm32f40_41xxx.o(.text)
    DCMI_IRQHandler                          0x0800034b   Thumb Code     0  startup_stm32f40_41xxx.o(.text)
    DMA1_Stream0_IRQHandler                  0x0800034b   Thumb Code     0  startup_stm32f40_41xxx.o(.text)
    DMA1_Stream1_IRQHandler                  0x0800034b   Thumb Code     0  startup_stm32f40_41xxx.o(.text)
    DMA1_Stream2_IRQHandler                  0x0800034b   Thumb Code     0  startup_stm32f40_41xxx.o(.text)
    DMA1_Stream3_IRQHandler                  0x0800034b   Thumb Code     0  startup_stm32f40_41xxx.o(.text)
    DMA1_Stream4_IRQHandler                  0x0800034b   Thumb Code     0  startup_stm32f40_41xxx.o(.text)
    DMA1_Stream5_IRQHandler                  0x0800034b   Thumb Code     0  startup_stm32f40_41xxx.o(.text)
    DMA1_Stream6_IRQHandler                  0x0800034b   Thumb Code     0  startup_stm32f40_41xxx.o(.text)
    DMA1_Stream7_IRQHandler                  0x0800034b   Thumb Code     0  startup_stm32f40_41xxx.o(.text)
    DMA2_Stream0_IRQHandler                  0x0800034b   Thumb Code     0  startup_stm32f40_41xxx.o(.text)
    DMA2_Stream1_IRQHandler                  0x0800034b   Thumb Code     0  startup_stm32f40_41xxx.o(.text)
    DMA2_Stream2_IRQHandler                  0x0800034b   Thumb Code     0  startup_stm32f40_41xxx.o(.text)
    DMA2_Stream3_IRQHandler                  0x0800034b   Thumb Code     0  startup_stm32f40_41xxx.o(.text)
    DMA2_Stream4_IRQHandler                  0x0800034b   Thumb Code     0  startup_stm32f40_41xxx.o(.text)
    DMA2_Stream5_IRQHandler                  0x0800034b   Thumb Code     0  startup_stm32f40_41xxx.o(.text)
    DMA2_Stream6_IRQHandler                  0x0800034b   Thumb Code     0  startup_stm32f40_41xxx.o(.text)
    DMA2_Stream7_IRQHandler                  0x0800034b   Thumb Code     0  startup_stm32f40_41xxx.o(.text)
    ETH_IRQHandler                           0x0800034b   Thumb Code     0  startup_stm32f40_41xxx.o(.text)
    ETH_WKUP_IRQHandler                      0x0800034b   Thumb Code     0  startup_stm32f40_41xxx.o(.text)
    EXTI0_IRQHandler                         0x0800034b   Thumb Code     0  startup_stm32f40_41xxx.o(.text)
    EXTI15_10_IRQHandler                     0x0800034b   Thumb Code     0  startup_stm32f40_41xxx.o(.text)
    EXTI1_IRQHandler                         0x0800034b   Thumb Code     0  startup_stm32f40_41xxx.o(.text)
    EXTI2_IRQHandler                         0x0800034b   Thumb Code     0  startup_stm32f40_41xxx.o(.text)
    EXTI3_IRQHandler                         0x0800034b   Thumb Code     0  startup_stm32f40_41xxx.o(.text)
    EXTI4_IRQHandler                         0x0800034b   Thumb Code     0  startup_stm32f40_41xxx.o(.text)
    EXTI9_5_IRQHandler                       0x0800034b   Thumb Code     0  startup_stm32f40_41xxx.o(.text)
    FLASH_IRQHandler                         0x0800034b   Thumb Code     0  startup_stm32f40_41xxx.o(.text)
    FPU_IRQHandler                           0x0800034b   Thumb Code     0  startup_stm32f40_41xxx.o(.text)
    FSMC_IRQHandler                          0x0800034b   Thumb Code     0  startup_stm32f40_41xxx.o(.text)
    HASH_RNG_IRQHandler                      0x0800034b   Thumb Code     0  startup_stm32f40_41xxx.o(.text)
    I2C1_ER_IRQHandler                       0x0800034b   Thumb Code     0  startup_stm32f40_41xxx.o(.text)
    I2C1_EV_IRQHandler                       0x0800034b   Thumb Code     0  startup_stm32f40_41xxx.o(.text)
    I2C2_ER_IRQHandler                       0x0800034b   Thumb Code     0  startup_stm32f40_41xxx.o(.text)
    I2C2_EV_IRQHandler                       0x0800034b   Thumb Code     0  startup_stm32f40_41xxx.o(.text)
    I2C3_ER_IRQHandler                       0x0800034b   Thumb Code     0  startup_stm32f40_41xxx.o(.text)
    I2C3_EV_IRQHandler                       0x0800034b   Thumb Code     0  startup_stm32f40_41xxx.o(.text)
    OTG_FS_IRQHandler                        0x0800034b   Thumb Code     0  startup_stm32f40_41xxx.o(.text)
    OTG_FS_WKUP_IRQHandler                   0x0800034b   Thumb Code     0  startup_stm32f40_41xxx.o(.text)
    OTG_HS_EP1_IN_IRQHandler                 0x0800034b   Thumb Code     0  startup_stm32f40_41xxx.o(.text)
    OTG_HS_EP1_OUT_IRQHandler                0x0800034b   Thumb Code     0  startup_stm32f40_41xxx.o(.text)
    OTG_HS_IRQHandler                        0x0800034b   Thumb Code     0  startup_stm32f40_41xxx.o(.text)
    OTG_HS_WKUP_IRQHandler                   0x0800034b   Thumb Code     0  startup_stm32f40_41xxx.o(.text)
    PVD_IRQHandler                           0x0800034b   Thumb Code     0  startup_stm32f40_41xxx.o(.text)
    RCC_IRQHandler                           0x0800034b   Thumb Code     0  startup_stm32f40_41xxx.o(.text)
    RTC_Alarm_IRQHandler                     0x0800034b   Thumb Code     0  startup_stm32f40_41xxx.o(.text)
    RTC_WKUP_IRQHandler                      0x0800034b   Thumb Code     0  startup_stm32f40_41xxx.o(.text)
    SDIO_IRQHandler                          0x0800034b   Thumb Code     0  startup_stm32f40_41xxx.o(.text)
    SPI1_IRQHandler                          0x0800034b   Thumb Code     0  startup_stm32f40_41xxx.o(.text)
    SPI2_IRQHandler                          0x0800034b   Thumb Code     0  startup_stm32f40_41xxx.o(.text)
    SPI3_IRQHandler                          0x0800034b   Thumb Code     0  startup_stm32f40_41xxx.o(.text)
    TAMP_STAMP_IRQHandler                    0x0800034b   Thumb Code     0  startup_stm32f40_41xxx.o(.text)
    TIM1_BRK_TIM9_IRQHandler                 0x0800034b   Thumb Code     0  startup_stm32f40_41xxx.o(.text)
    TIM1_CC_IRQHandler                       0x0800034b   Thumb Code     0  startup_stm32f40_41xxx.o(.text)
    TIM1_TRG_COM_TIM11_IRQHandler            0x0800034b   Thumb Code     0  startup_stm32f40_41xxx.o(.text)
    TIM1_UP_TIM10_IRQHandler                 0x0800034b   Thumb Code     0  startup_stm32f40_41xxx.o(.text)
    TIM2_IRQHandler                          0x0800034b   Thumb Code     0  startup_stm32f40_41xxx.o(.text)
    TIM3_IRQHandler                          0x0800034b   Thumb Code     0  startup_stm32f40_41xxx.o(.text)
    TIM4_IRQHandler                          0x0800034b   Thumb Code     0  startup_stm32f40_41xxx.o(.text)
    TIM5_IRQHandler                          0x0800034b   Thumb Code     0  startup_stm32f40_41xxx.o(.text)
    TIM6_DAC_IRQHandler                      0x0800034b   Thumb Code     0  startup_stm32f40_41xxx.o(.text)
    TIM7_IRQHandler                          0x0800034b   Thumb Code     0  startup_stm32f40_41xxx.o(.text)
    TIM8_BRK_TIM12_IRQHandler                0x0800034b   Thumb Code     0  startup_stm32f40_41xxx.o(.text)
    TIM8_CC_IRQHandler                       0x0800034b   Thumb Code     0  startup_stm32f40_41xxx.o(.text)
    TIM8_TRG_COM_TIM14_IRQHandler            0x0800034b   Thumb Code     0  startup_stm32f40_41xxx.o(.text)
    TIM8_UP_TIM13_IRQHandler                 0x0800034b   Thumb Code     0  startup_stm32f40_41xxx.o(.text)
    UART4_IRQHandler                         0x0800034b   Thumb Code     0  startup_stm32f40_41xxx.o(.text)
    UART5_IRQHandler                         0x0800034b   Thumb Code     0  startup_stm32f40_41xxx.o(.text)
    WWDG_IRQHandler                          0x0800034b   Thumb Code     0  startup_stm32f40_41xxx.o(.text)
    __user_initial_stackheap                 0x0800034d   Thumb Code     0  startup_stm32f40_41xxx.o(.text)
    __use_no_semihosting                     0x08000371   Thumb Code     2  use_no_semi_2.o(.text)
    __2printf                                0x08000375   Thumb Code    20  noretval__2printf.o(.text)
    __printf                                 0x0800038d   Thumb Code   104  __printf.o(.text)
    _printf_str                              0x080003f5   Thumb Code    82  _printf_str.o(.text)
    _printf_int_dec                          0x08000449   Thumb Code   104  _printf_dec.o(.text)
    __aeabi_memcpy                           0x080004c1   Thumb Code     0  rt_memcpy_v6.o(.text)
    __rt_memcpy                              0x080004c1   Thumb Code   138  rt_memcpy_v6.o(.text)
    _memcpy_lastbytes                        0x08000527   Thumb Code     0  rt_memcpy_v6.o(.text)
    __aeabi_memset                           0x0800054b   Thumb Code    16  aeabi_memset.o(.text)
    __use_two_region_memory                  0x0800055b   Thumb Code     2  heapauxi.o(.text)
    __rt_heap_escrow$2region                 0x0800055d   Thumb Code     2  heapauxi.o(.text)
    __rt_heap_expand$2region                 0x0800055f   Thumb Code     2  heapauxi.o(.text)
    __I$use$semihosting                      0x08000561   Thumb Code     0  use_no_semi.o(.text)
    __use_no_semihosting_swi                 0x08000561   Thumb Code     2  use_no_semi.o(.text)
    _printf_int_common                       0x08000563   Thumb Code   178  _printf_intcommon.o(.text)
    _printf_char_common                      0x0800061f   Thumb Code    32  _printf_char_common.o(.text)
    _printf_cs_common                        0x08000645   Thumb Code    20  _printf_char.o(.text)
    _printf_char                             0x08000659   Thumb Code    16  _printf_char.o(.text)
    _printf_string                           0x08000669   Thumb Code     8  _printf_char.o(.text)
    _printf_char_file                        0x08000671   Thumb Code    32  _printf_char_file.o(.text)
    __aeabi_memcpy4                          0x08000695   Thumb Code     0  rt_memcpy_w.o(.text)
    __aeabi_memcpy8                          0x08000695   Thumb Code     0  rt_memcpy_w.o(.text)
    __rt_memcpy_w                            0x08000695   Thumb Code   100  rt_memcpy_w.o(.text)
    _memcpy_lastbytes_aligned                0x080006dd   Thumb Code     0  rt_memcpy_w.o(.text)
    __aeabi_memclr                           0x080006f9   Thumb Code     0  rt_memclr.o(.text)
    __rt_memclr                              0x080006f9   Thumb Code    68  rt_memclr.o(.text)
    _memset                                  0x080006fd   Thumb Code     0  rt_memclr.o(.text)
    ferror                                   0x0800073d   Thumb Code     8  ferror.o(.text)
    __aeabi_memclr4                          0x08000745   Thumb Code     0  rt_memclr_w.o(.text)
    __aeabi_memclr8                          0x08000745   Thumb Code     0  rt_memclr_w.o(.text)
    __rt_memclr_w                            0x08000745   Thumb Code    78  rt_memclr_w.o(.text)
    _memset_w                                0x08000749   Thumb Code     0  rt_memclr_w.o(.text)
    __user_setup_stackheap                   0x08000793   Thumb Code    74  sys_stackheap_outer.o(.text)
    exit                                     0x080007dd   Thumb Code    18  exit.o(.text)
    __user_libspace                          0x080007f1   Thumb Code     8  libspace.o(.text)
    __user_perproc_libspace                  0x080007f1   Thumb Code     0  libspace.o(.text)
    __user_perthread_libspace                0x080007f1   Thumb Code     0  libspace.o(.text)
    BusFault_Handler                         0x080007f9   Thumb Code     4  stm32f4xx_it.o(i.BusFault_Handler)
    Calculate_Current_Value                  0x080007fd   Thumb Code   452  rm_pid.o(i.Calculate_Current_Value)
    DebugMon_Handler                         0x080009c5   Thumb Code     2  stm32f4xx_it.o(i.DebugMon_Handler)
    Enconder_init                            0x080009c9   Thumb Code   180  enconder.o(i.Enconder_init)
    GPIO_Init                                0x08000a8d   Thumb Code   144  stm32f4xx_gpio.o(i.GPIO_Init)
    GPIO_PinAFConfig                         0x08000b1d   Thumb Code    70  stm32f4xx_gpio.o(i.GPIO_PinAFConfig)
    GPIO_ReadInputDataBit                    0x08000b63   Thumb Code    18  stm32f4xx_gpio.o(i.GPIO_ReadInputDataBit)
    GPIO_ResetBits                           0x08000b75   Thumb Code     4  stm32f4xx_gpio.o(i.GPIO_ResetBits)
    GPIO_SetBits                             0x08000b79   Thumb Code     4  stm32f4xx_gpio.o(i.GPIO_SetBits)
    HardFault_Handler                        0x08000b7d   Thumb Code     4  stm32f4xx_it.o(i.HardFault_Handler)
    KEY_Init                                 0x08000b81   Thumb Code    88  key.o(i.KEY_Init)
    LED_Init                                 0x08000be1   Thumb Code    60  led.o(i.LED_Init)
    MemManage_Handler                        0x08000c21   Thumb Code     4  stm32f4xx_it.o(i.MemManage_Handler)
    NMI_Handler                              0x08000c25   Thumb Code     2  stm32f4xx_it.o(i.NMI_Handler)
    NRF24L01_Check                           0x08000c29   Thumb Code    72  24l01.o(i.NRF24L01_Check)
    NRF24L01_Init                            0x08000c79   Thumb Code   146  24l01.o(i.NRF24L01_Init)
    NRF24L01_RX_Mode                         0x08000d1d   Thumb Code    76  24l01.o(i.NRF24L01_RX_Mode)
    NRF24L01_Read_Buf                        0x08000d75   Thumb Code    56  24l01.o(i.NRF24L01_Read_Buf)
    NRF24L01_Read_Reg                        0x08000db1   Thumb Code    36  24l01.o(i.NRF24L01_Read_Reg)
    NRF24L01_RxPacket                        0x08000ddd   Thumb Code    58  24l01.o(i.NRF24L01_RxPacket)
    NRF24L01_SPI_Init                        0x08000e19   Thumb Code    86  24l01.o(i.NRF24L01_SPI_Init)
    NRF24L01_Write_Buf                       0x08000e75   Thumb Code    56  24l01.o(i.NRF24L01_Write_Buf)
    NRF24L01_Write_Reg                       0x08000eb1   Thumb Code    38  24l01.o(i.NRF24L01_Write_Reg)
    NVIC_Init                                0x08000ee1   Thumb Code   106  misc.o(i.NVIC_Init)
    NVIC_PriorityGroupConfig                 0x08000f59   Thumb Code    10  misc.o(i.NVIC_PriorityGroupConfig)
    RCC_AHB1PeriphClockCmd                   0x08000f6d   Thumb Code    26  stm32f4xx_rcc.o(i.RCC_AHB1PeriphClockCmd)
    RCC_APB1PeriphClockCmd                   0x08000f8d   Thumb Code    26  stm32f4xx_rcc.o(i.RCC_APB1PeriphClockCmd)
    RCC_APB1PeriphResetCmd                   0x08000fad   Thumb Code    26  stm32f4xx_rcc.o(i.RCC_APB1PeriphResetCmd)
    RCC_APB2PeriphClockCmd                   0x08000fcd   Thumb Code    26  stm32f4xx_rcc.o(i.RCC_APB2PeriphClockCmd)
    RCC_APB2PeriphResetCmd                   0x08000fed   Thumb Code    26  stm32f4xx_rcc.o(i.RCC_APB2PeriphResetCmd)
    RCC_GetClocksFreq                        0x0800100d   Thumb Code   214  stm32f4xx_rcc.o(i.RCC_GetClocksFreq)
    SPI2_Init                                0x080010f5   Thumb Code   232  spi.o(i.SPI2_Init)
    SPI2_ReadWriteByte                       0x080011e9   Thumb Code    50  spi.o(i.SPI2_ReadWriteByte)
    SPI2_SetSpeed                            0x08001221   Thumb Code    36  spi.o(i.SPI2_SetSpeed)
    SPI_Cmd                                  0x08001249   Thumb Code    24  stm32f4xx_spi.o(i.SPI_Cmd)
    SPI_I2S_GetFlagStatus                    0x08001261   Thumb Code    18  stm32f4xx_spi.o(i.SPI_I2S_GetFlagStatus)
    SPI_I2S_ReceiveData                      0x08001273   Thumb Code     6  stm32f4xx_spi.o(i.SPI_I2S_ReceiveData)
    SPI_I2S_SendData                         0x08001279   Thumb Code     4  stm32f4xx_spi.o(i.SPI_I2S_SendData)
    SPI_Init                                 0x0800127d   Thumb Code    60  stm32f4xx_spi.o(i.SPI_Init)
    SysTick_CLKSourceConfig                  0x080013a5   Thumb Code    40  misc.o(i.SysTick_CLKSourceConfig)
    SysTick_Handler                          0x080013cd   Thumb Code    16  delay.o(i.SysTick_Handler)
    SystemInit                               0x080013dd   Thumb Code    88  system_stm32f4xx.o(i.SystemInit)
    TIM8_PWM_Init                            0x08001445   Thumb Code   196  pwm.o(i.TIM8_PWM_Init)
    TIM_ARRPreloadConfig                     0x08001511   Thumb Code    24  stm32f4xx_tim.o(i.TIM_ARRPreloadConfig)
    TIM_Cmd                                  0x08001529   Thumb Code    24  stm32f4xx_tim.o(i.TIM_Cmd)
    TIM_CtrlPWMOutputs                       0x08001541   Thumb Code    30  stm32f4xx_tim.o(i.TIM_CtrlPWMOutputs)
    TIM_EncoderInterfaceConfig               0x0800155f   Thumb Code    66  stm32f4xx_tim.o(i.TIM_EncoderInterfaceConfig)
    TIM_OC1Init                              0x080015a1   Thumb Code   114  stm32f4xx_tim.o(i.TIM_OC1Init)
    TIM_OC1PreloadConfig                     0x0800161d   Thumb Code    18  stm32f4xx_tim.o(i.TIM_OC1PreloadConfig)
    TIM_OC3Init                              0x08001631   Thumb Code   150  stm32f4xx_tim.o(i.TIM_OC3Init)
    TIM_OC3PreloadConfig                     0x080016d1   Thumb Code    18  stm32f4xx_tim.o(i.TIM_OC3PreloadConfig)
    TIM_SetCompare1                          0x080016e3   Thumb Code     4  stm32f4xx_tim.o(i.TIM_SetCompare1)
    TIM_SetCompare3                          0x080016e7   Thumb Code     4  stm32f4xx_tim.o(i.TIM_SetCompare3)
    TIM_TimeBaseInit                         0x080016ed   Thumb Code   104  stm32f4xx_tim.o(i.TIM_TimeBaseInit)
    USART1_IRQHandler                        0x08001771   Thumb Code   122  usart.o(i.USART1_IRQHandler)
    USART2_IRQHandler                        0x080017f9   Thumb Code   224  vision.o(i.USART2_IRQHandler)
    USART3_IRQHandler                        0x080018f5   Thumb Code   398  openmv.o(i.USART3_IRQHandler)
    USART6_IRQHandler                        0x08001ab5   Thumb Code   228  k210.o(i.USART6_IRQHandler)
    USART_Cmd                                0x08001bb1   Thumb Code    24  stm32f4xx_usart.o(i.USART_Cmd)
    USART_DeInit                             0x08001bc9   Thumb Code   206  stm32f4xx_usart.o(i.USART_DeInit)
    USART_GetITStatus                        0x08001cb9   Thumb Code    84  stm32f4xx_usart.o(i.USART_GetITStatus)
    USART_ITConfig                           0x08001d0d   Thumb Code    74  stm32f4xx_usart.o(i.USART_ITConfig)
    USART_Init                               0x08001d59   Thumb Code   204  stm32f4xx_usart.o(i.USART_Init)
    USART_ReceiveData                        0x08001e2d   Thumb Code    10  stm32f4xx_usart.o(i.USART_ReceiveData)
    UsageFault_Handler                       0x08001e37   Thumb Code     4  stm32f4xx_it.o(i.UsageFault_Handler)
    _sys_exit                                0x08001e3b   Thumb Code     4  usart.o(i._sys_exit)
    button_task                              0x08001e41   Thumb Code   552  timer.o(i.button_task)
    col1                                     0x08002085   Thumb Code    22  timer.o(i.col1)
    col2                                     0x080020a5   Thumb Code    24  timer.o(i.col2)
    col3                                     0x080020c5   Thumb Code    22  timer.o(i.col3)
    colall                                   0x080020e5   Thumb Code    20  timer.o(i.colall)
    delay_init                               0x08002101   Thumb Code    58  delay.o(i.delay_init)
    delay_ms                                 0x08002145   Thumb Code    60  delay.o(i.delay_ms)
    delay_us                                 0x08002185   Thumb Code    68  delay.o(i.delay_us)
    direction_init                           0x080021cd   Thumb Code    64  enconder.o(i.direction_init)
    encoder_task                             0x08002211   Thumb Code   188  encoder_task.o(i.encoder_task)
    fputc                                    0x0800230d   Thumb Code    22  usart.o(i.fputc)
    k210_init                                0x08002329   Thumb Code   164  k210.o(i.k210_init)
    led1_task                                0x080023d5   Thumb Code    98  main.o(i.led1_task)
    led2_task                                0x08002459   Thumb Code    10  main.o(i.led2_task)
    left_forward                             0x08002465   Thumb Code    16  enconder.o(i.left_forward)
    left_positive                            0x0800247d   Thumb Code    16  enconder.o(i.left_positive)
    main                                     0x08002495   Thumb Code   122  main.o(i.main)
    moto_speed_get                           0x08002529   Thumb Code   230  encoder_task.o(i.moto_speed_get)
    open_init                                0x08002621   Thumb Code   166  openmv.o(i.open_init)
    pid_init                                 0x080026d1   Thumb Code    62  rm_pid.o(i.pid_init)
    pvPortMalloc                             0x08003235   Thumb Code   262  heap_4.o(i.pvPortMalloc)
    pvTaskIncrementMutexHeldCount            0x08003389   Thumb Code    26  tasks.o(i.pvTaskIncrementMutexHeldCount)
    pxPortInitialiseStack                    0x080033a9   Thumb Code    38  port.o(i.pxPortInitialiseStack)
    right_forward                            0x080033d5   Thumb Code    16  enconder.o(i.right_forward)
    right_positive                           0x080033ed   Thumb Code    16  enconder.o(i.right_positive)
    speed_send                               0x08003405   Thumb Code   270  encoder_task.o(i.speed_send)
    start_task                               0x08003551   Thumb Code   102  main.o(i.start_task)
    task_five                                0x08003611   Thumb Code   174  task_five.o(i.task_five)
    task_four                                0x080036f5   Thumb Code   174  task_four.o(i.task_four)
    task_three                               0x080037d9   Thumb Code   280  task_three.o(i.task_three)
    uxListRemove                             0x0800391d   Thumb Code    40  list.o(i.uxListRemove)
    vListInitialise                          0x08003945   Thumb Code    26  list.o(i.vListInitialise)
    vListInitialiseItem                      0x0800395f   Thumb Code     6  list.o(i.vListInitialiseItem)
    vListInsert                              0x08003965   Thumb Code    52  list.o(i.vListInsert)
    vListInsertEnd                           0x08003999   Thumb Code    24  list.o(i.vListInsertEnd)
    vPortEnterCritical                       0x080039b1   Thumb Code    68  port.o(i.vPortEnterCritical)
    vPortExitCritical                        0x08003a39   Thumb Code    48  port.o(i.vPortExitCritical)
    vPortFree                                0x08003aa9   Thumb Code   120  heap_4.o(i.vPortFree)
    vPortSetupTimerInterrupt                 0x08003b61   Thumb Code    26  port.o(i.vPortSetupTimerInterrupt)
    vPortValidateInterruptPriority           0x08003b81   Thumb Code    86  port.o(i.vPortValidateInterruptPriority)
    vQueueAddToRegistry                      0x08003c21   Thumb Code    38  queue.o(i.vQueueAddToRegistry)
    vQueueWaitForMessageRestricted           0x08003c4d   Thumb Code    74  queue.o(i.vQueueWaitForMessageRestricted)
    vTaskDelay                               0x08003c99   Thumb Code    72  tasks.o(i.vTaskDelay)
    vTaskDelete                              0x08003d0d   Thumb Code   192  tasks.o(i.vTaskDelete)
    vTaskMissedYield                         0x08003e19   Thumb Code     8  tasks.o(i.vTaskMissedYield)
    vTaskPlaceOnEventList                    0x08003e25   Thumb Code    42  tasks.o(i.vTaskPlaceOnEventList)
    vTaskPlaceOnEventListRestricted          0x08003e79   Thumb Code    50  tasks.o(i.vTaskPlaceOnEventListRestricted)
    vTaskPriorityInherit                     0x08003ed5   Thumb Code   164  tasks.o(i.vTaskPriorityInherit)
    vTaskSetTimeOutState                     0x08003f85   Thumb Code    32  tasks.o(i.vTaskSetTimeOutState)
    vTaskStartScheduler                      0x08003fd1   Thumb Code   108  tasks.o(i.vTaskStartScheduler)
    vTaskSuspendAll                          0x0800407d   Thumb Code    12  tasks.o(i.vTaskSuspendAll)
    vTaskSwitchContext                       0x0800408d   Thumb Code   110  tasks.o(i.vTaskSwitchContext)
    vision_init                              0x08004135   Thumb Code   164  vision.o(i.vision_init)
    xPortStartScheduler                      0x080041e1   Thumb Code   258  port.o(i.xPortStartScheduler)
    xPortSysTickHandler                      0x0800433d   Thumb Code    46  port.o(i.xPortSysTickHandler)
    xQueueGenericCreate                      0x08004371   Thumb Code    78  queue.o(i.xQueueGenericCreate)
    xQueueGenericReceive                     0x080043e5   Thumb Code   416  queue.o(i.xQueueGenericReceive)
    xQueueGenericReset                       0x080045ad   Thumb Code   136  queue.o(i.xQueueGenericReset)
    xQueueGenericSend                        0x0800465d   Thumb Code   412  queue.o(i.xQueueGenericSend)
    xQueueGenericSendFromISR                 0x08004821   Thumb Code   234  queue.o(i.xQueueGenericSendFromISR)
    xTaskCheckForTimeOut                     0x08004931   Thumb Code   116  tasks.o(i.xTaskCheckForTimeOut)
    xTaskCreate                              0x080049d1   Thumb Code    96  tasks.o(i.xTaskCreate)
    xTaskGetSchedulerState                   0x08004a31   Thumb Code    24  tasks.o(i.xTaskGetSchedulerState)
    xTaskGetTickCount                        0x08004a51   Thumb Code     6  tasks.o(i.xTaskGetTickCount)
    xTaskIncrementTick                       0x08004a5d   Thumb Code   272  tasks.o(i.xTaskIncrementTick)
    xTaskPriorityDisinherit                  0x08004bbd   Thumb Code   168  tasks.o(i.xTaskPriorityDisinherit)
    xTaskRemoveFromEventList                 0x08004c95   Thumb Code   118  tasks.o(i.xTaskRemoveFromEventList)
    xTaskResumeAll                           0x08004d49   Thumb Code   214  tasks.o(i.xTaskResumeAll)
    xTimerCreateTimerTask                    0x08004e69   Thumb Code    56  timers.o(i.xTimerCreateTimerTask)
    xTimerGenericCommand                     0x08004edd   Thumb Code   118  timers.o(i.xTimerGenericCommand)
    xunxian_five                             0x08004f81   Thumb Code  1520  task_five.o(i.xunxian_five)
    xunxian_four                             0x080055a1   Thumb Code   892  task_four.o(i.xunxian_four)
    xunxian_three                            0x08005961   Thumb Code  1720  task_three.o(i.xunxian_three)
    _fp_init                                 0x08006041   Thumb Code    10  fpinit.o(x$fpl$fpinit)
    __fplib_config_fpu_vfp                   0x08006049   Thumb Code     0  fpinit.o(x$fpl$fpinit)
    __fplib_config_pureend_doubles           0x08006049   Thumb Code     0  fpinit.o(x$fpl$fpinit)
    TX_ADDRESS                               0x0800604a   Data           5  24l01.o(.constdata)
    RX_ADDRESS                               0x0800604f   Data           5  24l01.o(.constdata)
    Region$$Table$$Base                      0x08006054   Number         0  anon$$obj.o(Region$$Table)
    Region$$Table$$Limit                     0x08006074   Number         0  anon$$obj.o(Region$$Table)
    StartTask_Handler                        0x20000000   Data           4  main.o(.data)
    ENCODERTask_Handler                      0x20000004   Data           4  main.o(.data)
    LED1Task_Handler                         0x20000008   Data           4  main.o(.data)
    LED2Task_Handler                         0x2000000c   Data           4  main.o(.data)
    BUTTONTask_Handler                       0x20000010   Data           4  main.o(.data)
    check_ok                                 0x20000014   Data           4  main.o(.data)
    rx_check                                 0x20000018   Data           4  main.o(.data)
    flag_one                                 0x2000001c   Data           4  main.o(.data)
    t                                        0x20000020   Data           4  main.o(.data)
    button_keyio                             0x20000024   Data           4  main.o(.data)
    button_keyget                            0x20000028   Data           4  main.o(.data)
    button_keytime                           0x2000002c   Data           4  main.o(.data)
    button_keyflag                           0x20000030   Data           4  main.o(.data)
    time_key                                 0x20000034   Data           4  main.o(.data)
    SystemCoreClock                          0x20000038   Data           4  system_stm32f4xx.o(.data)
    AHBPrescTable                            0x2000003c   Data          16  system_stm32f4xx.o(.data)
    yaw_get                                  0x2000004c   Data           4  vision.o(.data)
    inf                                      0x20000050   Data           1  vision.o(.data)
    buff_get                                 0x20000054   Data           4  vision.o(.data)
    buff_get2                                0x20000058   Data           4  vision.o(.data)
    angle                                    0x20000060   Data           5  openmv.o(.data)
    grt_flag                                 0x20000068   Data           4  openmv.o(.data)
    grt_flag2                                0x2000006c   Data           4  openmv.o(.data)
    set_yaw                                  0x20000070   Data           2  openmv.o(.data)
    set_yaw_angle                            0x20000074   Data           4  openmv.o(.data)
    turn_flag                                0x20000078   Data           4  openmv.o(.data)
    stop_flag                                0x2000007c   Data           4  openmv.o(.data)
    aaa                                      0x20000080   Data           4  openmv.o(.data)
    math_buff                                0x20000088   Data           5  k210.o(.data)
    key_state                                0x200000a0   Data           1  timer.o(.data)
    i_10ms                                   0x200000a4   Data           4  timer.o(.data)
    x                                        0x200000a8   Data           4  timer.o(.data)
    button_key                               0x200000ac   Data           8  timer.o(.data)
    __stdout                                 0x200000c8   Data           4  usart.o(.data)
    USART_RX_STA                             0x200000cc   Data           2  usart.o(.data)
    pxCurrentTCB                             0x200000d0   Data           4  tasks.o(.data)
    out_left                                 0x20000144   Data           4  encoder_task.o(.data)
    out_right                                0x20000148   Data           4  encoder_task.o(.data)
    right_set                                0x2000014c   Data           4  encoder_task.o(.data)
    left_set                                 0x20000150   Data           4  encoder_task.o(.data)
    turn_out                                 0x20000154   Data           4  encoder_task.o(.data)
    right_pwm                                0x20000158   Data           4  encoder_task.o(.data)
    left_pwm                                 0x2000015c   Data           4  encoder_task.o(.data)
    yaw_error                                0x20000160   Data           4  encoder_task.o(.data)
    tmp_buf                                  0x20000164   Data          33  main.o(.bss)
    buff                                     0x20000185   Data          20  vision.o(.bss)
    i                                        0x2000019c   Data          64  timer.o(.bss)
    a                                        0x200001dc   Data          12  timer.o(.bss)
    c                                        0x200001e8   Data          12  timer.o(.bss)
    d                                        0x200001f4   Data          12  timer.o(.bss)
    USART_RX_BUF                             0x200003bc   Data         200  usart.o(.bss)
    xQueueRegistry                           0x20000484   Data          64  queue.o(.bss)
    right_motor                              0x200057d0   Data          60  encoder_task.o(.bss)
    left_motor                               0x2000580c   Data          60  encoder_task.o(.bss)
    pid_right                                0x20005848   Data          76  encoder_task.o(.bss)
    pid_left                                 0x20005894   Data          76  encoder_task.o(.bss)
    pid_turn                                 0x200058e0   Data          76  encoder_task.o(.bss)
    __libspace_start                         0x2000592c   Data          96  libspace.o(.bss)
    __temporary_stack_top$libspace           0x2000598c   Data           0  libspace.o(.bss)



==============================================================================

Memory Map of the image

  Image Entry point : 0x08000189

  Load Region LR_IROM1 (Base: 0x08000000, Size: 0x000061d8, Max: 0x00100000, ABSOLUTE, COMPRESSED[0x00006090])

    Execution Region ER_IROM1 (Exec base: 0x08000000, Load base: 0x08000000, Size: 0x00006074, Max: 0x00100000, ABSOLUTE)

    Exec Addr    Load Addr    Size         Type   Attr      Idx    E Section Name        Object

    0x08000000   0x08000000   0x00000188   Data   RO         1664    RESET               startup_stm32f40_41xxx.o
    0x08000188   0x08000188   0x00000008   Code   RO         7822  * !!!main             c_w.l(__main.o)
    0x08000190   0x08000190   0x00000034   Code   RO         8002    !!!scatter          c_w.l(__scatter.o)
    0x080001c4   0x080001c4   0x0000005a   Code   RO         8000    !!dczerorl2         c_w.l(__dczerorl2.o)
    0x0800021e   0x0800021e   0x00000002   PAD
    0x08000220   0x08000220   0x0000001c   Code   RO         8004    !!handler_zi        c_w.l(__scatter_zi.o)
    0x0800023c   0x0800023c   0x00000000   Code   RO         7811    .ARM.Collect$$_printf_percent$$00000000  c_w.l(_printf_percent.o)
    0x0800023c   0x0800023c   0x00000006   Code   RO         7809    .ARM.Collect$$_printf_percent$$00000009  c_w.l(_printf_d.o)
    0x08000242   0x08000242   0x00000006   Code   RO         7808    .ARM.Collect$$_printf_percent$$00000014  c_w.l(_printf_s.o)
    0x08000248   0x08000248   0x00000004   Code   RO         7837    .ARM.Collect$$_printf_percent$$00000017  c_w.l(_printf_percent_end.o)
    0x0800024c   0x0800024c   0x00000002   Code   RO         7874    .ARM.Collect$$libinit$$00000000  c_w.l(libinit.o)
    0x0800024e   0x0800024e   0x00000004   Code   RO         7880    .ARM.Collect$$libinit$$00000001  c_w.l(libinit2.o)
    0x08000252   0x08000252   0x00000000   Code   RO         7883    .ARM.Collect$$libinit$$00000004  c_w.l(libinit2.o)
    0x08000252   0x08000252   0x00000000   Code   RO         7886    .ARM.Collect$$libinit$$0000000A  c_w.l(libinit2.o)
    0x08000252   0x08000252   0x00000000   Code   RO         7888    .ARM.Collect$$libinit$$0000000C  c_w.l(libinit2.o)
    0x08000252   0x08000252   0x00000000   Code   RO         7890    .ARM.Collect$$libinit$$0000000E  c_w.l(libinit2.o)
    0x08000252   0x08000252   0x00000000   Code   RO         7893    .ARM.Collect$$libinit$$00000011  c_w.l(libinit2.o)
    0x08000252   0x08000252   0x00000000   Code   RO         7895    .ARM.Collect$$libinit$$00000013  c_w.l(libinit2.o)
    0x08000252   0x08000252   0x00000000   Code   RO         7897    .ARM.Collect$$libinit$$00000015  c_w.l(libinit2.o)
    0x08000252   0x08000252   0x00000000   Code   RO         7899    .ARM.Collect$$libinit$$00000017  c_w.l(libinit2.o)
    0x08000252   0x08000252   0x00000000   Code   RO         7901    .ARM.Collect$$libinit$$00000019  c_w.l(libinit2.o)
    0x08000252   0x08000252   0x00000000   Code   RO         7903    .ARM.Collect$$libinit$$0000001B  c_w.l(libinit2.o)
    0x08000252   0x08000252   0x00000000   Code   RO         7905    .ARM.Collect$$libinit$$0000001D  c_w.l(libinit2.o)
    0x08000252   0x08000252   0x00000000   Code   RO         7907    .ARM.Collect$$libinit$$0000001F  c_w.l(libinit2.o)
    0x08000252   0x08000252   0x00000000   Code   RO         7909    .ARM.Collect$$libinit$$00000021  c_w.l(libinit2.o)
    0x08000252   0x08000252   0x00000000   Code   RO         7911    .ARM.Collect$$libinit$$00000023  c_w.l(libinit2.o)
    0x08000252   0x08000252   0x00000000   Code   RO         7913    .ARM.Collect$$libinit$$00000025  c_w.l(libinit2.o)
    0x08000252   0x08000252   0x00000000   Code   RO         7917    .ARM.Collect$$libinit$$0000002C  c_w.l(libinit2.o)
    0x08000252   0x08000252   0x00000000   Code   RO         7919    .ARM.Collect$$libinit$$0000002E  c_w.l(libinit2.o)
    0x08000252   0x08000252   0x00000000   Code   RO         7921    .ARM.Collect$$libinit$$00000030  c_w.l(libinit2.o)
    0x08000252   0x08000252   0x00000000   Code   RO         7923    .ARM.Collect$$libinit$$00000032  c_w.l(libinit2.o)
    0x08000252   0x08000252   0x00000002   Code   RO         7924    .ARM.Collect$$libinit$$00000033  c_w.l(libinit2.o)
    0x08000254   0x08000254   0x00000002   Code   RO         7942    .ARM.Collect$$libshutdown$$00000000  c_w.l(libshutdown.o)
    0x08000256   0x08000256   0x00000000   Code   RO         7952    .ARM.Collect$$libshutdown$$00000002  c_w.l(libshutdown2.o)
    0x08000256   0x08000256   0x00000000   Code   RO         7954    .ARM.Collect$$libshutdown$$00000004  c_w.l(libshutdown2.o)
    0x08000256   0x08000256   0x00000000   Code   RO         7957    .ARM.Collect$$libshutdown$$00000007  c_w.l(libshutdown2.o)
    0x08000256   0x08000256   0x00000000   Code   RO         7960    .ARM.Collect$$libshutdown$$0000000A  c_w.l(libshutdown2.o)
    0x08000256   0x08000256   0x00000000   Code   RO         7962    .ARM.Collect$$libshutdown$$0000000C  c_w.l(libshutdown2.o)
    0x08000256   0x08000256   0x00000000   Code   RO         7965    .ARM.Collect$$libshutdown$$0000000F  c_w.l(libshutdown2.o)
    0x08000256   0x08000256   0x00000002   Code   RO         7966    .ARM.Collect$$libshutdown$$00000010  c_w.l(libshutdown2.o)
    0x08000258   0x08000258   0x00000000   Code   RO         7826    .ARM.Collect$$rtentry$$00000000  c_w.l(__rtentry.o)
    0x08000258   0x08000258   0x00000000   Code   RO         7843    .ARM.Collect$$rtentry$$00000002  c_w.l(__rtentry2.o)
    0x08000258   0x08000258   0x00000006   Code   RO         7855    .ARM.Collect$$rtentry$$00000004  c_w.l(__rtentry4.o)
    0x0800025e   0x0800025e   0x00000000   Code   RO         7845    .ARM.Collect$$rtentry$$00000009  c_w.l(__rtentry2.o)
    0x0800025e   0x0800025e   0x00000004   Code   RO         7846    .ARM.Collect$$rtentry$$0000000A  c_w.l(__rtentry2.o)
    0x08000262   0x08000262   0x00000000   Code   RO         7848    .ARM.Collect$$rtentry$$0000000C  c_w.l(__rtentry2.o)
    0x08000262   0x08000262   0x00000008   Code   RO         7849    .ARM.Collect$$rtentry$$0000000D  c_w.l(__rtentry2.o)
    0x0800026a   0x0800026a   0x00000002   Code   RO         7878    .ARM.Collect$$rtexit$$00000000  c_w.l(rtexit.o)
    0x0800026c   0x0800026c   0x00000000   Code   RO         7926    .ARM.Collect$$rtexit$$00000002  c_w.l(rtexit2.o)
    0x0800026c   0x0800026c   0x00000004   Code   RO         7927    .ARM.Collect$$rtexit$$00000003  c_w.l(rtexit2.o)
    0x08000270   0x08000270   0x00000006   Code   RO         7928    .ARM.Collect$$rtexit$$00000004  c_w.l(rtexit2.o)
    0x08000276   0x08000276   0x00000002   PAD
    0x08000278   0x08000278   0x000000b6   Code   RO         7649    .emb_text           port.o
    0x0800032e   0x0800032e   0x00000002   PAD
    0x08000330   0x08000330   0x00000040   Code   RO         1665    .text               startup_stm32f40_41xxx.o
    0x08000370   0x08000370   0x00000002   Code   RO         7771    .text               c_w.l(use_no_semi_2.o)
    0x08000372   0x08000372   0x00000002   PAD
    0x08000374   0x08000374   0x00000018   Code   RO         7777    .text               c_w.l(noretval__2printf.o)
    0x0800038c   0x0800038c   0x00000068   Code   RO         7781    .text               c_w.l(__printf.o)
    0x080003f4   0x080003f4   0x00000052   Code   RO         7783    .text               c_w.l(_printf_str.o)
    0x08000446   0x08000446   0x00000002   PAD
    0x08000448   0x08000448   0x00000078   Code   RO         7785    .text               c_w.l(_printf_dec.o)
    0x080004c0   0x080004c0   0x0000008a   Code   RO         7816    .text               c_w.l(rt_memcpy_v6.o)
    0x0800054a   0x0800054a   0x00000010   Code   RO         7818    .text               c_w.l(aeabi_memset.o)
    0x0800055a   0x0800055a   0x00000006   Code   RO         7820    .text               c_w.l(heapauxi.o)
    0x08000560   0x08000560   0x00000002   Code   RO         7824    .text               c_w.l(use_no_semi.o)
    0x08000562   0x08000562   0x000000b2   Code   RO         7827    .text               c_w.l(_printf_intcommon.o)
    0x08000614   0x08000614   0x00000030   Code   RO         7829    .text               c_w.l(_printf_char_common.o)
    0x08000644   0x08000644   0x0000002c   Code   RO         7833    .text               c_w.l(_printf_char.o)
    0x08000670   0x08000670   0x00000024   Code   RO         7835    .text               c_w.l(_printf_char_file.o)
    0x08000694   0x08000694   0x00000064   Code   RO         7838    .text               c_w.l(rt_memcpy_w.o)
    0x080006f8   0x080006f8   0x00000044   Code   RO         7840    .text               c_w.l(rt_memclr.o)
    0x0800073c   0x0800073c   0x00000008   Code   RO         7859    .text               c_w.l(ferror.o)
    0x08000744   0x08000744   0x0000004e   Code   RO         7863    .text               c_w.l(rt_memclr_w.o)
    0x08000792   0x08000792   0x0000004a   Code   RO         7865    .text               c_w.l(sys_stackheap_outer.o)
    0x080007dc   0x080007dc   0x00000012   Code   RO         7867    .text               c_w.l(exit.o)
    0x080007ee   0x080007ee   0x00000002   PAD
    0x080007f0   0x080007f0   0x00000008   Code   RO         7875    .text               c_w.l(libspace.o)
    0x080007f8   0x080007f8   0x00000004   Code   RO          242    i.BusFault_Handler  stm32f4xx_it.o
    0x080007fc   0x080007fc   0x000001c8   Code   RO          701    i.Calculate_Current_Value  rm_pid.o
    0x080009c4   0x080009c4   0x00000002   Code   RO          243    i.DebugMon_Handler  stm32f4xx_it.o
    0x080009c6   0x080009c6   0x00000002   PAD
    0x080009c8   0x080009c8   0x000000c4   Code   RO          560    i.Enconder_init     enconder.o
    0x08000a8c   0x08000a8c   0x00000090   Code   RO         3495    i.GPIO_Init         stm32f4xx_gpio.o
    0x08000b1c   0x08000b1c   0x00000046   Code   RO         3496    i.GPIO_PinAFConfig  stm32f4xx_gpio.o
    0x08000b62   0x08000b62   0x00000012   Code   RO         3499    i.GPIO_ReadInputDataBit  stm32f4xx_gpio.o
    0x08000b74   0x08000b74   0x00000004   Code   RO         3502    i.GPIO_ResetBits    stm32f4xx_gpio.o
    0x08000b78   0x08000b78   0x00000004   Code   RO         3503    i.GPIO_SetBits      stm32f4xx_gpio.o
    0x08000b7c   0x08000b7c   0x00000004   Code   RO          244    i.HardFault_Handler  stm32f4xx_it.o
    0x08000b80   0x08000b80   0x00000060   Code   RO         1293    i.KEY_Init          key.o
    0x08000be0   0x08000be0   0x00000040   Code   RO          433    i.LED_Init          led.o
    0x08000c20   0x08000c20   0x00000004   Code   RO          245    i.MemManage_Handler  stm32f4xx_it.o
    0x08000c24   0x08000c24   0x00000002   Code   RO          246    i.NMI_Handler       stm32f4xx_it.o
    0x08000c26   0x08000c26   0x00000002   PAD
    0x08000c28   0x08000c28   0x00000050   Code   RO          922    i.NRF24L01_Check    24l01.o
    0x08000c78   0x08000c78   0x000000a4   Code   RO          923    i.NRF24L01_Init     24l01.o
    0x08000d1c   0x08000d1c   0x00000058   Code   RO          924    i.NRF24L01_RX_Mode  24l01.o
    0x08000d74   0x08000d74   0x0000003c   Code   RO          925    i.NRF24L01_Read_Buf  24l01.o
    0x08000db0   0x08000db0   0x0000002c   Code   RO          926    i.NRF24L01_Read_Reg  24l01.o
    0x08000ddc   0x08000ddc   0x0000003a   Code   RO          927    i.NRF24L01_RxPacket  24l01.o
    0x08000e16   0x08000e16   0x00000002   PAD
    0x08000e18   0x08000e18   0x0000005c   Code   RO          928    i.NRF24L01_SPI_Init  24l01.o
    0x08000e74   0x08000e74   0x0000003c   Code   RO          931    i.NRF24L01_Write_Buf  24l01.o
    0x08000eb0   0x08000eb0   0x00000030   Code   RO          932    i.NRF24L01_Write_Reg  24l01.o
    0x08000ee0   0x08000ee0   0x00000078   Code   RO         1671    i.NVIC_Init         misc.o
    0x08000f58   0x08000f58   0x00000014   Code   RO         1672    i.NVIC_PriorityGroupConfig  misc.o
    0x08000f6c   0x08000f6c   0x00000020   Code   RO         4359    i.RCC_AHB1PeriphClockCmd  stm32f4xx_rcc.o
    0x08000f8c   0x08000f8c   0x00000020   Code   RO         4368    i.RCC_APB1PeriphClockCmd  stm32f4xx_rcc.o
    0x08000fac   0x08000fac   0x00000020   Code   RO         4370    i.RCC_APB1PeriphResetCmd  stm32f4xx_rcc.o
    0x08000fcc   0x08000fcc   0x00000020   Code   RO         4371    i.RCC_APB2PeriphClockCmd  stm32f4xx_rcc.o
    0x08000fec   0x08000fec   0x00000020   Code   RO         4373    i.RCC_APB2PeriphResetCmd  stm32f4xx_rcc.o
    0x0800100c   0x0800100c   0x000000e8   Code   RO         4380    i.RCC_GetClocksFreq  stm32f4xx_rcc.o
    0x080010f4   0x080010f4   0x000000f4   Code   RO         1014    i.SPI2_Init         spi.o
    0x080011e8   0x080011e8   0x00000038   Code   RO         1015    i.SPI2_ReadWriteByte  spi.o
    0x08001220   0x08001220   0x00000028   Code   RO         1016    i.SPI2_SetSpeed     spi.o
    0x08001248   0x08001248   0x00000018   Code   RO         5476    i.SPI_Cmd           stm32f4xx_spi.o
    0x08001260   0x08001260   0x00000012   Code   RO         5484    i.SPI_I2S_GetFlagStatus  stm32f4xx_spi.o
    0x08001272   0x08001272   0x00000006   Code   RO         5487    i.SPI_I2S_ReceiveData  stm32f4xx_spi.o
    0x08001278   0x08001278   0x00000004   Code   RO         5488    i.SPI_I2S_SendData  stm32f4xx_spi.o
    0x0800127c   0x0800127c   0x0000003c   Code   RO         5489    i.SPI_Init          stm32f4xx_spi.o
    0x080012b8   0x080012b8   0x000000ec   Code   RO          396    i.SetSysClock       system_stm32f4xx.o
    0x080013a4   0x080013a4   0x00000028   Code   RO         1675    i.SysTick_CLKSourceConfig  misc.o
    0x080013cc   0x080013cc   0x00000010   Code   RO         6502    i.SysTick_Handler   delay.o
    0x080013dc   0x080013dc   0x00000068   Code   RO          398    i.SystemInit        system_stm32f4xx.o
    0x08001444   0x08001444   0x000000cc   Code   RO          673    i.TIM8_PWM_Init     pwm.o
    0x08001510   0x08001510   0x00000018   Code   RO         5694    i.TIM_ARRPreloadConfig  stm32f4xx_tim.o
    0x08001528   0x08001528   0x00000018   Code   RO         5706    i.TIM_Cmd           stm32f4xx_tim.o
    0x08001540   0x08001540   0x0000001e   Code   RO         5708    i.TIM_CtrlPWMOutputs  stm32f4xx_tim.o
    0x0800155e   0x0800155e   0x00000042   Code   RO         5715    i.TIM_EncoderInterfaceConfig  stm32f4xx_tim.o
    0x080015a0   0x080015a0   0x0000007c   Code   RO         5735    i.TIM_OC1Init       stm32f4xx_tim.o
    0x0800161c   0x0800161c   0x00000012   Code   RO         5738    i.TIM_OC1PreloadConfig  stm32f4xx_tim.o
    0x0800162e   0x0800162e   0x00000002   PAD
    0x08001630   0x08001630   0x000000a0   Code   RO         5745    i.TIM_OC3Init       stm32f4xx_tim.o
    0x080016d0   0x080016d0   0x00000012   Code   RO         5748    i.TIM_OC3PreloadConfig  stm32f4xx_tim.o
    0x080016e2   0x080016e2   0x00000004   Code   RO         5768    i.TIM_SetCompare1   stm32f4xx_tim.o
    0x080016e6   0x080016e6   0x00000004   Code   RO         5770    i.TIM_SetCompare3   stm32f4xx_tim.o
    0x080016ea   0x080016ea   0x00000002   PAD
    0x080016ec   0x080016ec   0x00000084   Code   RO         5778    i.TIM_TimeBaseInit  stm32f4xx_tim.o
    0x08001770   0x08001770   0x00000088   Code   RO         6603    i.USART1_IRQHandler  usart.o
    0x080017f8   0x080017f8   0x000000fc   Code   RO          753    i.USART2_IRQHandler  vision.o
    0x080018f4   0x080018f4   0x000001c0   Code   RO          893    i.USART3_IRQHandler  openmv.o
    0x08001ab4   0x08001ab4   0x000000fc   Code   RO         1153    i.USART6_IRQHandler  k210.o
    0x08001bb0   0x08001bb0   0x00000018   Code   RO         6256    i.USART_Cmd         stm32f4xx_usart.o
    0x08001bc8   0x08001bc8   0x000000f0   Code   RO         6258    i.USART_DeInit      stm32f4xx_usart.o
    0x08001cb8   0x08001cb8   0x00000054   Code   RO         6260    i.USART_GetITStatus  stm32f4xx_usart.o
    0x08001d0c   0x08001d0c   0x0000004a   Code   RO         6262    i.USART_ITConfig    stm32f4xx_usart.o
    0x08001d56   0x08001d56   0x00000002   PAD
    0x08001d58   0x08001d58   0x000000d4   Code   RO         6263    i.USART_Init        stm32f4xx_usart.o
    0x08001e2c   0x08001e2c   0x0000000a   Code   RO         6270    i.USART_ReceiveData  stm32f4xx_usart.o
    0x08001e36   0x08001e36   0x00000004   Code   RO          247    i.UsageFault_Handler  stm32f4xx_it.o
    0x08001e3a   0x08001e3a   0x00000004   Code   RO         6604    i._sys_exit         usart.o
    0x08001e3e   0x08001e3e   0x00000002   PAD
    0x08001e40   0x08001e40   0x00000244   Code   RO         1423    i.button_task       timer.o
    0x08002084   0x08002084   0x00000020   Code   RO         1424    i.col1              timer.o
    0x080020a4   0x080020a4   0x00000020   Code   RO         1425    i.col2              timer.o
    0x080020c4   0x080020c4   0x00000020   Code   RO         1426    i.col3              timer.o
    0x080020e4   0x080020e4   0x0000001c   Code   RO         1427    i.colall            timer.o
    0x08002100   0x08002100   0x00000044   Code   RO         6503    i.delay_init        delay.o
    0x08002144   0x08002144   0x00000040   Code   RO         6504    i.delay_ms          delay.o
    0x08002184   0x08002184   0x00000048   Code   RO         6505    i.delay_us          delay.o
    0x080021cc   0x080021cc   0x00000044   Code   RO          561    i.direction_init    enconder.o
    0x08002210   0x08002210   0x000000fc   Code   RO         7734    i.encoder_task      encoder_task.o
    0x0800230c   0x0800230c   0x0000001c   Code   RO         6605    i.fputc             usart.o
    0x08002328   0x08002328   0x000000ac   Code   RO         1154    i.k210_init         k210.o
    0x080023d4   0x080023d4   0x00000084   Code   RO            3    i.led1_task         main.o
    0x08002458   0x08002458   0x0000000a   Code   RO            4    i.led2_task         main.o
    0x08002462   0x08002462   0x00000002   PAD
    0x08002464   0x08002464   0x00000018   Code   RO          562    i.left_forward      enconder.o
    0x0800247c   0x0800247c   0x00000018   Code   RO          563    i.left_positive     enconder.o
    0x08002494   0x08002494   0x00000094   Code   RO            5    i.main              main.o
    0x08002528   0x08002528   0x000000f8   Code   RO         7735    i.moto_speed_get    encoder_task.o
    0x08002620   0x08002620   0x000000b0   Code   RO          894    i.open_init         openmv.o
    0x080026d0   0x080026d0   0x00000044   Code   RO          705    i.pid_init          rm_pid.o
    0x08002714   0x08002714   0x00000028   Code   RO          706    i.pid_reset         rm_pid.o
    0x0800273c   0x0800273c   0x00000098   Code   RO         7086    i.prvAddCurrentTaskToDelayedList  tasks.o
    0x080027d4   0x080027d4   0x000000b8   Code   RO         7087    i.prvAddNewTaskToReadyList  tasks.o
    0x0800288c   0x0800288c   0x00000064   Code   RO         7454    i.prvCheckForValidListAndQueue  timers.o
    0x080028f0   0x080028f0   0x00000064   Code   RO         7088    i.prvCheckTasksWaitingTermination  tasks.o
    0x08002954   0x08002954   0x0000002a   Code   RO         6842    i.prvCopyDataFromQueue  queue.o
    0x0800297e   0x0800297e   0x0000007c   Code   RO         6843    i.prvCopyDataToQueue  queue.o
    0x080029fa   0x080029fa   0x00000012   Code   RO         7089    i.prvDeleteTCB      tasks.o
    0x08002a0c   0x08002a0c   0x00000028   Code   RO         7455    i.prvGetNextExpireTime  timers.o
    0x08002a34   0x08002a34   0x0000007c   Code   RO         7592    i.prvHeapInit       heap_4.o
    0x08002ab0   0x08002ab0   0x00000028   Code   RO         7090    i.prvIdleTask       tasks.o
    0x08002ad8   0x08002ad8   0x0000002e   Code   RO         6845    i.prvInitialiseNewQueue  queue.o
    0x08002b06   0x08002b06   0x00000002   PAD
    0x08002b08   0x08002b08   0x000000d0   Code   RO         7091    i.prvInitialiseNewTask  tasks.o
    0x08002bd8   0x08002bd8   0x00000068   Code   RO         7092    i.prvInitialiseTaskLists  tasks.o
    0x08002c40   0x08002c40   0x00000068   Code   RO         7593    i.prvInsertBlockIntoFreeList  heap_4.o
    0x08002ca8   0x08002ca8   0x00000058   Code   RO         7457    i.prvInsertTimerInActiveList  timers.o
    0x08002d00   0x08002d00   0x0000001a   Code   RO         6846    i.prvIsQueueEmpty   queue.o
    0x08002d1a   0x08002d1a   0x0000001e   Code   RO         6847    i.prvIsQueueFull    queue.o
    0x08002d38   0x08002d38   0x000000a0   Code   RO         6848    i.prvNotifyQueueSetContainer  queue.o
    0x08002dd8   0x08002dd8   0x00000080   Code   RO         7458    i.prvProcessExpiredTimer  timers.o
    0x08002e58   0x08002e58   0x0000012c   Code   RO         7459    i.prvProcessReceivedCommands  timers.o
    0x08002f84   0x08002f84   0x00000074   Code   RO         7460    i.prvProcessTimerOrBlockTask  timers.o
    0x08002ff8   0x08002ff8   0x00000034   Code   RO         7094    i.prvResetNextTaskUnblockTime  tasks.o
    0x0800302c   0x0800302c   0x0000002c   Code   RO         7461    i.prvSampleTimeNow  timers.o
    0x08003058   0x08003058   0x000000bc   Code   RO         7462    i.prvSwitchTimerLists  timers.o
    0x08003114   0x08003114   0x00000074   Code   RO         7650    i.prvTaskExitError  port.o
    0x08003188   0x08003188   0x0000001a   Code   RO         7463    i.prvTimerTask      timers.o
    0x080031a2   0x080031a2   0x00000092   Code   RO         6849    i.prvUnlockQueue    queue.o
    0x08003234   0x08003234   0x00000154   Code   RO         7594    i.pvPortMalloc      heap_4.o
    0x08003388   0x08003388   0x00000020   Code   RO         7098    i.pvTaskIncrementMutexHeldCount  tasks.o
    0x080033a8   0x080033a8   0x0000002c   Code   RO         7651    i.pxPortInitialiseStack  port.o
    0x080033d4   0x080033d4   0x00000018   Code   RO          564    i.right_forward     enconder.o
    0x080033ec   0x080033ec   0x00000018   Code   RO          565    i.right_positive    enconder.o
    0x08003404   0x08003404   0x0000014c   Code   RO         7736    i.speed_send        encoder_task.o
    0x08003550   0x08003550   0x000000c0   Code   RO            6    i.start_task        main.o
    0x08003610   0x08003610   0x000000e4   Code   RO         1632    i.task_five         task_five.o
    0x080036f4   0x080036f4   0x000000e4   Code   RO         1603    i.task_four         task_four.o
    0x080037d8   0x080037d8   0x00000144   Code   RO         1572    i.task_three        task_three.o
    0x0800391c   0x0800391c   0x00000028   Code   RO         6797    i.uxListRemove      list.o
    0x08003944   0x08003944   0x0000001a   Code   RO         6798    i.vListInitialise   list.o
    0x0800395e   0x0800395e   0x00000006   Code   RO         6799    i.vListInitialiseItem  list.o
    0x08003964   0x08003964   0x00000034   Code   RO         6800    i.vListInsert       list.o
    0x08003998   0x08003998   0x00000018   Code   RO         6801    i.vListInsertEnd    list.o
    0x080039b0   0x080039b0   0x00000088   Code   RO         7653    i.vPortEnterCritical  port.o
    0x08003a38   0x08003a38   0x00000070   Code   RO         7654    i.vPortExitCritical  port.o
    0x08003aa8   0x08003aa8   0x000000b8   Code   RO         7595    i.vPortFree         heap_4.o
    0x08003b60   0x08003b60   0x00000020   Code   RO         7655    i.vPortSetupTimerInterrupt  port.o
    0x08003b80   0x08003b80   0x000000a0   Code   RO         7656    i.vPortValidateInterruptPriority  port.o
    0x08003c20   0x08003c20   0x0000002c   Code   RO         6855    i.vQueueAddToRegistry  queue.o
    0x08003c4c   0x08003c4c   0x0000004a   Code   RO         6859    i.vQueueWaitForMessageRestricted  queue.o
    0x08003c96   0x08003c96   0x00000002   PAD
    0x08003c98   0x08003c98   0x00000074   Code   RO         7106    i.vTaskDelay        tasks.o
    0x08003d0c   0x08003d0c   0x0000010c   Code   RO         7108    i.vTaskDelete       tasks.o
    0x08003e18   0x08003e18   0x0000000c   Code   RO         7112    i.vTaskMissedYield  tasks.o
    0x08003e24   0x08003e24   0x00000054   Code   RO         7114    i.vTaskPlaceOnEventList  tasks.o
    0x08003e78   0x08003e78   0x0000005c   Code   RO         7115    i.vTaskPlaceOnEventListRestricted  tasks.o
    0x08003ed4   0x08003ed4   0x000000b0   Code   RO         7117    i.vTaskPriorityInherit  tasks.o
    0x08003f84   0x08003f84   0x0000004c   Code   RO         7121    i.vTaskSetTimeOutState  tasks.o
    0x08003fd0   0x08003fd0   0x000000ac   Code   RO         7122    i.vTaskStartScheduler  tasks.o
    0x0800407c   0x0800407c   0x00000010   Code   RO         7124    i.vTaskSuspendAll   tasks.o
    0x0800408c   0x0800408c   0x000000a8   Code   RO         7125    i.vTaskSwitchContext  tasks.o
    0x08004134   0x08004134   0x000000ac   Code   RO          754    i.vision_init       vision.o
    0x080041e0   0x080041e0   0x0000015c   Code   RO         7657    i.xPortStartScheduler  port.o
    0x0800433c   0x0800433c   0x00000034   Code   RO         7658    i.xPortSysTickHandler  port.o
    0x08004370   0x08004370   0x00000074   Code   RO         6864    i.xQueueGenericCreate  queue.o
    0x080043e4   0x080043e4   0x000001c8   Code   RO         6865    i.xQueueGenericReceive  queue.o
    0x080045ac   0x080045ac   0x000000b0   Code   RO         6866    i.xQueueGenericReset  queue.o
    0x0800465c   0x0800465c   0x000001c4   Code   RO         6867    i.xQueueGenericSend  queue.o
    0x08004820   0x08004820   0x00000110   Code   RO         6868    i.xQueueGenericSendFromISR  queue.o
    0x08004930   0x08004930   0x000000a0   Code   RO         7126    i.xTaskCheckForTimeOut  tasks.o
    0x080049d0   0x080049d0   0x00000060   Code   RO         7127    i.xTaskCreate       tasks.o
    0x08004a30   0x08004a30   0x00000020   Code   RO         7131    i.xTaskGetSchedulerState  tasks.o
    0x08004a50   0x08004a50   0x0000000c   Code   RO         7132    i.xTaskGetTickCount  tasks.o
    0x08004a5c   0x08004a5c   0x00000160   Code   RO         7134    i.xTaskIncrementTick  tasks.o
    0x08004bbc   0x08004bbc   0x000000d8   Code   RO         7137    i.xTaskPriorityDisinherit  tasks.o
    0x08004c94   0x08004c94   0x000000b4   Code   RO         7138    i.xTaskRemoveFromEventList  tasks.o
    0x08004d48   0x08004d48   0x00000120   Code   RO         7140    i.xTaskResumeAll    tasks.o
    0x08004e68   0x08004e68   0x00000074   Code   RO         7467    i.xTimerCreateTimerTask  timers.o
    0x08004edc   0x08004edc   0x000000a4   Code   RO         7468    i.xTimerGenericCommand  timers.o
    0x08004f80   0x08004f80   0x00000620   Code   RO         1633    i.xunxian_five      task_five.o
    0x080055a0   0x080055a0   0x000003c0   Code   RO         1604    i.xunxian_four      task_four.o
    0x08005960   0x08005960   0x000006e0   Code   RO         1573    i.xunxian_three     task_three.o
    0x08006040   0x08006040   0x0000000a   Code   RO         7934    x$fpl$fpinit        fz_wm.l(fpinit.o)
    0x0800604a   0x0800604a   0x0000000a   Data   RO          933    .constdata          24l01.o
    0x08006054   0x08006054   0x00000020   Data   RO         7998    Region$$Table       anon$$obj.o


    Execution Region RW_IRAM2 (Exec base: 0x10000000, Load base: 0x08006090, Size: 0x00000000, Max: 0x00010000, ABSOLUTE)

    **** No section assigned to this execution region ****


    Execution Region RW_IRAM1 (Exec base: 0x20000000, Load base: 0x08006074, Size: 0x00005f90, Max: 0x00020000, ABSOLUTE, COMPRESSED[0x0000001c])

    Exec Addr    Load Addr    Size         Type   Attr      Idx    E Section Name        Object

    0x20000000   COMPRESSED   0x00000038   Data   RW            8    .data               main.o
    0x20000038   COMPRESSED   0x00000014   Data   RW          399    .data               system_stm32f4xx.o
    0x2000004c   COMPRESSED   0x00000014   Data   RW          756    .data               vision.o
    0x20000060   COMPRESSED   0x00000026   Data   RW          895    .data               openmv.o
    0x20000086   COMPRESSED   0x00000002   PAD
    0x20000088   COMPRESSED   0x00000018   Data   RW         1155    .data               k210.o
    0x200000a0   COMPRESSED   0x00000014   Data   RW         1430    .data               timer.o
    0x200000b4   COMPRESSED   0x00000010   Data   RW         4412    .data               stm32f4xx_rcc.o
    0x200000c4   COMPRESSED   0x00000004   Data   RW         6507    .data               delay.o
    0x200000c8   COMPRESSED   0x00000006   Data   RW         6608    .data               usart.o
    0x200000ce   COMPRESSED   0x00000002   PAD
    0x200000d0   COMPRESSED   0x0000003c   Data   RW         7143    .data               tasks.o
    0x2000010c   COMPRESSED   0x00000014   Data   RW         7476    .data               timers.o
    0x20000120   COMPRESSED   0x00000018   Data   RW         7600    .data               heap_4.o
    0x20000138   COMPRESSED   0x0000000c   Data   RW         7659    .data               port.o
    0x20000144   COMPRESSED   0x00000020   Data   RW         7738    .data               encoder_task.o
    0x20000164        -       0x00000021   Zero   RW            7    .bss                main.o
    0x20000185        -       0x00000014   Zero   RW          755    .bss                vision.o
    0x20000199   COMPRESSED   0x00000003   PAD
    0x2000019c        -       0x00000064   Zero   RW         1429    .bss                timer.o
    0x20000200        -       0x00000094   Zero   RW         1574    .bss                task_three.o
    0x20000294        -       0x00000094   Zero   RW         1605    .bss                task_four.o
    0x20000328        -       0x00000094   Zero   RW         1634    .bss                task_five.o
    0x200003bc        -       0x000000c8   Zero   RW         6607    .bss                usart.o
    0x20000484        -       0x00000040   Zero   RW         6879    .bss                queue.o
    0x200004c4        -       0x000002e4   Zero   RW         7142    .bss                tasks.o
    0x200007a8        -       0x00000028   Zero   RW         7475    .bss                timers.o
    0x200007d0        -       0x00005000   Zero   RW         7599    .bss                heap_4.o
    0x200057d0        -       0x0000015c   Zero   RW         7737    .bss                encoder_task.o
    0x2000592c        -       0x00000060   Zero   RW         7876    .bss                c_w.l(libspace.o)
    0x2000598c   COMPRESSED   0x00000004   PAD
    0x20005990        -       0x00000200   Zero   RW         1663    HEAP                startup_stm32f40_41xxx.o
    0x20005b90        -       0x00000400   Zero   RW         1662    STACK               startup_stm32f40_41xxx.o


==============================================================================

Image component sizes


      Code (inc. data)   RO Data    RW Data    ZI Data      Debug   Object Name

       694         70         10          0          0       6358   24l01.o
       220         18          0          4          0      12413   delay.o
       832        144          0         32        348       2964   encoder_task.o
       360         52          0          0          0     232185   enconder.o
         0          0          0          0          0      11696   event_groups.o
       752        176          0         24      20480       3899   heap_4.o
       424         32          0         24          0     243977   k210.o
        96          8          0          0          0     234999   key.o
        64          4          0          0          0     254671   led.o
       148          0          0          0          0       3142   list.o
       482        150          0         56         33     260553   main.o
       180         24          0          0          0       2017   misc.o
       624         60          0         38          0       2253   openmv.o
      1182        396          0         12          0      10729   port.o
       204          8          0          0          0        804   pwm.o
      2164        238          0          0         64      15613   queue.o
       564         16          0          0          0       3325   rm_pid.o
       340         22          0          0          0     244445   spi.o
        64         26        392          0       1536        824   startup_stm32f40_41xxx.o
         0          0          0          0          0     283504   stm32f4xx_flash_ramfunc.o
       240          0          0          0          0       3439   stm32f4xx_gpio.o
        20          0          0          0          0      17745   stm32f4xx_it.o
       392         48          0         16          0       5689   stm32f4xx_rcc.o
       112          0          0          0          0       3414   stm32f4xx_spi.o
       604         48          0          0          0       7432   stm32f4xx_tim.o
       644         42          0          0          0       4845   stm32f4xx_usart.o
       340         32          0         20          0       1701   system_stm32f4xx.o
      1796        162          0          0        148       2035   task_five.o
      1188        122          0          0        148       1747   task_four.o
      2084        148          0          0        148       2226   task_three.o
      3406        878          0         60        740      29115   tasks.o
       704         64          0         20        100       3904   timer.o
      1310        312          0         20         40       8671   timers.o
       168         20          0          6        200       3472   usart.o
       424         36          0         20         20     244632   vision.o

    ----------------------------------------------------------------------
     22848       3356        434        356      24008    2170438   Object Totals
         0          0         32          0          0          0   (incl. Generated)
        22          0          0          4          3          0   (incl. Padding)

    ----------------------------------------------------------------------

      Code (inc. data)   RO Data    RW Data    ZI Data      Debug   Library Member Name

        90          0          0          0          0          0   __dczerorl2.o
         8          0          0          0          0         68   __main.o
       104          0          0          0          0         84   __printf.o
         0          0          0          0          0          0   __rtentry.o
        12          0          0          0          0          0   __rtentry2.o
         6          0          0          0          0          0   __rtentry4.o
        52          8          0          0          0          0   __scatter.o
        28          0          0          0          0          0   __scatter_zi.o
        44          0          0          0          0        108   _printf_char.o
        48          6          0          0          0         96   _printf_char_common.o
        36          4          0          0          0         80   _printf_char_file.o
         6          0          0          0          0          0   _printf_d.o
       120         16          0          0          0         92   _printf_dec.o
       178          0          0          0          0         88   _printf_intcommon.o
         0          0          0          0          0          0   _printf_percent.o
         4          0          0          0          0          0   _printf_percent_end.o
         6          0          0          0          0          0   _printf_s.o
        82          0          0          0          0         80   _printf_str.o
        16          0          0          0          0         68   aeabi_memset.o
        18          0          0          0          0         80   exit.o
         8          0          0          0          0         68   ferror.o
         6          0          0          0          0        152   heapauxi.o
         2          0          0          0          0          0   libinit.o
         6          0          0          0          0          0   libinit2.o
         2          0          0          0          0          0   libshutdown.o
         2          0          0          0          0          0   libshutdown2.o
         8          4          0          0         96         68   libspace.o
        24          4          0          0          0         84   noretval__2printf.o
        68          0          0          0          0         68   rt_memclr.o
        78          0          0          0          0         80   rt_memclr_w.o
       138          0          0          0          0         68   rt_memcpy_v6.o
       100          0          0          0          0         80   rt_memcpy_w.o
         2          0          0          0          0          0   rtexit.o
        10          0          0          0          0          0   rtexit2.o
        74          0          0          0          0         80   sys_stackheap_outer.o
         2          0          0          0          0         68   use_no_semi.o
         2          0          0          0          0         68   use_no_semi_2.o
        10          0          0          0          0        116   fpinit.o

    ----------------------------------------------------------------------
      1410         42          0          0        100       1844   Library Totals
        10          0          0          0          4          0   (incl. Padding)

    ----------------------------------------------------------------------

      Code (inc. data)   RO Data    RW Data    ZI Data      Debug   Library Name

      1390         42          0          0         96       1728   c_w.l
        10          0          0          0          0        116   fz_wm.l

    ----------------------------------------------------------------------
      1410         42          0          0        100       1844   Library Totals

    ----------------------------------------------------------------------

==============================================================================


      Code (inc. data)   RO Data    RW Data    ZI Data      Debug   

     24258       3398        434        356      24108    2155298   Grand Totals
     24258       3398        434         28      24108    2155298   ELF Image Totals (compressed)
     24258       3398        434         28          0          0   ROM Totals

==============================================================================

    Total RO  Size (Code + RO Data)                24692 (  24.11kB)
    Total RW  Size (RW Data + ZI Data)             24464 (  23.89kB)
    Total ROM Size (Code + RO Data + RW Data)      24720 (  24.14kB)

==============================================================================

